Component: Arm Compiler for Embedded 6.23 Tool: armlink [5f102400]

==============================================================================

Section Cross References

    startup_n32h47x_48x.o(RESET) refers to startup_n32h47x_48x.o(STACK) for __initial_sp
    startup_n32h47x_48x.o(RESET) refers to startup_n32h47x_48x.o(.text) for Reset_Handler
    startup_n32h47x_48x.o(RESET) refers to n32h47x_48x_it.o(.text) for NMI_Handler
    startup_n32h47x_48x.o(.text) refers to system_n32h47x_48x.o(.text) for SystemInit
    startup_n32h47x_48x.o(.text) refers to entry.o(.ARM.Collect$$$$00000000) for __main
    system_n32h47x_48x.o(.text) refers to system_n32h47x_48x.o(.data.SystemCoreClock) for SystemCoreClock
    system_n32h47x_48x.o(.ARM.exidx) refers to system_n32h47x_48x.o(.text) for [Anonymous Symbol]
    main.o(.text) refers to n32h47x_48x_cfg.o(.text) for RCC_Configuration
    main.o(.ARM.exidx) refers to main.o(.text) for [Anonymous Symbol]
    n32h47x_48x_it.o(.text) refers to n32h47x_48x_cfg.o(.bss.mwTick) for mwTick
    n32h47x_48x_it.o(.ARM.exidx) refers to n32h47x_48x_it.o(.text) for [Anonymous Symbol]
    n32h47x_48x_cfg.o(.text) refers to n32h47x_48x_cfg.o(.bss.mwTick) for mwTick
    n32h47x_48x_cfg.o(.text) refers to n32h47x_48x_rcc_1.o(.text) for RCC_EnableAHBPeriphReset
    n32h47x_48x_cfg.o(.text) refers to n32h47x_48x_flash_1.o(.text) for FLASH_PrefetchBufSet
    n32h47x_48x_cfg.o(.text) refers to n32h47x_48x_pwr_1.o(.text) for PWR_BackupAccessEnable
    n32h47x_48x_cfg.o(.text) refers to misc_1.o(.text) for NVIC_PriorityGroupConfig
    n32h47x_48x_cfg.o(.text) refers to n32h47x_48x_gpio_1.o(.text) for GPIO_InitStruct
    n32h47x_48x_cfg.o(.text) refers to n32h47x_48x_usart_1.o(.text) for USART_StructInit
    n32h47x_48x_cfg.o(.text) refers to n32h47x_48x_dac_1.o(.text) for DAC_StructInit
    n32h47x_48x_cfg.o(.text) refers to n32h47x_48x_adc_1.o(.text) for ADC_EnableCH1PositiveEndConnetPGA_P
    n32h47x_48x_cfg.o(.text) refers to n32h47x_48x_crc_1.o(.text) for CRC32_ResetCrc
    n32h47x_48x_cfg.o(.text) refers to n32h47x_48x_shrtim_1.o(.text) for SHRTIM_TIM_SetPrescaler
    n32h47x_48x_cfg.o(.ARM.exidx) refers to n32h47x_48x_cfg.o(.text) for [Anonymous Symbol]
    n32h47x_48x_flash_1.o(.ARM.exidx) refers to n32h47x_48x_flash_1.o(.text) for [Anonymous Symbol]
    n32h47x_48x_rcc_1.o(.text) refers to uldiv.o(.text) for __aeabi_uldivmod
    n32h47x_48x_rcc_1.o(.text) refers to dfltul.o(.text) for __aeabi_ul2d
    n32h47x_48x_rcc_1.o(.text) refers to floor.o(i.__hardfp_floor) for __hardfp_floor
    n32h47x_48x_rcc_1.o(.text) refers to dfixui.o(.text) for __aeabi_d2uiz
    n32h47x_48x_rcc_1.o(.text) refers to dfltui.o(.text) for __aeabi_ui2d
    n32h47x_48x_rcc_1.o(.ARM.exidx) refers to n32h47x_48x_rcc_1.o(.text) for [Anonymous Symbol]
    misc_1.o(.ARM.exidx) refers to misc_1.o(.text) for [Anonymous Symbol]
    n32h47x_48x_dma_1.o(.ARM.exidx) refers to n32h47x_48x_dma_1.o(.text) for [Anonymous Symbol]
    n32h47x_48x_gpio_1.o(.text) refers to n32h47x_48x_rcc_1.o(.text) for RCC_EnableAHBPeriphReset
    n32h47x_48x_gpio_1.o(.ARM.exidx) refers to n32h47x_48x_gpio_1.o(.text) for [Anonymous Symbol]
    n32h47x_48x_usart_1.o(.text) refers to n32h47x_48x_rcc_1.o(.text) for RCC_EnableAPB2PeriphReset
    n32h47x_48x_usart_1.o(.ARM.exidx) refers to n32h47x_48x_usart_1.o(.text) for [Anonymous Symbol]
    n32h47x_48x_fdcan_1.o(.text) refers to n32h47x_48x_rcc_1.o(.text) for RCC_EnableAPB1PeriphReset
    n32h47x_48x_fdcan_1.o(.text) refers to n32h47x_48x_fdcan_1.o(.rodata..L__const.FDCAN_Init.SizeToReg) for .L__const.FDCAN_Init.SizeToReg
    n32h47x_48x_fdcan_1.o(.text) refers to memcpya.o(.text) for __aeabi_memcpy
    n32h47x_48x_fdcan_1.o(.text) refers to n32h47x_48x_fdcan_1.o(.bss.pMsgRam) for pMsgRam
    n32h47x_48x_fdcan_1.o(.text) refers to n32h47x_48x_fdcan_1.o(.rodata.DLCtoBytes) for DLCtoBytes
    n32h47x_48x_fdcan_1.o(.ARM.exidx) refers to n32h47x_48x_fdcan_1.o(.text) for [Anonymous Symbol]
    n32h47x_48x_i2c_1.o(.text) refers to n32h47x_48x_rcc_1.o(.text) for RCC_EnableAPB1PeriphReset
    n32h47x_48x_i2c_1.o(.ARM.exidx) refers to n32h47x_48x_i2c_1.o(.text) for [Anonymous Symbol]
    n32h47x_48x_dac_1.o(.text) refers to n32h47x_48x_rcc_1.o(.text) for RCC_EnableAPB1PeriphReset
    n32h47x_48x_dac_1.o(.ARM.exidx) refers to n32h47x_48x_dac_1.o(.text) for [Anonymous Symbol]
    n32h47x_48x_rtc_1.o(.ARM.exidx) refers to n32h47x_48x_rtc_1.o(.text) for [Anonymous Symbol]
    n32h47x_48x_adc_1.o(.text) refers to n32h47x_48x_rcc_1.o(.text) for RCC_EnableAHBPeriphReset
    n32h47x_48x_adc_1.o(.ARM.exidx) refers to n32h47x_48x_adc_1.o(.text) for [Anonymous Symbol]
    n32h47x_48x_cordic_1.o(.text) refers to n32h47x_48x_rcc_1.o(.text) for RCC_EnableAHBPeriphReset
    n32h47x_48x_cordic_1.o(.ARM.exidx) refers to n32h47x_48x_cordic_1.o(.text) for [Anonymous Symbol]
    n32h47x_48x_crc_1.o(.ARM.exidx) refers to n32h47x_48x_crc_1.o(.text) for [Anonymous Symbol]
[...]
    XSPI_DESRangeSet                         0x08002671   Thumb Code    34  n32h47x_48x_flash_1.o(.text)
    FEMC_DESRangeSet                         0x08002695   Thumb Code    34  n32h47x_48x_flash_1.o(.text)
    RTP_DESKeySet                            0x080026b9   Thumb Code    40  n32h47x_48x_flash_1.o(.text)
    GetRTP_DESKeyWnum                        0x080026e1   Thumb Code    16  n32h47x_48x_flash_1.o(.text)
    Jtag_SealSet                             0x080026f1   Thumb Code    48  n32h47x_48x_flash_1.o(.text)
    XSPI_FEMC_DESSet                         0x08002721   Thumb Code    52  n32h47x_48x_flash_1.o(.text)
    Get_XFUID                                0x08002755   Thumb Code    16  n32h47x_48x_flash_1.o(.text)
    Get_CCMUID                               0x08002765   Thumb Code    16  n32h47x_48x_flash_1.o(.text)
    RCC_DeInit                               0x08002775   Thumb Code   230  n32h47x_48x_rcc_1.o(.text)
    RCC_ConfigHse                            0x0800285d   Thumb Code    88  n32h47x_48x_rcc_1.o(.text)
    RCC_WaitHseStable                        0x080028b5   Thumb Code   130  n32h47x_48x_rcc_1.o(.text)
    RCC_GetClocksFreqValue                   0x08002939   Thumb Code   784  n32h47x_48x_rcc_1.o(.text)
    RCC_GetFlagStatus                        0x08002c49   Thumb Code   182  n32h47x_48x_rcc_1.o(.text)
    RCC_EnableHSEClockSecuritySystem         0x08002d01   Thumb Code    54  n32h47x_48x_rcc_1.o(.text)
    RCC_EnableHSECSSChk                      0x08002d39   Thumb Code    56  n32h47x_48x_rcc_1.o(.text)
    RCC_SetHSECSSFrequencyChangeLimit        0x08002d71   Thumb Code    46  n32h47x_48x_rcc_1.o(.text)
    RCC_SetHSECSSFrequencyHighLimit          0x08002da1   Thumb Code    46  n32h47x_48x_rcc_1.o(.text)
    RCC_SetHSECSSFrequencyLowLimit           0x08002dd1   Thumb Code    44  n32h47x_48x_rcc_1.o(.text)
    RCC_GetHSECSSStatus                      0x08002dfd   Thumb Code    46  n32h47x_48x_rcc_1.o(.text)
    RCC_SetHsiCalibValue                     0x08002e2d   Thumb Code    46  n32h47x_48x_rcc_1.o(.text)
    RCC_EnableHsi                            0x08002e5d   Thumb Code    56  n32h47x_48x_rcc_1.o(.text)
    RCC_WaitHsiStable                        0x08002e95   Thumb Code   130  n32h47x_48x_rcc_1.o(.text)
    RCC_EnableHSIClockSecuritySystem         0x08002f19   Thumb Code    54  n32h47x_48x_rcc_1.o(.text)
    RCC_ConfigPll                            0x08002f51   Thumb Code   176  n32h47x_48x_rcc_1.o(.text)
    RCC_EnablePll                            0x08003001   Thumb Code    56  n32h47x_48x_rcc_1.o(.text)
    RCC_ConfigSHRTPll                        0x08003039   Thumb Code   766  n32h47x_48x_rcc_1.o(.text)
    RCC_EnableAHBPeriphReset                 0x08003339   Thumb Code   186  n32h47x_48x_rcc_1.o(.text)
    RCC_ConfigSysclk                         0x080033f5   Thumb Code   108  n32h47x_48x_rcc_1.o(.text)
    RCC_GetSysclkSrc                         0x08003461   Thumb Code    16  n32h47x_48x_rcc_1.o(.text)
    RCC_ConfigHclk                           0x08003471   Thumb Code    40  n32h47x_48x_rcc_1.o(.text)
    RCC_ConfigPclk1                          0x08003499   Thumb Code    40  n32h47x_48x_rcc_1.o(.text)
    RCC_ConfigPclk2                          0x080034c1   Thumb Code    42  n32h47x_48x_rcc_1.o(.text)
    RCC_ConfigInt                            0x080034ed   Thumb Code   122  n32h47x_48x_rcc_1.o(.text)
    RCC_ConfigATimClk                        0x08003569   Thumb Code    40  n32h47x_48x_rcc_1.o(.text)
    RCC_ConfigGTimClk                        0x08003591   Thumb Code    40  n32h47x_48x_rcc_1.o(.text)
    RCC_ConfigI2S3Clk                        0x080035b9   Thumb Code    40  n32h47x_48x_rcc_1.o(.text)
    RCC_ConfigI2S2Clk                        0x080035e1   Thumb Code    40  n32h47x_48x_rcc_1.o(.text)
    RCC_ConfigRngcClk                        0x08003609   Thumb Code    40  n32h47x_48x_rcc_1.o(.text)
    RCC_ConfigTrng1mClk                      0x08003631   Thumb Code    58  n32h47x_48x_rcc_1.o(.text)
    RCC_EnableTrng1mClk                      0x0800366d   Thumb Code    54  n32h47x_48x_rcc_1.o(.text)
    RCC_EnableBORReset                       0x080036a5   Thumb Code    54  n32h47x_48x_rcc_1.o(.text)
    RCC_EnableSHRTPLLPHAReset                0x080036dd   Thumb Code    54  n32h47x_48x_rcc_1.o(.text)
    RCC_ConfigFDCANPllClk                    0x08003715   Thumb Code    40  n32h47x_48x_rcc_1.o(.text)
    RCC_ConfigFDCANClksrc                    0x0800373d   Thumb Code    40  n32h47x_48x_rcc_1.o(.text)
    RCC_ConfigTraceClk                       0x08003765   Thumb Code    40  n32h47x_48x_rcc_1.o(.text)
    RCC_ConfigUSBPLLPresClk                  0x0800378d   Thumb Code    58  n32h47x_48x_rcc_1.o(.text)
    RCC_ConfigUSBFSClk                       0x080037c9   Thumb Code    40  n32h47x_48x_rcc_1.o(.text)
    RCC_ConfigUSBHSClk                       0x080037f1   Thumb Code    40  n32h47x_48x_rcc_1.o(.text)
    RCC_ConfigUSBHSBandwidth                 0x08003819   Thumb Code    40  n32h47x_48x_rcc_1.o(.text)
    RCC_ConfigUSBHSFrequency                 0x08003841   Thumb Code    40  n32h47x_48x_rcc_1.o(.text)
    RCC_ConfigAdc1mClk                       0x08003869   Thumb Code    58  n32h47x_48x_rcc_1.o(.text)
    RCC_ConfigAdcPllClk                      0x080038a5   Thumb Code    52  n32h47x_48x_rcc_1.o(.text)
    RCC_ConfigAdcHclk                        0x080038d9   Thumb Code    40  n32h47x_48x_rcc_1.o(.text)
    RCC_EnableLsi                            0x08003901   Thumb Code    56  n32h47x_48x_rcc_1.o(.text)
    RCC_WaitLsiStable                        0x08003939   Thumb Code   130  n32h47x_48x_rcc_1.o(.text)
    RCC_ConfigLse                            0x080039bd   Thumb Code    88  n32h47x_48x_rcc_1.o(.text)
    RCC_EnableLSEClockSecuritySystem         0x08003a15   Thumb Code    54  n32h47x_48x_rcc_1.o(.text)
    RCC_WaitLseStable                        0x08003a4d   Thumb Code   130  n32h47x_48x_rcc_1.o(.text)
    RCC_ConfigRtcClk                         0x08003ad1   Thumb Code    40  n32h47x_48x_rcc_1.o(.text)
    RCC_EnableRtcClk                         0x08003af9   Thumb Code    56  n32h47x_48x_rcc_1.o(.text)
    RCC_ConfigLPTIM1Clk                      0x08003b31   Thumb Code   132  n32h47x_48x_rcc_1.o(.text)
    RCC_ConfigLPTIM2Clk                      0x08003bb5   Thumb Code   138  n32h47x_48x_rcc_1.o(.text)
    RCC_EnableLPTIMPeriphClk                 0x08003c41   Thumb Code    56  n32h47x_48x_rcc_1.o(.text)
    RCC_EnableLPTIMPeriphReset               0x08003c79   Thumb Code    32  n32h47x_48x_rcc_1.o(.text)
    RCC_EnableBackupReset                    0x08003c99   Thumb Code    26  n32h47x_48x_rcc_1.o(.text)
    RCC_EnableFDCANOffRequest                0x08003cb5   Thumb Code    56  n32h47x_48x_rcc_1.o(.text)
    RCC_EnableAHBPeriphClk                   0x08003ced   Thumb Code    56  n32h47x_48x_rcc_1.o(.text)
    RCC_EnableAHB1PeriphClk                  0x08003d25   Thumb Code    56  n32h47x_48x_rcc_1.o(.text)
    RCC_EnableAPB2PeriphClk                  0x08003d5d   Thumb Code    56  n32h47x_48x_rcc_1.o(.text)
    RCC_EnableAPB1PeriphClk                  0x08003d95   Thumb Code    56  n32h47x_48x_rcc_1.o(.text)
    RCC_EnableAPB2PeriphReset                0x08003dcd   Thumb Code    32  n32h47x_48x_rcc_1.o(.text)
    RCC_EnableAPB1PeriphReset                0x08003ded   Thumb Code    32  n32h47x_48x_rcc_1.o(.text)
    RCC_ConfigMcoClkPre                      0x08003e0d   Thumb Code    40  n32h47x_48x_rcc_1.o(.text)
    RCC_ConfigMco1                           0x08003e35   Thumb Code   108  n32h47x_48x_rcc_1.o(.text)
    RCC_ConfigMco2                           0x08003ea1   Thumb Code   106  n32h47x_48x_rcc_1.o(.text)
    RCC_EnableRemap                          0x08003f0d   Thumb Code    38  n32h47x_48x_rcc_1.o(.text)
    RCC_ConfigRemapMode                      0x08003f35   Thumb Code    40  n32h47x_48x_rcc_1.o(.text)
    RCC_ClearResetFlag                       0x08003f5d   Thumb Code    26  n32h47x_48x_rcc_1.o(.text)
    RCC_GetIntStatus                         0x08003f79   Thumb Code    46  n32h47x_48x_rcc_1.o(.text)
    RCC_ClrIntPendingBit                     0x08003fa9   Thumb Code    24  n32h47x_48x_rcc_1.o(.text)
    NVIC_PriorityGroupConfig                 0x08003fc1   Thumb Code    28  misc_1.o(.text)
    NVIC_Init                                0x08003fdd   Thumb Code   164  misc_1.o(.text)
    NVIC_SetVectorTable                      0x08004081   Thumb Code    36  misc_1.o(.text)
    NVIC_SystemLPConfig                      0x080040a5   Thumb Code    62  misc_1.o(.text)
    SysTick_CLKSourceConfig                  0x080040e5   Thumb Code    52  misc_1.o(.text)
    GPIO_DeInit                              0x08004119   Thumb Code   234  n32h47x_48x_gpio_1.o(.text)
    GPIO_DeInitPin                           0x08004205   Thumb Code   622  n32h47x_48x_gpio_1.o(.text)
    GPIO_AFIOInitDefault                     0x08004475   Thumb Code    10  n32h47x_48x_gpio_1.o(.text)
    GPIO_InitPeripheral                      0x08004481   Thumb Code   354  n32h47x_48x_gpio_1.o(.text)
    GPIO_InitStruct                          0x080045e5   Thumb Code    36  n32h47x_48x_gpio_1.o(.text)
    GPIO_ReadInputDataBit                    0x08004609   Thumb Code    46  n32h47x_48x_gpio_1.o(.text)
    GPIO_ReadInputData                       0x08004639   Thumb Code    14  n32h47x_48x_gpio_1.o(.text)
    GPIO_ReadOutputDataBit                   0x08004649   Thumb Code    46  n32h47x_48x_gpio_1.o(.text)
    GPIO_ReadOutputData                      0x08004679   Thumb Code    14  n32h47x_48x_gpio_1.o(.text)
    GPIO_SetBits                             0x08004689   Thumb Code    20  n32h47x_48x_gpio_1.o(.text)
    GPIO_ResetBits                           0x0800469d   Thumb Code    20  n32h47x_48x_gpio_1.o(.text)
    GPIO_WriteBits                           0x080046b1   Thumb Code    44  n32h47x_48x_gpio_1.o(.text)
    GPIO_Write                               0x080046dd   Thumb Code    20  n32h47x_48x_gpio_1.o(.text)
    GPIO_TogglePin                           0x080046f1   Thumb Code    24  n32h47x_48x_gpio_1.o(.text)
    GPIO_ConfigPinLock                       0x08004709   Thumb Code    60  n32h47x_48x_gpio_1.o(.text)
    GPIO_ConfigEXTILine                      0x08004745   Thumb Code   100  n32h47x_48x_gpio_1.o(.text)
    GPIO_ConfigPinRemap                      0x080047a9   Thumb Code   150  n32h47x_48x_gpio_1.o(.text)
    AFIO_Config_SPI_NSS_Mode                 0x08004841   Thumb Code    64  n32h47x_48x_gpio_1.o(.text)
    AFIO_ConfigIOFilter                      0x08004881   Thumb Code    76  n32h47x_48x_gpio_1.o(.text)
    AFIO_Config_FEMC_NADV_Pin                0x080048cd   Thumb Code    62  n32h47x_48x_gpio_1.o(.text)
    AFIO_Config_EXTI_Filter                  0x0800490d   Thumb Code    62  n32h47x_48x_gpio_1.o(.text)
    AFIO_Config_XSPI_XIP_BigEndian           0x0800494d   Thumb Code    66  n32h47x_48x_gpio_1.o(.text)
    AFIO_Config_XSPI_HalfDuplexMode          0x08004991   Thumb Code    62  n32h47x_48x_gpio_1.o(.text)
    AFIO_Config_XSPI_DualQuadMode            0x080049d1   Thumb Code    62  n32h47x_48x_gpio_1.o(.text)
    AFIO_Config_ETH_Mode                     0x08004a11   Thumb Code    62  n32h47x_48x_gpio_1.o(.text)
    AFIO_Config_XSPI_NSS_Input               0x08004a51   Thumb Code    90  n32h47x_48x_gpio_1.o(.text)
    AFIO_Config_XSPI_RXDS_SampleDelay        0x08004aad   Thumb Code    40  n32h47x_48x_gpio_1.o(.text)
    AFIO_Config_XSPI_BigEndian_Read          0x08004ad5   Thumb Code    50  n32h47x_48x_gpio_1.o(.text)
    AFIO_Config_XSPI_BigEndian_Write         0x08004b09   Thumb Code    50  n32h47x_48x_gpio_1.o(.text)
    AFIO_Config_XSPI_TimeExtension           0x08004b3d   Thumb Code    40  n32h47x_48x_gpio_1.o(.text)
    AFIO_Config_XSPI_NSS_HighTime            0x08004b65   Thumb Code    40  n32h47x_48x_gpio_1.o(.text)
    AFIO_ConfigPinAnalogSignalChannel        0x08004b8d   Thumb Code   114  n32h47x_48x_gpio_1.o(.text)
    AFIO_ConfigPinFilter                     0x08004c01   Thumb Code   114  n32h47x_48x_gpio_1.o(.text)
    AFIO_Config_GPIOC_ReadRegDelay           0x08004c75   Thumb Code    54  n32h47x_48x_gpio_1.o(.text)
    AFIO_Config_SHRTIM_EXEV_Pin              0x08004cad   Thumb Code   100  n32h47x_48x_gpio_1.o(.text)
    AFIO_Config_EMC_Funtion                  0x08004d11   Thumb Code    56  n32h47x_48x_gpio_1.o(.text)
    AFIO_Set_EMC_Cnt                         0x08004d49   Thumb Code    42  n32h47x_48x_gpio_1.o(.text)
    AFIO_Get_EMC_Cnt                         0x08004d75   Thumb Code    16  n32h47x_48x_gpio_1.o(.text)
    USART_DeInit                             0x08004d85   Thumb Code   218  n32h47x_48x_usart_1.o(.text)
    USART_Init                               0x08004e61   Thumb Code   404  n32h47x_48x_usart_1.o(.text)
    USART_StructInit                         0x08004ff5   Thumb Code    44  n32h47x_48x_usart_1.o(.text)
    USART_ClockInit                          0x08005021   Thumb Code    52  n32h47x_48x_usart_1.o(.text)
    USART_ClockStructInit                    0x08005055   Thumb Code    26  n32h47x_48x_usart_1.o(.text)
    USART_Enable                             0x08005071   Thumb Code    44  n32h47x_48x_usart_1.o(.text)
    USART_ConfigInt                          0x0800509d   Thumb Code   124  n32h47x_48x_usart_1.o(.text)
    USART_EnableDMA                          0x08005119   Thumb Code    46  n32h47x_48x_usart_1.o(.text)
    USART_SetAddr                            0x08005149   Thumb Code    34  n32h47x_48x_usart_1.o(.text)
    USART_ConfigWakeUpMode                   0x0800516d   Thumb Code    30  n32h47x_48x_usart_1.o(.text)
    USART_EnableRcvWakeUp                    0x0800518d   Thumb Code    44  n32h47x_48x_usart_1.o(.text)
    USART_ConfigLINBreakDetectLength         0x080051b9   Thumb Code    30  n32h47x_48x_usart_1.o(.text)
    USART_EnableLIN                          0x080051d9   Thumb Code    44  n32h47x_48x_usart_1.o(.text)
    USART_SendData                           0x08005205   Thumb Code    20  n32h47x_48x_usart_1.o(.text)
    USART_ReceiveData                        0x08005219   Thumb Code    16  n32h47x_48x_usart_1.o(.text)
    USART_SendBreak                          0x08005229   Thumb Code    18  n32h47x_48x_usart_1.o(.text)
    USART_SetGuardTime                       0x0800523d   Thumb Code    36  n32h47x_48x_usart_1.o(.text)
    USART_SetPrescaler                       0x08005261   Thumb Code    34  n32h47x_48x_usart_1.o(.text)
    USART_EnableSmartCard                    0x08005285   Thumb Code    44  n32h47x_48x_usart_1.o(.text)
    USART_SetSmartCardNACK                   0x080052b1   Thumb Code    44  n32h47x_48x_usart_1.o(.text)
    USART_EnableHalfDuplex                   0x080052dd   Thumb Code    44  n32h47x_48x_usart_1.o(.text)
    USART_ConfigIrDAMode                     0x08005309   Thumb Code    30  n32h47x_48x_usart_1.o(.text)
    USART_EnableIrDA                         0x08005329   Thumb Code    44  n32h47x_48x_usart_1.o(.text)
    USART_GetFlagStatus                      0x08005355   Thumb Code    42  n32h47x_48x_usart_1.o(.text)
    USART_ClrFlag                            0x08005381   Thumb Code    44  n32h47x_48x_usart_1.o(.text)
    USART_ClrRTOFlag                         0x080053ad   Thumb Code    86  n32h47x_48x_usart_1.o(.text)
    USART_GetIntStatus                       0x08005405   Thumb Code   132  n32h47x_48x_usart_1.o(.text)
    USART_IdleFrameSet                       0x08005489   Thumb Code    46  n32h47x_48x_usart_1.o(.text)
    USART_PinSwapSet                         0x080054b9   Thumb Code    46  n32h47x_48x_usart_1.o(.text)
    USART_CfgDriverAssertTime                0x080054e9   Thumb Code    32  n32h47x_48x_usart_1.o(.text)
    USART_CfgDriverdeassertTime              0x08005509   Thumb Code    32  n32h47x_48x_usart_1.o(.text)
    USART_DriverPolaritySet                  0x08005529   Thumb Code    46  n32h47x_48x_usart_1.o(.text)
    USART_DriverModeSet                      0x08005559   Thumb Code    46  n32h47x_48x_usart_1.o(.text)
    USART_FEFDiscardSet                      0x08005589   Thumb Code    46  n32h47x_48x_usart_1.o(.text)
    USART_NEFDiscardSet                      0x080055b9   Thumb Code    46  n32h47x_48x_usart_1.o(.text)
    USART_PEFDiscardSet                      0x080055e9   Thumb Code    46  n32h47x_48x_usart_1.o(.text)
    USART_RTOSet                             0x08005619   Thumb Code    46  n32h47x_48x_usart_1.o(.text)
    USART_GetTxFIFO_Num                      0x08005649   Thumb Code    16  n32h47x_48x_usart_1.o(.text)
    USART_GetRxFIFO_Num                      0x08005659   Thumb Code    16  n32h47x_48x_usart_1.o(.text)
    USART_CfgRxFIFOThreshold                 0x08005669   Thumb Code    32  n32h47x_48x_usart_1.o(.text)
    USART_CfgTxFIFOThreshold                 0x08005689   Thumb Code    32  n32h47x_48x_usart_1.o(.text)
    USART_ClrFIFO                            0x080056a9   Thumb Code    18  n32h47x_48x_usart_1.o(.text)
    USART_FIFOModeSet                        0x080056bd   Thumb Code    46  n32h47x_48x_usart_1.o(.text)
    USART_IdleFrameWidthSet                  0x080056ed   Thumb Code    16  n32h47x_48x_usart_1.o(.text)
    USART_CfgRTOWidth                        0x080056fd   Thumb Code    16  n32h47x_48x_usart_1.o(.text)
    DAC_DeInit                               0x0800570d   Thumb Code   120  n32h47x_48x_dac_1.o(.text)
    DAC_StructInit                           0x08005785   Thumb Code    50  n32h47x_48x_dac_1.o(.text)
    DAC_Init                                 0x080057b9   Thumb Code   426  n32h47x_48x_dac_1.o(.text)
    DAC_Enable                               0x080059e9   Thumb Code   104  n32h47x_48x_dac_1.o(.text)
    DAC_DmaEnable                            0x08005a51   Thumb Code   104  n32h47x_48x_dac_1.o(.text)
    DAC_SoftTrgEnable                        0x08005ab9   Thumb Code   104  n32h47x_48x_dac_1.o(.text)
    DAC_SoftTrgSawStepEnable                 0x08005b21   Thumb Code   104  n32h47x_48x_dac_1.o(.text)
    DAC_DualSoftwareTrgEnable                0x08005b89   Thumb Code    44  n32h47x_48x_dac_1.o(.text)
    DAC_DualSoftwareTrgSawStepEnable         0x08005bb5   Thumb Code    44  n32h47x_48x_dac_1.o(.text)
    DAC_WaveGenerationConfig                 0x08005be1   Thumb Code    84  n32h47x_48x_dac_1.o(.text)
    DAC_SetData                              0x08005c35   Thumb Code    74  n32h47x_48x_dac_1.o(.text)
    DAC_SetDualChData                        0x08005c81   Thumb Code    76  n32h47x_48x_dac_1.o(.text)
    DAC_GetOutputDataVal                     0x08005ccd   Thumb Code    58  n32h47x_48x_dac_1.o(.text)
    DAC_SetSawtoothResetValue                0x08005d09   Thumb Code    92  n32h47x_48x_dac_1.o(.text)
    DAC_SetSawtoothStepValue                 0x08005d65   Thumb Code    92  n32h47x_48x_dac_1.o(.text)
    DAC_CaliEnable                           0x08005dc1   Thumb Code   104  n32h47x_48x_dac_1.o(.text)
    DAC_ConnetToOnChipEnable                 0x08005e29   Thumb Code   104  n32h47x_48x_dac_1.o(.text)
    DAC_ConnetToExternalPinEnable            0x08005e91   Thumb Code   104  n32h47x_48x_dac_1.o(.text)
    DAC_DMADoubleDataModeEnable              0x08005ef9   Thumb Code   104  n32h47x_48x_dac_1.o(.text)
    DAC_SignFormatModeEnable                 0x08005f61   Thumb Code   104  n32h47x_48x_dac_1.o(.text)
    DAC_HighDriveAbilityEnable               0x08005fc9   Thumb Code   104  n32h47x_48x_dac_1.o(.text)
    DAC_GetFlagSts                           0x08006031   Thumb Code    82  n32h47x_48x_dac_1.o(.text)
    DAC_ClearFlag                            0x08006085   Thumb Code    52  n32h47x_48x_dac_1.o(.text)
    DAC_ConfigInt                            0x080060b9   Thumb Code   114  n32h47x_48x_dac_1.o(.text)
    DAC_GetIntSts                            0x0800612d   Thumb Code    82  n32h47x_48x_dac_1.o(.text)
    DAC_ClearITPendingBit                    0x08006181   Thumb Code    52  n32h47x_48x_dac_1.o(.text)
    DAC_ConfigClkPrescaler                   0x080061b5   Thumb Code    90  n32h47x_48x_dac_1.o(.text)
    DAC_SetHighFrequencyMode                 0x08006211   Thumb Code    38  n32h47x_48x_dac_1.o(.text)
    DAC_SetUserTrimming                      0x08006239   Thumb Code    90  n32h47x_48x_dac_1.o(.text)
    ADC_DeInit                               0x08006295   Thumb Code   182  n32h47x_48x_adc_1.o(.text)
    ADC_Init                                 0x0800634d   Thumb Code   210  n32h47x_48x_adc_1.o(.text)
    ADC_InitStruct                           0x08006421   Thumb Code    44  n32h47x_48x_adc_1.o(.text)
    ADC_Enable                               0x0800644d   Thumb Code    44  n32h47x_48x_adc_1.o(.text)
    ADC_SetDMATransferMode                   0x08006479   Thumb Code    38  n32h47x_48x_adc_1.o(.text)
    ADC_CalibrationOperation                 0x080064a1   Thumb Code    56  n32h47x_48x_adc_1.o(.text)
    ADC_CalibrationReset                     0x080064d9   Thumb Code    56  n32h47x_48x_adc_1.o(.text)
    ADC_GetCalibrationStatus                 0x08006511   Thumb Code   100  n32h47x_48x_adc_1.o(.text)
    ADC_SetMultiTwoSamplingDelay             0x08006575   Thumb Code    38  n32h47x_48x_adc_1.o(.text)
    ADC_ConfigDiscModeChannelCount           0x0800659d   Thumb Code    50  n32h47x_48x_adc_1.o(.text)
    ADC_EnableAutoInjectedConv               0x080065d1   Thumb Code    44  n32h47x_48x_adc_1.o(.text)
    ADC_EnableDiscMode                       0x080065fd   Thumb Code    44  n32h47x_48x_adc_1.o(.text)
    ADC_EnableInjectedDiscMode               0x08006629   Thumb Code    44  n32h47x_48x_adc_1.o(.text)
    ADC_ConfigRegularChannel                 0x08006655   Thumb Code   444  n32h47x_48x_adc_1.o(.text)
    ADC_GetDat                               0x08006811   Thumb Code    16  n32h47x_48x_adc_1.o(.text)
    ADC_GetMutiModeConversionDat             0x08006821   Thumb Code    70  n32h47x_48x_adc_1.o(.text)
    ADC_SetRegularTriggerEdge                0x08006869   Thumb Code    38  n32h47x_48x_adc_1.o(.text)
    ADC_SetInjectTriggerEdge                 0x08006891   Thumb Code    38  n32h47x_48x_adc_1.o(.text)
    ADC_ConfigExternalTrigRegularConv        0x080068b9   Thumb Code    44  n32h47x_48x_adc_1.o(.text)
    ADC_ConfigExternalTrigInjectedConv       0x080068e5   Thumb Code    40  n32h47x_48x_adc_1.o(.text)
    ADC_EnableSoftwareStartConv              0x0800690d   Thumb Code    44  n32h47x_48x_adc_1.o(.text)
    ADC_GetSoftwareStartConvStatus           0x08006939   Thumb Code    40  n32h47x_48x_adc_1.o(.text)
    ADC_EnableSoftwareStartInjectedConv      0x08006961   Thumb Code    44  n32h47x_48x_adc_1.o(.text)
    ADC_GetSoftwareStartInjectedConvCmdStatus 0x0800698d   Thumb Code    40  n32h47x_48x_adc_1.o(.text)
    ADC_StopInjectedConv                     0x080069b5   Thumb Code    18  n32h47x_48x_adc_1.o(.text)
    ADC_StopRegularConv                      0x080069c9   Thumb Code    18  n32h47x_48x_adc_1.o(.text)
    ADC_GetGainCompensationCmdStatus         0x080069dd   Thumb Code    40  n32h47x_48x_adc_1.o(.text)
    ADC_EnableTempSensorVrefint              0x08006a05   Thumb Code    90  n32h47x_48x_adc_1.o(.text)
    ADC_ConfigInjectedChannel                0x08006a61   Thumb Code   310  n32h47x_48x_adc_1.o(.text)
    ADC_ConfigInjectedSequencerLength        0x08006b99   Thumb Code    50  n32h47x_48x_adc_1.o(.text)
    ADC_SetOffsetConfig                      0x08006bcd   Thumb Code   112  n32h47x_48x_adc_1.o(.text)
    ADC_GetOffsetConfig                      0x08006c3d   Thumb Code    82  n32h47x_48x_adc_1.o(.text)
    ADC_ConfigAnalogWatchdogThresholds       0x08006c91   Thumb Code   108  n32h47x_48x_adc_1.o(.text)
    ADC_GetInjectedConversionDat             0x08006cfd   Thumb Code    32  n32h47x_48x_adc_1.o(.text)
    ADC_ConfigAnalogWatchdog1WorkChannelType 0x08006d1d   Thumb Code    38  n32h47x_48x_adc_1.o(.text)
    ADC_SetAWDG1FilteringConfig              0x08006d45   Thumb Code    38  n32h47x_48x_adc_1.o(.text)
    ADC_ConfigAnalogWatchdog1SingleChannel   0x08006d6d   Thumb Code    44  n32h47x_48x_adc_1.o(.text)
    ADC_SetAnalogWatchdog23MonitChannels     0x08006d99   Thumb Code    56  n32h47x_48x_adc_1.o(.text)
    ADC_GetAnalogWatchdog23MonitChannels     0x08006dd1   Thumb Code    34  n32h47x_48x_adc_1.o(.text)
    ADC_SetAnalogWatchdog23IntConfig         0x08006df5   Thumb Code    56  n32h47x_48x_adc_1.o(.text)
    ADC_GetAnalogWatchdog23IntConfig         0x08006e2d   Thumb Code    34  n32h47x_48x_adc_1.o(.text)
    ADC_GetAnalogWatchdog23StatusFlag        0x08006e51   Thumb Code    34  n32h47x_48x_adc_1.o(.text)
    ADC_ClearAnalogWatchdog23StatusFlag      0x08006e75   Thumb Code    34  n32h47x_48x_adc_1.o(.text)
    ADC_GetFlagStatus                        0x08006e99   Thumb Code    46  n32h47x_48x_adc_1.o(.text)
    ADC_ClearFlag                            0x08006ec9   Thumb Code    24  n32h47x_48x_adc_1.o(.text)
    ADC_ConfigInt                            0x08006ee1   Thumb Code    60  n32h47x_48x_adc_1.o(.text)
    ADC_GetIntStatus                         0x08006f1d   Thumb Code    66  n32h47x_48x_adc_1.o(.text)
    ADC_ClearIntPendingBit                   0x08006f61   Thumb Code    24  n32h47x_48x_adc_1.o(.text)
    ADC_SetChannelSingleDiff                 0x08006f79   Thumb Code    56  n32h47x_48x_adc_1.o(.text)
    ADC_SetCalibrationFactor                 0x08006fb1   Thumb Code    66  n32h47x_48x_adc_1.o(.text)
    ADC_SetGainCompensation                  0x08006ff5   Thumb Code    52  n32h47x_48x_adc_1.o(.text)
    ADC_SetConvResultBitNum                  0x08007029   Thumb Code    38  n32h47x_48x_adc_1.o(.text)
    ADC_SelectClockMode                      0x08007051   Thumb Code    42  n32h47x_48x_adc_1.o(.text)
    ADC_SetBypassCalibration                 0x0800707d   Thumb Code    44  n32h47x_48x_adc_1.o(.text)
    ADC_EnableCalibrationAutoLoad            0x080070a9   Thumb Code    44  n32h47x_48x_adc_1.o(.text)
    ADC_EnableBatteryVoltageMonitor          0x080070d5   Thumb Code    44  n32h47x_48x_adc_1.o(.text)
    ADC_EnableDeepSleepMode                  0x08007101   Thumb Code    44  n32h47x_48x_adc_1.o(.text)
    ADC_ConfigOverSamplingRatioAndShift      0x0800712d   Thumb Code    44  n32h47x_48x_adc_1.o(.text)
    ADC_SetOverSamplingScope                 0x08007159   Thumb Code    38  n32h47x_48x_adc_1.o(.text)
    ADC_EnableOverSamplingDiscont            0x08007181   Thumb Code    44  n32h47x_48x_adc_1.o(.text)
    ADC_EnableCH1PositiveEndConnetPGA_P      0x080071ad   Thumb Code    44  n32h47x_48x_adc_1.o(.text)
    ADC_EnableCH1NegtiveEndConnetPGA_N       0x080071d9   Thumb Code    44  n32h47x_48x_adc_1.o(.text)
    ADC_EnableCH2PositiveEndConnetPGA_N      0x08007205   Thumb Code    44  n32h47x_48x_adc_1.o(.text)
    ADC_EnableFIFO                           0x08007231   Thumb Code    52  n32h47x_48x_adc_1.o(.text)
    ADC_ClearFIFO                            0x08007265   Thumb Code    22  n32h47x_48x_adc_1.o(.text)
    ADC_ConfigFIFOWaterLevel                 0x0800727d   Thumb Code    44  n32h47x_48x_adc_1.o(.text)
    ADC_GetFIFOInvalidedDataCount            0x080072a9   Thumb Code    18  n32h47x_48x_adc_1.o(.text)
    ADC_GetFIFOFlagStatus                    0x080072bd   Thumb Code    48  n32h47x_48x_adc_1.o(.text)
    ADC_ClearFIFOFlag                        0x080072ed   Thumb Code    22  n32h47x_48x_adc_1.o(.text)
    ADC_ConfigFIFOInt                        0x08007305   Thumb Code    60  n32h47x_48x_adc_1.o(.text)
    ADC_ClearFIFOIntPendingBit               0x08007341   Thumb Code    28  n32h47x_48x_adc_1.o(.text)
    ADC_ConfigRegularExtLineTrigSource       0x0800735d   Thumb Code    44  n32h47x_48x_adc_1.o(.text)
    ADC_ConfigInjectedExtLineTrigSource      0x08007389   Thumb Code    44  n32h47x_48x_adc_1.o(.text)
    ADC_ConfigADCPowerSupport                0x080073b5   Thumb Code    42  n32h47x_48x_adc_1.o(.text)
    ADC_ConfigClk                            0x080073e1   Thumb Code   180  n32h47x_48x_adc_1.o(.text)
    CRC32_ResetCrc                           0x08007495   Thumb Code    14  n32h47x_48x_crc_1.o(.text)
    CRC32_CalcCrc                            0x080074a5   Thumb Code    30  n32h47x_48x_crc_1.o(.text)
    CRC32_CalcBufCrc                         0x080074c5   Thumb Code    64  n32h47x_48x_crc_1.o(.text)
    CRC32_GetCrc                             0x08007505   Thumb Code    12  n32h47x_48x_crc_1.o(.text)
    CRC32_SetIDat                            0x08007511   Thumb Code    24  n32h47x_48x_crc_1.o(.text)
    CRC32_GetIDat                            0x08007529   Thumb Code    12  n32h47x_48x_crc_1.o(.text)
    __CRC16_SetLittleEndianFmt               0x08007535   Thumb Code    18  n32h47x_48x_crc_1.o(.text)
    __CRC16_SetBigEndianFmt                  0x08007549   Thumb Code    18  n32h47x_48x_crc_1.o(.text)
    __CRC16_SetCleanEnable                   0x0800755d   Thumb Code    18  n32h47x_48x_crc_1.o(.text)
    __CRC16_SetCleanDisable                  0x08007571   Thumb Code    18  n32h47x_48x_crc_1.o(.text)
    __CRC16_CalcCrc                          0x08007585   Thumb Code    34  n32h47x_48x_crc_1.o(.text)
    __CRC16_SetCrc                           0x080075a9   Thumb Code    24  n32h47x_48x_crc_1.o(.text)
    __CRC16_GetCrc                           0x080075c1   Thumb Code    12  n32h47x_48x_crc_1.o(.text)
    __CRC16_SetLRC                           0x080075cd   Thumb Code    24  n32h47x_48x_crc_1.o(.text)
    __CRC16_GetLRC                           0x080075e5   Thumb Code    12  n32h47x_48x_crc_1.o(.text)
    CRC16_CalcBufCrc                         0x080075f1   Thumb Code    72  n32h47x_48x_crc_1.o(.text)
    SHRTIM_SetSyncInSrc                      0x08007639   Thumb Code    26  n32h47x_48x_shrtim_1.o(.text)
    SHRTIM_GetSyncInSrc                      0x08007655   Thumb Code    16  n32h47x_48x_shrtim_1.o(.text)
    SHRTIM_ConfigSCOUT                       0x08007665   Thumb Code    44  n32h47x_48x_shrtim_1.o(.text)
    SHRTIM_ConfigOutSync2                    0x08007691   Thumb Code    44  n32h47x_48x_shrtim_1.o(.text)
    SHRTIM_SetSyncOut1Config                 0x080076bd   Thumb Code    26  n32h47x_48x_shrtim_1.o(.text)
    SHRTIM_GetSyncOut1Config                 0x080076d9   Thumb Code    16  n32h47x_48x_shrtim_1.o(.text)
    SHRTIM_SetSyncOut2Config                 0x080076e9   Thumb Code    26  n32h47x_48x_shrtim_1.o(.text)
    SHRTIM_GetSyncOut2Config                 0x08007705   Thumb Code    16  n32h47x_48x_shrtim_1.o(.text)
    SHRTIM_SetSyncOutSrc                     0x08007715   Thumb Code    26  n32h47x_48x_shrtim_1.o(.text)
    SHRTIM_GetSyncOutSrc                     0x08007731   Thumb Code    16  n32h47x_48x_shrtim_1.o(.text)
    SHRTIM_SuspendUpdate                     0x08007741   Thumb Code    44  n32h47x_48x_shrtim_1.o(.text)
    SHRTIM_ResumeUpdate                      0x0800776d   Thumb Code    34  n32h47x_48x_shrtim_1.o(.text)
    SHRTIM_ForceUpdate                       0x08007791   Thumb Code    30  n32h47x_48x_shrtim_1.o(.text)
    SHRTIM_CounterReset                      0x080077b1   Thumb Code    32  n32h47x_48x_shrtim_1.o(.text)
    SHRTIM_EnableSwapOutputs                 0x080077d1   Thumb Code    48  n32h47x_48x_shrtim_1.o(.text)
    SHRTIM_DisableSwapOutputs                0x08007801   Thumb Code    48  n32h47x_48x_shrtim_1.o(.text)
    SHRTIM_IsEnabledSwapOutputs              0x08007831   Thumb Code    48  n32h47x_48x_shrtim_1.o(.text)
    SHRTIM_EnableOutput                      0x08007861   Thumb Code    28  n32h47x_48x_shrtim_1.o(.text)
    SHRTIM_DisableOutput                     0x0800787d   Thumb Code    28  n32h47x_48x_shrtim_1.o(.text)
    SHRTIM_IsEnabledOutput                   0x08007899   Thumb Code    28  n32h47x_48x_shrtim_1.o(.text)
    SHRTIM_IsDisabledOutput                  0x080078b5   Thumb Code    26  n32h47x_48x_shrtim_1.o(.text)
    SHRTIM_ConfigADCTrig                     0x080078d1   Thumb Code   142  n32h47x_48x_shrtim_1.o(.text)
    SHRTIM_SetADCTrigUpdate                  0x08007961   Thumb Code    74  n32h47x_48x_shrtim_1.o(.text)
    SHRTIM_GetADCTrigUpdate                  0x080079ad   Thumb Code    64  n32h47x_48x_shrtim_1.o(.text)
    SHRTIM_SetADCTrigSrc                     0x080079ed   Thumb Code    74  n32h47x_48x_shrtim_1.o(.text)
    SHRTIM_GetADCTrigSrc                     0x08007a39   Thumb Code    64  n32h47x_48x_shrtim_1.o(.text)
    SHRTIM_SetADCPostScaler                  0x08007a79   Thumb Code   146  n32h47x_48x_shrtim_1.o(.text)
    SHRTIM_GetADCPostScaler                  0x08007b0d   Thumb Code   130  n32h47x_48x_shrtim_1.o(.text)
    SHRTIM_TIM_CounterEnable                 0x08007b91   Thumb Code    20  n32h47x_48x_shrtim_1.o(.text)
    SHRTIM_TIM_CounterDisable                0x08007ba5   Thumb Code    20  n32h47x_48x_shrtim_1.o(.text)
    SHRTIM_TIM_IsCounterEnabled              0x08007bb9   Thumb Code    26  n32h47x_48x_shrtim_1.o(.text)
    SHRTIM_TIM_SetPrescaler                  0x08007bd5   Thumb Code    64  n32h47x_48x_shrtim_1.o(.text)
    SHRTIM_TIM_GetPrescaler                  0x08007c15   Thumb Code    54  n32h47x_48x_shrtim_1.o(.text)
    SHRTIM_TIM_SetCounterMode                0x08007c4d   Thumb Code    64  n32h47x_48x_shrtim_1.o(.text)
    SHRTIM_TIM_GetCounterMode                0x08007c8d   Thumb Code    54  n32h47x_48x_shrtim_1.o(.text)
    SHRTIM_TIM_EnableHalfMode                0x08007cc5   Thumb Code    56  n32h47x_48x_shrtim_1.o(.text)
    SHRTIM_TIM_DisableHalfMode               0x08007cfd   Thumb Code    82  n32h47x_48x_shrtim_1.o(.text)
    SHRTIM_TIM_IsEnabledHalfMode             0x08007d51   Thumb Code    54  n32h47x_48x_shrtim_1.o(.text)
    SHRTIM_TIM_EnableResyncUpdate            0x08007d89   Thumb Code    58  n32h47x_48x_shrtim_1.o(.text)
    SHRTIM_TIM_DisableResyncUpdate           0x08007dc5   Thumb Code    58  n32h47x_48x_shrtim_1.o(.text)
    SHRTIM_TIM_IsEnabledResyncUpdate         0x08007e01   Thumb Code    56  n32h47x_48x_shrtim_1.o(.text)
    SHRTIM_TIM_SetInterleavedMode            0x08007e39   Thumb Code   102  n32h47x_48x_shrtim_1.o(.text)
    SHRTIM_TIM_GetInterleavedMode            0x08007ea1   Thumb Code    94  n32h47x_48x_shrtim_1.o(.text)
    SHRTIM_TIM_EnableStartOnSync             0x08007f01   Thumb Code    80  n32h47x_48x_shrtim_1.o(.text)
    SHRTIM_TIM_DisableStartOnSync            0x08007f51   Thumb Code    80  n32h47x_48x_shrtim_1.o(.text)
    SHRTIM_TIM_IsEnabledStartOnSync          0x08007fa1   Thumb Code    82  n32h47x_48x_shrtim_1.o(.text)
    SHRTIM_TIM_EnableResetOnSync             0x08007ff5   Thumb Code    80  n32h47x_48x_shrtim_1.o(.text)
    SHRTIM_TIM_DisableResetOnSync            0x08008045   Thumb Code    80  n32h47x_48x_shrtim_1.o(.text)
    SHRTIM_TIM_IsEnabledResetOnSync          0x08008095   Thumb Code    82  n32h47x_48x_shrtim_1.o(.text)
    SHRTIM_TIM_SetDACTrig                    0x080080e9   Thumb Code    64  n32h47x_48x_shrtim_1.o(.text)
    SHRTIM_TIM_GetDACTrig                    0x08008129   Thumb Code    54  n32h47x_48x_shrtim_1.o(.text)
    SHRTIM_TIM_EnablePreload                 0x08008161   Thumb Code    56  n32h47x_48x_shrtim_1.o(.text)
    SHRTIM_TIM_DisablePreload                0x08008199   Thumb Code    56  n32h47x_48x_shrtim_1.o(.text)
    SHRTIM_TIM_IsEnabledPreload              0x080081d1   Thumb Code    54  n32h47x_48x_shrtim_1.o(.text)
    SHRTIM_TIM_SetUpdateTrig                 0x08008209   Thumb Code    88  n32h47x_48x_shrtim_1.o(.text)
    SHRTIM_TIM_GetUpdateTrig                 0x08008261   Thumb Code    78  n32h47x_48x_shrtim_1.o(.text)
    SHRTIM_TIM_SetUpdateGating               0x080082b1   Thumb Code    88  n32h47x_48x_shrtim_1.o(.text)
    SHRTIM_TIM_GetUpdateGating               0x08008309   Thumb Code    78  n32h47x_48x_shrtim_1.o(.text)
    SHRTIM_TIM_EnablePushPullMode            0x08008359   Thumb Code    58  n32h47x_48x_shrtim_1.o(.text)
    SHRTIM_TIM_DisablePushPullMode           0x08008395   Thumb Code    58  n32h47x_48x_shrtim_1.o(.text)
    SHRTIM_TIM_IsEnabledPushPullMode         0x080083d1   Thumb Code    56  n32h47x_48x_shrtim_1.o(.text)
    SHRTIM_TIM_SetCompareMode                0x08008409   Thumb Code    94  n32h47x_48x_shrtim_1.o(.text)
    SHRTIM_TIM_GetCompareMode                0x08008469   Thumb Code    84  n32h47x_48x_shrtim_1.o(.text)
    SHRTIM_TIM_SetCounter                    0x080084bd   Thumb Code    68  n32h47x_48x_shrtim_1.o(.text)
    SHRTIM_TIM_GetCounter                    0x08008501   Thumb Code    54  n32h47x_48x_shrtim_1.o(.text)
    SHRTIM_TIM_SetPeriod                     0x08008539   Thumb Code    68  n32h47x_48x_shrtim_1.o(.text)
    SHRTIM_TIM_GetPeriod                     0x0800857d   Thumb Code    54  n32h47x_48x_shrtim_1.o(.text)
    SHRTIM_TIM_SetRepetition                 0x080085b5   Thumb Code    66  n32h47x_48x_shrtim_1.o(.text)
    SHRTIM_TIM_GetRepetition                 0x080085f9   Thumb Code    54  n32h47x_48x_shrtim_1.o(.text)
    SHRTIM_TIM_SetCompare1                   0x08008631   Thumb Code    68  n32h47x_48x_shrtim_1.o(.text)
    SHRTIM_TIM_GetCompare1                   0x08008675   Thumb Code    54  n32h47x_48x_shrtim_1.o(.text)
    SHRTIM_TIM_SetCompare2                   0x080086ad   Thumb Code    68  n32h47x_48x_shrtim_1.o(.text)
    SHRTIM_TIM_GetCompare2                   0x080086f1   Thumb Code    54  n32h47x_48x_shrtim_1.o(.text)
    SHRTIM_TIM_SetCompare3                   0x08008729   Thumb Code    68  n32h47x_48x_shrtim_1.o(.text)
    SHRTIM_TIM_GetCompare3                   0x0800876d   Thumb Code    54  n32h47x_48x_shrtim_1.o(.text)
    SHRTIM_TIM_SetCompare4                   0x080087a5   Thumb Code    68  n32h47x_48x_shrtim_1.o(.text)
    SHRTIM_TIM_GetCompare4                   0x080087e9   Thumb Code    54  n32h47x_48x_shrtim_1.o(.text)
    SHRTIM_TIM_SetCompare5                   0x08008821   Thumb Code    68  n32h47x_48x_shrtim_1.o(.text)
    SHRTIM_TIM_GetCompare5                   0x08008865   Thumb Code    54  n32h47x_48x_shrtim_1.o(.text)
    SHRTIM_TIM_SetResetTrig                  0x0800889d   Thumb Code    56  n32h47x_48x_shrtim_1.o(.text)
    SHRTIM_TIM_GetResetTrig                  0x080088d5   Thumb Code    52  n32h47x_48x_shrtim_1.o(.text)
    SHRTIM_TIM_GetCapture1                   0x08008909   Thumb Code    52  n32h47x_48x_shrtim_1.o(.text)
    SHRTIM_TIM_GetCapture1Direction          0x0800893d   Thumb Code    58  n32h47x_48x_shrtim_1.o(.text)
    SHRTIM_TIM_GetCapture2                   0x08008979   Thumb Code    52  n32h47x_48x_shrtim_1.o(.text)
    SHRTIM_TIM_GetCapture2Direction          0x080089ad   Thumb Code    58  n32h47x_48x_shrtim_1.o(.text)
    SHRTIM_TIM_SetCaptureTrig                0x080089e9   Thumb Code   134  n32h47x_48x_shrtim_1.o(.text)
    SHRTIM_TIM_GetCaptureTrig                0x08008a71   Thumb Code   124  n32h47x_48x_shrtim_1.o(.text)
    SHRTIM_TIM_EnableDeadTime                0x08008aed   Thumb Code    58  n32h47x_48x_shrtim_1.o(.text)
    SHRTIM_TIM_DisableDeadTime               0x08008b29   Thumb Code    58  n32h47x_48x_shrtim_1.o(.text)
    SHRTIM_TIM_IsEnabledDeadTime             0x08008b65   Thumb Code    56  n32h47x_48x_shrtim_1.o(.text)
    SHRTIM_TIM_SetDPMode                     0x08008b9d   Thumb Code    66  n32h47x_48x_shrtim_1.o(.text)
    SHRTIM_TIM_GetDPMode                     0x08008be1   Thumb Code    56  n32h47x_48x_shrtim_1.o(.text)
    SHRTIM_TIM_EnableDP                      0x08008c19   Thumb Code    58  n32h47x_48x_shrtim_1.o(.text)
    SHRTIM_TIM_DisableDP                     0x08008c55   Thumb Code    58  n32h47x_48x_shrtim_1.o(.text)
    SHRTIM_TIM_IsEnabledDP                   0x08008c91   Thumb Code    56  n32h47x_48x_shrtim_1.o(.text)
    SHRTIM_TIM_EnableBIAR                    0x08008cc9   Thumb Code    58  n32h47x_48x_shrtim_1.o(.text)
    SHRTIM_TIM_DisableBIAR                   0x08008d05   Thumb Code    58  n32h47x_48x_shrtim_1.o(.text)
    SHRTIM_TIM_IsEnabledBIAR                 0x08008d41   Thumb Code    56  n32h47x_48x_shrtim_1.o(.text)
    SHRTIM_TIM_EnableSoftDP                  0x08008d79   Thumb Code    28  n32h47x_48x_shrtim_1.o(.text)
    SHRTIM_TIM_IsEnabledSoftDP               0x08008d95   Thumb Code    28  n32h47x_48x_shrtim_1.o(.text)
    SHRTIM_TIM_EnableFault                   0x08008db1   Thumb Code    60  n32h47x_48x_shrtim_1.o(.text)
    SHRTIM_TIM_DisableFault                  0x08008ded   Thumb Code    60  n32h47x_48x_shrtim_1.o(.text)
    SHRTIM_TIM_IsEnabledFault                0x08008e29   Thumb Code    66  n32h47x_48x_shrtim_1.o(.text)
    SHRTIM_TIM_LockFault                     0x08008e6d   Thumb Code    58  n32h47x_48x_shrtim_1.o(.text)
    SHRTIM_TIM_SetBurstModeOption            0x08008ea9   Thumb Code    54  n32h47x_48x_shrtim_1.o(.text)
    SHRTIM_TIM_GetBurstModeOption            0x08008ee1   Thumb Code    42  n32h47x_48x_shrtim_1.o(.text)
    SHRTIM_TIM_ConfigBurstDMA                0x08008f0d   Thumb Code    72  n32h47x_48x_shrtim_1.o(.text)
    SHRTIM_TIM_GetCurrentPushPullStatus      0x08008f55   Thumb Code    56  n32h47x_48x_shrtim_1.o(.text)
    SHRTIM_TIM_GetIdlePushPullStatus         0x08008f8d   Thumb Code    56  n32h47x_48x_shrtim_1.o(.text)
    SHRTIM_TIM_SetEventFilter                0x08008fc5   Thumb Code   110  n32h47x_48x_shrtim_1.o(.text)
    SHRTIM_TIM_GetEventFilter                0x08009035   Thumb Code   100  n32h47x_48x_shrtim_1.o(.text)
    SHRTIM_TIM_SetEventLatchStatus           0x08009099   Thumb Code   110  n32h47x_48x_shrtim_1.o(.text)
    SHRTIM_TIM_GetEventLatchStatus           0x08009109   Thumb Code   100  n32h47x_48x_shrtim_1.o(.text)
    SHRTIM_TIM_SetTriggeredHalfMode          0x0800916d   Thumb Code    66  n32h47x_48x_shrtim_1.o(.text)
    SHRTIM_TIM_GetTriggeredHalfMode          0x080091b1   Thumb Code    56  n32h47x_48x_shrtim_1.o(.text)
    SHRTIM_TIM_SetComp1Mode                  0x080091e9   Thumb Code    66  n32h47x_48x_shrtim_1.o(.text)
    SHRTIM_TIM_GetComp1Mode                  0x0800922d   Thumb Code    56  n32h47x_48x_shrtim_1.o(.text)
    SHRTIM_TIM_SetComp3Mode                  0x08009265   Thumb Code    66  n32h47x_48x_shrtim_1.o(.text)
    SHRTIM_TIM_GetComp3Mode                  0x080092a9   Thumb Code    56  n32h47x_48x_shrtim_1.o(.text)
    SHRTIM_TIM_SetRollOverMode               0x080092e1   Thumb Code    68  n32h47x_48x_shrtim_1.o(.text)
    SHRTIM_TIM_GetRollOverMode               0x08009325   Thumb Code    56  n32h47x_48x_shrtim_1.o(.text)
    SHRTIM_TIM_SetFaultEventRollOverMode     0x0800935d   Thumb Code    68  n32h47x_48x_shrtim_1.o(.text)
    SHRTIM_TIM_GetFaultEventRollOverMode     0x080093a1   Thumb Code    56  n32h47x_48x_shrtim_1.o(.text)
    SHRTIM_TIM_SetBMRollOverMode             0x080093d9   Thumb Code    68  n32h47x_48x_shrtim_1.o(.text)
    SHRTIM_TIM_GetBMRollOverMode             0x0800941d   Thumb Code    56  n32h47x_48x_shrtim_1.o(.text)
    SHRTIM_TIM_SetADCRollOverMode            0x08009455   Thumb Code    68  n32h47x_48x_shrtim_1.o(.text)
    SHRTIM_TIM_GetADCRollOverMode            0x08009499   Thumb Code    56  n32h47x_48x_shrtim_1.o(.text)
    SHRTIM_TIM_SetOutputRollOverMode         0x080094d1   Thumb Code    68  n32h47x_48x_shrtim_1.o(.text)
    SHRTIM_TIM_GetOutputRollOverMode         0x08009515   Thumb Code    56  n32h47x_48x_shrtim_1.o(.text)
    SHRTIM_TIM_SetCountingMode               0x0800954d   Thumb Code    66  n32h47x_48x_shrtim_1.o(.text)
    SHRTIM_TIM_GetCountingMode               0x08009591   Thumb Code    56  n32h47x_48x_shrtim_1.o(.text)
    SHRTIM_TIM_SetDualDacResetTrigger        0x080095c9   Thumb Code    66  n32h47x_48x_shrtim_1.o(.text)
    SHRTIM_TIM_GetDualDacResetTrigger        0x0800960d   Thumb Code    56  n32h47x_48x_shrtim_1.o(.text)
    SHRTIM_TIM_SetDualDacStepTrigger         0x08009645   Thumb Code    66  n32h47x_48x_shrtim_1.o(.text)
    SHRTIM_TIM_GetDualDacStepTrigger         0x08009689   Thumb Code    56  n32h47x_48x_shrtim_1.o(.text)
    SHRTIM_TIM_EnableDualDacTrigger          0x080096c1   Thumb Code    58  n32h47x_48x_shrtim_1.o(.text)
    SHRTIM_TIM_DisableDualDacTrigger         0x080096fd   Thumb Code    58  n32h47x_48x_shrtim_1.o(.text)
    SHRTIM_TIM_IsEnabledDualDacTrigger       0x08009739   Thumb Code    56  n32h47x_48x_shrtim_1.o(.text)
    SHRTIM_TIM_SetEventCounterThreshold      0x08009771   Thumb Code    68  n32h47x_48x_shrtim_1.o(.text)
    SHRTIM_TIM_GetEventCounterThreshold      0x080097b5   Thumb Code    58  n32h47x_48x_shrtim_1.o(.text)
    SHRTIM_TIM_SetEventCounterSource         0x080097f1   Thumb Code    78  n32h47x_48x_shrtim_1.o(.text)
    SHRTIM_TIM_GetEventCounterSource         0x08009841   Thumb Code    64  n32h47x_48x_shrtim_1.o(.text)
    SHRTIM_TIM_SetEventCounterResetMode      0x08009881   Thumb Code    64  n32h47x_48x_shrtim_1.o(.text)
    SHRTIM_TIM_GetEventCounterResetMode      0x080098c1   Thumb Code    54  n32h47x_48x_shrtim_1.o(.text)
    SHRTIM_TIM_ResetEventCounter             0x080098f9   Thumb Code    56  n32h47x_48x_shrtim_1.o(.text)
    SHRTIM_TIM_EnableEventCounter            0x08009931   Thumb Code    56  n32h47x_48x_shrtim_1.o(.text)
    SHRTIM_TIM_DisableEventCounter           0x08009969   Thumb Code    56  n32h47x_48x_shrtim_1.o(.text)
    SHRTIM_TIM_IsEnabledEventCounter         0x080099a1   Thumb Code    70  n32h47x_48x_shrtim_1.o(.text)
    SHRTIM_DT_Config                         0x080099e9   Thumb Code    72  n32h47x_48x_shrtim_1.o(.text)
    SHRTIM_DT_SetPrescaler                   0x08009a31   Thumb Code    66  n32h47x_48x_shrtim_1.o(.text)
    SHRTIM_DT_GetPrescaler                   0x08009a75   Thumb Code    56  n32h47x_48x_shrtim_1.o(.text)
    SHRTIM_DT_SetRisingValue                 0x08009aad   Thumb Code    68  n32h47x_48x_shrtim_1.o(.text)
    SHRTIM_DT_GetRisingValue                 0x08009af1   Thumb Code    56  n32h47x_48x_shrtim_1.o(.text)
    SHRTIM_DT_SetRisingSign                  0x08009b29   Thumb Code    66  n32h47x_48x_shrtim_1.o(.text)
    SHRTIM_DT_GetRisingSign                  0x08009b6d   Thumb Code    56  n32h47x_48x_shrtim_1.o(.text)
    SHRTIM_DT_SetFallingValue                0x08009ba5   Thumb Code    68  n32h47x_48x_shrtim_1.o(.text)
    SHRTIM_DT_GetFallingValue                0x08009be9   Thumb Code    56  n32h47x_48x_shrtim_1.o(.text)
    SHRTIM_DT_SetFallingSign                 0x08009c21   Thumb Code    66  n32h47x_48x_shrtim_1.o(.text)
    SHRTIM_DT_GetFallingSign                 0x08009c65   Thumb Code    56  n32h47x_48x_shrtim_1.o(.text)
    SHRTIM_DT_LockRising                     0x08009c9d   Thumb Code    58  n32h47x_48x_shrtim_1.o(.text)
    SHRTIM_DT_LockRisingSign                 0x08009cd9   Thumb Code    58  n32h47x_48x_shrtim_1.o(.text)
    SHRTIM_DT_LockFalling                    0x08009d15   Thumb Code    58  n32h47x_48x_shrtim_1.o(.text)
    SHRTIM_DT_LockFallingSign                0x08009d51   Thumb Code    58  n32h47x_48x_shrtim_1.o(.text)
    SHRTIM_CHP_Config                        0x08009d8d   Thumb Code    68  n32h47x_48x_shrtim_1.o(.text)
    SHRTIM_CHP_SetPrescaler                  0x08009dd1   Thumb Code    66  n32h47x_48x_shrtim_1.o(.text)
    SHRTIM_CHP_GetPrescaler                  0x08009e15   Thumb Code    56  n32h47x_48x_shrtim_1.o(.text)
    SHRTIM_CHP_SetDutyCycle                  0x08009e4d   Thumb Code    66  n32h47x_48x_shrtim_1.o(.text)
    SHRTIM_CHP_GetDutyCycle                  0x08009e91   Thumb Code    56  n32h47x_48x_shrtim_1.o(.text)
    SHRTIM_CHP_SetPulseWidth                 0x08009ec9   Thumb Code    66  n32h47x_48x_shrtim_1.o(.text)
    SHRTIM_CHP_GetPulseWidth                 0x08009f0d   Thumb Code    56  n32h47x_48x_shrtim_1.o(.text)
    SHRTIM_OUT_SetOutputSetSrc               0x08009f45   Thumb Code    52  n32h47x_48x_shrtim_1.o(.text)
    SHRTIM_OUT_GetOutputSetSrc               0x08009f79   Thumb Code    48  n32h47x_48x_shrtim_1.o(.text)
    SHRTIM_OUT_SetOutputResetSrc             0x08009fa9   Thumb Code    52  n32h47x_48x_shrtim_1.o(.text)
    SHRTIM_OUT_GetOutputResetSrc             0x08009fdd   Thumb Code    48  n32h47x_48x_shrtim_1.o(.text)
    SHRTIM_OUT_Config                        0x0800a00d   Thumb Code    78  n32h47x_48x_shrtim_1.o(.text)
    SHRTIM_OUT_SetPolarity                   0x0800a05d   Thumb Code    78  n32h47x_48x_shrtim_1.o(.text)
    SHRTIM_OUT_GetPolarity                   0x0800a0ad   Thumb Code    68  n32h47x_48x_shrtim_1.o(.text)
    SHRTIM_OUT_SetIdleLevel                  0x0800a0f1   Thumb Code    78  n32h47x_48x_shrtim_1.o(.text)
    SHRTIM_OUT_GetIdleLevel                  0x0800a141   Thumb Code    68  n32h47x_48x_shrtim_1.o(.text)
    SHRTIM_OUT_SetFaultState                 0x0800a185   Thumb Code    78  n32h47x_48x_shrtim_1.o(.text)
    SHRTIM_OUT_GetFaultState                 0x0800a1d5   Thumb Code    68  n32h47x_48x_shrtim_1.o(.text)
    SHRTIM_OUT_SetChopperMode                0x0800a219   Thumb Code    78  n32h47x_48x_shrtim_1.o(.text)
    SHRTIM_OUT_GetChopperMode                0x0800a269   Thumb Code    68  n32h47x_48x_shrtim_1.o(.text)
    SHRTIM_OUT_SetBMEntryMode                0x0800a2ad   Thumb Code    78  n32h47x_48x_shrtim_1.o(.text)
    SHRTIM_OUT_GetBMEntryMode                0x0800a2fd   Thumb Code    68  n32h47x_48x_shrtim_1.o(.text)
    SHRTIM_OUT_GetDPOutStatus                0x0800a341   Thumb Code    72  n32h47x_48x_shrtim_1.o(.text)
    SHRTIM_OUT_ForceLevel                    0x0800a389   Thumb Code    72  n32h47x_48x_shrtim_1.o(.text)
    SHRTIM_OUT_GetLevel                      0x0800a3d1   Thumb Code    72  n32h47x_48x_shrtim_1.o(.text)
    SHRTIM_EXEV_Config                       0x0800a419   Thumb Code   104  n32h47x_48x_shrtim_1.o(.text)
    SHRTIM_EXEV_SetSrc                       0x0800a481   Thumb Code    78  n32h47x_48x_shrtim_1.o(.text)
    SHRTIM_EXEV_SetSrcCompSel                0x0800a4d1   Thumb Code    64  n32h47x_48x_shrtim_1.o(.text)
    SHRTIM_EXEV_SetPolarity                  0x0800a511   Thumb Code    78  n32h47x_48x_shrtim_1.o(.text)
    SHRTIM_EXEV_SetSensitivity               0x0800a561   Thumb Code    78  n32h47x_48x_shrtim_1.o(.text)
    SHRTIM_EXEV_SetFastMode                  0x0800a5b1   Thumb Code    78  n32h47x_48x_shrtim_1.o(.text)
    SHRTIM_EXEV_SetFilter                    0x0800a601   Thumb Code    78  n32h47x_48x_shrtim_1.o(.text)
    SHRTIM_EXEV_SetPrescaler                 0x0800a651   Thumb Code    30  n32h47x_48x_shrtim_1.o(.text)
    SHRTIM_EXEV_GetSrc                       0x0800a671   Thumb Code    68  n32h47x_48x_shrtim_1.o(.text)
    SHRTIM_EXEV_GetSrcCompSel                0x0800a6b5   Thumb Code    54  n32h47x_48x_shrtim_1.o(.text)
    SHRTIM_EXEV_GetPolarity                  0x0800a6ed   Thumb Code    68  n32h47x_48x_shrtim_1.o(.text)
    SHRTIM_EXEV_GetSensitivity               0x0800a731   Thumb Code    68  n32h47x_48x_shrtim_1.o(.text)
    SHRTIM_EXEV_GetFastMode                  0x0800a775   Thumb Code    68  n32h47x_48x_shrtim_1.o(.text)
    SHRTIM_EXEV_GetFilter                    0x0800a7b9   Thumb Code    68  n32h47x_48x_shrtim_1.o(.text)
    SHRTIM_EXEV_GetPrescaler                 0x0800a7fd   Thumb Code    18  n32h47x_48x_shrtim_1.o(.text)
    SHRTIM_FALT_Config                       0x0800a811   Thumb Code   224  n32h47x_48x_shrtim_1.o(.text)
    SHRTIM_FALT_SetSrcCompSel                0x0800a8f1   Thumb Code    64  n32h47x_48x_shrtim_1.o(.text)
    SHRTIM_FALT_SetSrc                       0x0800a931   Thumb Code   238  n32h47x_48x_shrtim_1.o(.text)
    SHRTIM_FALT_GetSrc                       0x0800aa21   Thumb Code   164  n32h47x_48x_shrtim_1.o(.text)
    SHRTIM_FALT_GetSrcCompSel                0x0800aac5   Thumb Code    54  n32h47x_48x_shrtim_1.o(.text)
    SHRTIM_FALT_SetPolarity                  0x0800aafd   Thumb Code   170  n32h47x_48x_shrtim_1.o(.text)
    SHRTIM_FALT_GetPolarity                  0x0800aba9   Thumb Code   136  n32h47x_48x_shrtim_1.o(.text)
    SHRTIM_FALT_SetFilter                    0x0800ac31   Thumb Code   170  n32h47x_48x_shrtim_1.o(.text)
    SHRTIM_FALT_GetFilter                    0x0800acdd   Thumb Code   136  n32h47x_48x_shrtim_1.o(.text)
    SHRTIM_FALT_SetPrescaler                 0x0800ad65   Thumb Code    30  n32h47x_48x_shrtim_1.o(.text)
    SHRTIM_FALT_GetPrescaler                 0x0800ad85   Thumb Code    18  n32h47x_48x_shrtim_1.o(.text)
    SHRTIM_FALT_Lock                         0x0800ad99   Thumb Code    70  n32h47x_48x_shrtim_1.o(.text)
    SHRTIM_FALT_Enable                       0x0800ade1   Thumb Code    70  n32h47x_48x_shrtim_1.o(.text)
    SHRTIM_FALT_Disable                      0x0800ae29   Thumb Code    70  n32h47x_48x_shrtim_1.o(.text)
    SHRTIM_FALT_IsEnabled                    0x0800ae71   Thumb Code    76  n32h47x_48x_shrtim_1.o(.text)
    SHRTIM_FALT_EnableSysFault               0x0800aebd   Thumb Code    24  n32h47x_48x_shrtim_1.o(.text)
    SHRTIM_FALT_IsEnabledSysFault            0x0800aed5   Thumb Code    28  n32h47x_48x_shrtim_1.o(.text)
    SHRTIM_FALT_EnableBlanking               0x0800aef1   Thumb Code    70  n32h47x_48x_shrtim_1.o(.text)
    SHRTIM_FALT_DisableBlanking              0x0800af39   Thumb Code    70  n32h47x_48x_shrtim_1.o(.text)
    SHRTIM_FALT_IsEnabledBlanking            0x0800af81   Thumb Code    80  n32h47x_48x_shrtim_1.o(.text)
    SHRTIM_FALT_SetBlankingSrc               0x0800afd1   Thumb Code    78  n32h47x_48x_shrtim_1.o(.text)
    SHRTIM_FALT_GetBlankingSrc               0x0800b021   Thumb Code    68  n32h47x_48x_shrtim_1.o(.text)
    SHRTIM_FALT_SetCounterThreshold          0x0800b065   Thumb Code    78  n32h47x_48x_shrtim_1.o(.text)
    SHRTIM_FALT_GetCounterThreshold          0x0800b0b5   Thumb Code    68  n32h47x_48x_shrtim_1.o(.text)
    SHRTIM_FALT_EnableSoftFault              0x0800b0f9   Thumb Code    24  n32h47x_48x_shrtim_1.o(.text)
    SHRTIM_FALT_IsEnabledSoftFault           0x0800b111   Thumb Code    28  n32h47x_48x_shrtim_1.o(.text)
    SHRTIM_FALT_SetResetMode                 0x0800b12d   Thumb Code    78  n32h47x_48x_shrtim_1.o(.text)
    SHRTIM_FALT_GetResetMode                 0x0800b17d   Thumb Code    66  n32h47x_48x_shrtim_1.o(.text)
    SHRTIM_FALT_ResetCounter                 0x0800b1c1   Thumb Code    70  n32h47x_48x_shrtim_1.o(.text)
    SHRTIM_BM_Config                         0x0800b209   Thumb Code    32  n32h47x_48x_shrtim_1.o(.text)
    SHRTIM_BM_SetMode                        0x0800b229   Thumb Code    30  n32h47x_48x_shrtim_1.o(.text)
    SHRTIM_BM_GetMode                        0x0800b249   Thumb Code    18  n32h47x_48x_shrtim_1.o(.text)
    SHRTIM_BM_SetClockSrc                    0x0800b25d   Thumb Code    30  n32h47x_48x_shrtim_1.o(.text)
    SHRTIM_BM_GetClockSrc                    0x0800b27d   Thumb Code    18  n32h47x_48x_shrtim_1.o(.text)
    SHRTIM_BM_SetPrescaler                   0x0800b291   Thumb Code    30  n32h47x_48x_shrtim_1.o(.text)
    SHRTIM_BM_GetPrescaler                   0x0800b2b1   Thumb Code    18  n32h47x_48x_shrtim_1.o(.text)
    SHRTIM_BM_EnablePreload                  0x0800b2c5   Thumb Code    22  n32h47x_48x_shrtim_1.o(.text)
    SHRTIM_BM_DisablePreload                 0x0800b2dd   Thumb Code    22  n32h47x_48x_shrtim_1.o(.text)
    SHRTIM_BM_IsEnabledPreload               0x0800b2f5   Thumb Code    32  n32h47x_48x_shrtim_1.o(.text)
    SHRTIM_BM_SetTrig                        0x0800b315   Thumb Code    18  n32h47x_48x_shrtim_1.o(.text)
    SHRTIM_BM_GetTrig                        0x0800b329   Thumb Code    14  n32h47x_48x_shrtim_1.o(.text)
    SHRTIM_BM_SetCompare                     0x0800b339   Thumb Code    18  n32h47x_48x_shrtim_1.o(.text)
    SHRTIM_BM_GetCompare                     0x0800b34d   Thumb Code    14  n32h47x_48x_shrtim_1.o(.text)
    SHRTIM_BM_SetPeriod                      0x0800b35d   Thumb Code    18  n32h47x_48x_shrtim_1.o(.text)
    SHRTIM_BM_GetPeriod                      0x0800b371   Thumb Code    14  n32h47x_48x_shrtim_1.o(.text)
    SHRTIM_BM_Enable                         0x0800b381   Thumb Code    22  n32h47x_48x_shrtim_1.o(.text)
    SHRTIM_BM_Disable                        0x0800b399   Thumb Code    22  n32h47x_48x_shrtim_1.o(.text)
    SHRTIM_BM_IsEnabled                      0x0800b3b1   Thumb Code    18  n32h47x_48x_shrtim_1.o(.text)
    SHRTIM_BM_Start                          0x0800b3c5   Thumb Code    22  n32h47x_48x_shrtim_1.o(.text)
    SHRTIM_BM_Stop                           0x0800b3dd   Thumb Code    22  n32h47x_48x_shrtim_1.o(.text)
    SHRTIM_BM_GetStatus                      0x0800b3f5   Thumb Code    18  n32h47x_48x_shrtim_1.o(.text)
    SHRTIM_ClearFlag_FALT1                   0x0800b409   Thumb Code    22  n32h47x_48x_shrtim_1.o(.text)
    SHRTIM_IsActiveFlag_FALT1                0x0800b421   Thumb Code    18  n32h47x_48x_shrtim_1.o(.text)
    SHRTIM_ClearFlag_FALT2                   0x0800b435   Thumb Code    22  n32h47x_48x_shrtim_1.o(.text)
    SHRTIM_IsActiveFlag_FALT2                0x0800b44d   Thumb Code    18  n32h47x_48x_shrtim_1.o(.text)
    SHRTIM_ClearFlag_FALT3                   0x0800b461   Thumb Code    22  n32h47x_48x_shrtim_1.o(.text)
    SHRTIM_IsActiveFlag_FALT3                0x0800b479   Thumb Code    18  n32h47x_48x_shrtim_1.o(.text)
    SHRTIM_ClearFlag_FALT4                   0x0800b48d   Thumb Code    22  n32h47x_48x_shrtim_1.o(.text)
    SHRTIM_IsActiveFlag_FALT4                0x0800b4a5   Thumb Code    18  n32h47x_48x_shrtim_1.o(.text)
    SHRTIM_ClearFlag_FALT5                   0x0800b4b9   Thumb Code    22  n32h47x_48x_shrtim_1.o(.text)
    SHRTIM_IsActiveFlag_FALT5                0x0800b4d1   Thumb Code    18  n32h47x_48x_shrtim_1.o(.text)
    SHRTIM_ClearFlag_FALT6                   0x0800b4e5   Thumb Code    22  n32h47x_48x_shrtim_1.o(.text)
    SHRTIM_IsActiveFlag_FALT6                0x0800b4fd   Thumb Code    18  n32h47x_48x_shrtim_1.o(.text)
    SHRTIM_ClearFlag_SYSFALT                 0x0800b511   Thumb Code    22  n32h47x_48x_shrtim_1.o(.text)
    SHRTIM_IsActiveFlag_SYSFALT              0x0800b529   Thumb Code    18  n32h47x_48x_shrtim_1.o(.text)
    SHRTIM_ClearFlag_BMPRD                   0x0800b53d   Thumb Code    22  n32h47x_48x_shrtim_1.o(.text)
    SHRTIM_IsActiveFlag_BMPRD                0x0800b555   Thumb Code    18  n32h47x_48x_shrtim_1.o(.text)
    SHRTIM_ClearFlag_SYNC                    0x0800b569   Thumb Code    18  n32h47x_48x_shrtim_1.o(.text)
    SHRTIM_IsActiveFlag_SYNC                 0x0800b57d   Thumb Code    16  n32h47x_48x_shrtim_1.o(.text)
    SHRTIM_ClearFlag_UPDATE                  0x0800b58d   Thumb Code    58  n32h47x_48x_shrtim_1.o(.text)
    SHRTIM_IsActiveFlag_UPDATE               0x0800b5c9   Thumb Code    56  n32h47x_48x_shrtim_1.o(.text)
    SHRTIM_ClearFlag_REP                     0x0800b601   Thumb Code    88  n32h47x_48x_shrtim_1.o(.text)
    SHRTIM_IsActiveFlag_REP                  0x0800b659   Thumb Code    90  n32h47x_48x_shrtim_1.o(.text)
    SHRTIM_ClearFlag_CMP1                    0x0800b6b5   Thumb Code    58  n32h47x_48x_shrtim_1.o(.text)
    SHRTIM_IsActiveFlag_CMP1                 0x0800b6f1   Thumb Code    56  n32h47x_48x_shrtim_1.o(.text)
    SHRTIM_ClearFlag_CMP2                    0x0800b729   Thumb Code    58  n32h47x_48x_shrtim_1.o(.text)
    SHRTIM_IsActiveFlag_CMP2                 0x0800b765   Thumb Code    56  n32h47x_48x_shrtim_1.o(.text)
    SHRTIM_ClearFlag_CMP3                    0x0800b79d   Thumb Code    58  n32h47x_48x_shrtim_1.o(.text)
    SHRTIM_IsActiveFlag_CMP3                 0x0800b7d9   Thumb Code    56  n32h47x_48x_shrtim_1.o(.text)
    SHRTIM_ClearFlag_CMP4                    0x0800b811   Thumb Code    58  n32h47x_48x_shrtim_1.o(.text)
    SHRTIM_IsActiveFlag_CMP4                 0x0800b84d   Thumb Code    56  n32h47x_48x_shrtim_1.o(.text)
    SHRTIM_ClearFlag_CMP5                    0x0800b885   Thumb Code    58  n32h47x_48x_shrtim_1.o(.text)
    SHRTIM_IsActiveFlag_CMP5                 0x0800b8c1   Thumb Code    56  n32h47x_48x_shrtim_1.o(.text)
    SHRTIM_ClearFlag_CPT1                    0x0800b8f9   Thumb Code    58  n32h47x_48x_shrtim_1.o(.text)
    SHRTIM_IsActiveFlag_CPT1                 0x0800b935   Thumb Code    56  n32h47x_48x_shrtim_1.o(.text)
    SHRTIM_ClearFlag_CPT2                    0x0800b96d   Thumb Code    58  n32h47x_48x_shrtim_1.o(.text)
    SHRTIM_IsActiveFlag_CPT2                 0x0800b9a9   Thumb Code    56  n32h47x_48x_shrtim_1.o(.text)
    SHRTIM_ClearFlag_SET1                    0x0800b9e1   Thumb Code    58  n32h47x_48x_shrtim_1.o(.text)
    SHRTIM_IsActiveFlag_SET1                 0x0800ba1d   Thumb Code    56  n32h47x_48x_shrtim_1.o(.text)
    SHRTIM_ClearFlag_RST1                    0x0800ba55   Thumb Code    58  n32h47x_48x_shrtim_1.o(.text)
    SHRTIM_IsActiveFlag_RST1                 0x0800ba91   Thumb Code    56  n32h47x_48x_shrtim_1.o(.text)
    SHRTIM_ClearFlag_SET2                    0x0800bac9   Thumb Code    58  n32h47x_48x_shrtim_1.o(.text)
    SHRTIM_IsActiveFlag_SET2                 0x0800bb05   Thumb Code    56  n32h47x_48x_shrtim_1.o(.text)
    SHRTIM_ClearFlag_RST2                    0x0800bb3d   Thumb Code    58  n32h47x_48x_shrtim_1.o(.text)
    SHRTIM_IsActiveFlag_RST2                 0x0800bb79   Thumb Code    56  n32h47x_48x_shrtim_1.o(.text)
    SHRTIM_ClearFlag_RST                     0x0800bbb1   Thumb Code    58  n32h47x_48x_shrtim_1.o(.text)
    SHRTIM_IsActiveFlag_RST                  0x0800bbed   Thumb Code    56  n32h47x_48x_shrtim_1.o(.text)
    SHRTIM_ClearFlag_DP                      0x0800bc25   Thumb Code    58  n32h47x_48x_shrtim_1.o(.text)
    SHRTIM_IsActiveFlag_DP                   0x0800bc61   Thumb Code    56  n32h47x_48x_shrtim_1.o(.text)
    SHRTIM_EnableIT_FALT1                    0x0800bc99   Thumb Code    22  n32h47x_48x_shrtim_1.o(.text)
    SHRTIM_DisableIT_FALT1                   0x0800bcb1   Thumb Code    22  n32h47x_48x_shrtim_1.o(.text)
    SHRTIM_IsEnabledIT_FALT1                 0x0800bcc9   Thumb Code    18  n32h47x_48x_shrtim_1.o(.text)
    SHRTIM_EnableIT_FALT2                    0x0800bcdd   Thumb Code    22  n32h47x_48x_shrtim_1.o(.text)
    SHRTIM_DisableIT_FALT2                   0x0800bcf5   Thumb Code    22  n32h47x_48x_shrtim_1.o(.text)
    SHRTIM_IsEnabledIT_FALT2                 0x0800bd0d   Thumb Code    18  n32h47x_48x_shrtim_1.o(.text)
    SHRTIM_EnableIT_FALT3                    0x0800bd21   Thumb Code    22  n32h47x_48x_shrtim_1.o(.text)
    SHRTIM_DisableIT_FALT3                   0x0800bd39   Thumb Code    22  n32h47x_48x_shrtim_1.o(.text)
    SHRTIM_IsEnabledIT_FALT3                 0x0800bd51   Thumb Code    18  n32h47x_48x_shrtim_1.o(.text)
    SHRTIM_EnableIT_FALT4                    0x0800bd65   Thumb Code    22  n32h47x_48x_shrtim_1.o(.text)
    SHRTIM_DisableIT_FALT4                   0x0800bd7d   Thumb Code    22  n32h47x_48x_shrtim_1.o(.text)
    SHRTIM_IsEnabledIT_FALT4                 0x0800bd95   Thumb Code    18  n32h47x_48x_shrtim_1.o(.text)
    SHRTIM_EnableIT_FALT5                    0x0800bda9   Thumb Code    22  n32h47x_48x_shrtim_1.o(.text)
    SHRTIM_DisableIT_FALT5                   0x0800bdc1   Thumb Code    22  n32h47x_48x_shrtim_1.o(.text)
    SHRTIM_IsEnabledIT_FALT5                 0x0800bdd9   Thumb Code    18  n32h47x_48x_shrtim_1.o(.text)
    SHRTIM_EnableIT_FALT6                    0x0800bded   Thumb Code    22  n32h47x_48x_shrtim_1.o(.text)
    SHRTIM_DisableIT_FALT6                   0x0800be05   Thumb Code    22  n32h47x_48x_shrtim_1.o(.text)
    SHRTIM_IsEnabledIT_FALT6                 0x0800be1d   Thumb Code    18  n32h47x_48x_shrtim_1.o(.text)
    SHRTIM_EnableIT_SYSFALT                  0x0800be31   Thumb Code    22  n32h47x_48x_shrtim_1.o(.text)
    SHRTIM_DisableIT_SYSFALT                 0x0800be49   Thumb Code    22  n32h47x_48x_shrtim_1.o(.text)
    SHRTIM_IsEnabledIT_SYSFALT               0x0800be61   Thumb Code    18  n32h47x_48x_shrtim_1.o(.text)
    SHRTIM_EnableIT_BMPRD                    0x0800be75   Thumb Code    22  n32h47x_48x_shrtim_1.o(.text)
    SHRTIM_DisableIT_BMPRD                   0x0800be8d   Thumb Code    22  n32h47x_48x_shrtim_1.o(.text)
    SHRTIM_IsEnabledIT_BMPRD                 0x0800bea5   Thumb Code    18  n32h47x_48x_shrtim_1.o(.text)
    SHRTIM_EnableIT_SYNC                     0x0800beb9   Thumb Code    18  n32h47x_48x_shrtim_1.o(.text)
    SHRTIM_DisableIT_SYNC                    0x0800becd   Thumb Code    18  n32h47x_48x_shrtim_1.o(.text)
    SHRTIM_IsEnabledIT_SYNC                  0x0800bee1   Thumb Code    16  n32h47x_48x_shrtim_1.o(.text)
    SHRTIM_EnableIT_UPDATE                   0x0800bef1   Thumb Code    58  n32h47x_48x_shrtim_1.o(.text)
    SHRTIM_DisableIT_UPDATE                  0x0800bf2d   Thumb Code    58  n32h47x_48x_shrtim_1.o(.text)
    SHRTIM_IsEnabledIT_UPDATE                0x0800bf69   Thumb Code    56  n32h47x_48x_shrtim_1.o(.text)
    SHRTIM_EnableIT_REP                      0x0800bfa1   Thumb Code    88  n32h47x_48x_shrtim_1.o(.text)
    SHRTIM_DisableIT_REP                     0x0800bff9   Thumb Code    88  n32h47x_48x_shrtim_1.o(.text)
    SHRTIM_IsEnabledIT_REP                   0x0800c051   Thumb Code    90  n32h47x_48x_shrtim_1.o(.text)
    SHRTIM_EnableIT_CMP1                     0x0800c0ad   Thumb Code    58  n32h47x_48x_shrtim_1.o(.text)
    SHRTIM_DisableIT_CMP1                    0x0800c0e9   Thumb Code    58  n32h47x_48x_shrtim_1.o(.text)
    SHRTIM_IsEnabledIT_CMP1                  0x0800c125   Thumb Code    56  n32h47x_48x_shrtim_1.o(.text)
    SHRTIM_EnableIT_CMP2                     0x0800c15d   Thumb Code    58  n32h47x_48x_shrtim_1.o(.text)
    SHRTIM_DisableIT_CMP2                    0x0800c199   Thumb Code    58  n32h47x_48x_shrtim_1.o(.text)
    SHRTIM_IsEnabledIT_CMP2                  0x0800c1d5   Thumb Code    56  n32h47x_48x_shrtim_1.o(.text)
    SHRTIM_EnableIT_CMP3                     0x0800c20d   Thumb Code    58  n32h47x_48x_shrtim_1.o(.text)
    SHRTIM_DisableIT_CMP3                    0x0800c249   Thumb Code    58  n32h47x_48x_shrtim_1.o(.text)
    SHRTIM_IsEnabledIT_CMP3                  0x0800c285   Thumb Code    56  n32h47x_48x_shrtim_1.o(.text)
    SHRTIM_EnableIT_CMP4                     0x0800c2bd   Thumb Code    58  n32h47x_48x_shrtim_1.o(.text)
    SHRTIM_DisableIT_CMP4                    0x0800c2f9   Thumb Code    58  n32h47x_48x_shrtim_1.o(.text)
    SHRTIM_IsEnabledIT_CMP4                  0x0800c335   Thumb Code    56  n32h47x_48x_shrtim_1.o(.text)
    SHRTIM_EnableIT_CPT1                     0x0800c36d   Thumb Code    58  n32h47x_48x_shrtim_1.o(.text)
    SHRTIM_DisableIT_CPT1                    0x0800c3a9   Thumb Code    58  n32h47x_48x_shrtim_1.o(.text)
    SHRTIM_IsEnabledIT_CPT1                  0x0800c3e5   Thumb Code    56  n32h47x_48x_shrtim_1.o(.text)
    SHRTIM_EnableIT_CPT2                     0x0800c41d   Thumb Code    58  n32h47x_48x_shrtim_1.o(.text)
    SHRTIM_DisableIT_CPT2                    0x0800c459   Thumb Code    58  n32h47x_48x_shrtim_1.o(.text)
    SHRTIM_IsEnabledIT_CPT2                  0x0800c495   Thumb Code    56  n32h47x_48x_shrtim_1.o(.text)
    SHRTIM_EnableIT_SET1                     0x0800c4cd   Thumb Code    58  n32h47x_48x_shrtim_1.o(.text)
    SHRTIM_DisableIT_SET1                    0x0800c509   Thumb Code    58  n32h47x_48x_shrtim_1.o(.text)
    SHRTIM_IsEnabledIT_SET1                  0x0800c545   Thumb Code    56  n32h47x_48x_shrtim_1.o(.text)
    SHRTIM_EnableIT_RST1                     0x0800c57d   Thumb Code    58  n32h47x_48x_shrtim_1.o(.text)
    SHRTIM_DisableIT_RST1                    0x0800c5b9   Thumb Code    58  n32h47x_48x_shrtim_1.o(.text)
    SHRTIM_IsEnabledIT_RST1                  0x0800c5f5   Thumb Code    56  n32h47x_48x_shrtim_1.o(.text)
    SHRTIM_EnableIT_SET2                     0x0800c62d   Thumb Code    58  n32h47x_48x_shrtim_1.o(.text)
    SHRTIM_DisableIT_SET2                    0x0800c669   Thumb Code    58  n32h47x_48x_shrtim_1.o(.text)
    SHRTIM_IsEnabledIT_SET2                  0x0800c6a5   Thumb Code    56  n32h47x_48x_shrtim_1.o(.text)
    SHRTIM_EnableIT_RST2                     0x0800c6dd   Thumb Code    58  n32h47x_48x_shrtim_1.o(.text)
    SHRTIM_DisableIT_RST2                    0x0800c719   Thumb Code    58  n32h47x_48x_shrtim_1.o(.text)
    SHRTIM_IsEnabledIT_RST2                  0x0800c755   Thumb Code    56  n32h47x_48x_shrtim_1.o(.text)
    SHRTIM_EnableIT_RST                      0x0800c78d   Thumb Code    58  n32h47x_48x_shrtim_1.o(.text)
    SHRTIM_DisableIT_RST                     0x0800c7c9   Thumb Code    58  n32h47x_48x_shrtim_1.o(.text)
    SHRTIM_IsEnabledIT_RST                   0x0800c805   Thumb Code    56  n32h47x_48x_shrtim_1.o(.text)
    SHRTIM_EnableIT_DP                       0x0800c83d   Thumb Code    58  n32h47x_48x_shrtim_1.o(.text)
    SHRTIM_DisableIT_DP                      0x0800c879   Thumb Code    58  n32h47x_48x_shrtim_1.o(.text)
    SHRTIM_IsEnabledIT_DP                    0x0800c8b5   Thumb Code    56  n32h47x_48x_shrtim_1.o(.text)
    SHRTIM_EnableDMAReq_SYNC                 0x0800c8ed   Thumb Code    18  n32h47x_48x_shrtim_1.o(.text)
    SHRTIM_DisableDMAReq_SYNC                0x0800c901   Thumb Code    18  n32h47x_48x_shrtim_1.o(.text)
    SHRTIM_IsEnabledDMAReq_SYNC              0x0800c915   Thumb Code    16  n32h47x_48x_shrtim_1.o(.text)
    SHRTIM_EnableDMAReq_UPDATE               0x0800c925   Thumb Code    58  n32h47x_48x_shrtim_1.o(.text)
    SHRTIM_DisableDMAReq_UPDATE              0x0800c961   Thumb Code    58  n32h47x_48x_shrtim_1.o(.text)
    SHRTIM_IsEnabledDMAReq_UPDATE            0x0800c99d   Thumb Code    56  n32h47x_48x_shrtim_1.o(.text)
    SHRTIM_EnableDMAReq_REP                  0x0800c9d5   Thumb Code    58  n32h47x_48x_shrtim_1.o(.text)
    SHRTIM_DisableDMAReq_REP                 0x0800ca11   Thumb Code    58  n32h47x_48x_shrtim_1.o(.text)
    SHRTIM_IsEnabledDMAReq_REP               0x0800ca4d   Thumb Code    56  n32h47x_48x_shrtim_1.o(.text)
    SHRTIM_EnableDMAReq_CMP1                 0x0800ca85   Thumb Code    58  n32h47x_48x_shrtim_1.o(.text)
    SHRTIM_DisableDMAReq_CMP1                0x0800cac1   Thumb Code    58  n32h47x_48x_shrtim_1.o(.text)
    SHRTIM_IsEnabledDMAReq_CMP1              0x0800cafd   Thumb Code    56  n32h47x_48x_shrtim_1.o(.text)
    SHRTIM_EnableDMAReq_CMP2                 0x0800cb35   Thumb Code    58  n32h47x_48x_shrtim_1.o(.text)
    SHRTIM_DisableDMAReq_CMP2                0x0800cb71   Thumb Code    58  n32h47x_48x_shrtim_1.o(.text)
    SHRTIM_IsEnabledDMAReq_CMP2              0x0800cbad   Thumb Code    56  n32h47x_48x_shrtim_1.o(.text)
    SHRTIM_EnableDMAReq_CMP3                 0x0800cbe5   Thumb Code    58  n32h47x_48x_shrtim_1.o(.text)
    SHRTIM_DisableDMAReq_CMP3                0x0800cc21   Thumb Code    58  n32h47x_48x_shrtim_1.o(.text)
    SHRTIM_IsEnabledDMAReq_CMP3              0x0800cc5d   Thumb Code    56  n32h47x_48x_shrtim_1.o(.text)
    SHRTIM_EnableDMAReq_CMP4                 0x0800cc95   Thumb Code    58  n32h47x_48x_shrtim_1.o(.text)
    SHRTIM_DisableDMAReq_CMP4                0x0800ccd1   Thumb Code    58  n32h47x_48x_shrtim_1.o(.text)
    SHRTIM_IsEnabledDMAReq_CMP4              0x0800cd0d   Thumb Code    56  n32h47x_48x_shrtim_1.o(.text)
    SHRTIM_EnableDMAReq_CPT1                 0x0800cd45   Thumb Code    58  n32h47x_48x_shrtim_1.o(.text)
    SHRTIM_DisableDMAReq_CPT1                0x0800cd81   Thumb Code    58  n32h47x_48x_shrtim_1.o(.text)
    SHRTIM_IsEnabledDMAReq_CPT1              0x0800cdbd   Thumb Code    56  n32h47x_48x_shrtim_1.o(.text)
    SHRTIM_EnableDMAReq_CPT2                 0x0800cdf5   Thumb Code    58  n32h47x_48x_shrtim_1.o(.text)
    SHRTIM_DisableDMAReq_CPT2                0x0800ce31   Thumb Code    58  n32h47x_48x_shrtim_1.o(.text)
    SHRTIM_IsEnabledDMAReq_CPT2              0x0800ce6d   Thumb Code    56  n32h47x_48x_shrtim_1.o(.text)
    SHRTIM_EnableDMAReq_SET1                 0x0800cea5   Thumb Code    58  n32h47x_48x_shrtim_1.o(.text)
    SHRTIM_DisableDMAReq_SET1                0x0800cee1   Thumb Code    58  n32h47x_48x_shrtim_1.o(.text)
    SHRTIM_IsEnabledDMAReq_SET1              0x0800cf1d   Thumb Code    56  n32h47x_48x_shrtim_1.o(.text)
    SHRTIM_EnableDMAReq_RST1                 0x0800cf55   Thumb Code    58  n32h47x_48x_shrtim_1.o(.text)
    SHRTIM_DisableDMAReq_RST1                0x0800cf91   Thumb Code    58  n32h47x_48x_shrtim_1.o(.text)
    SHRTIM_IsEnabledDMAReq_RST1              0x0800cfcd   Thumb Code    56  n32h47x_48x_shrtim_1.o(.text)
    SHRTIM_EnableDMAReq_SET2                 0x0800d005   Thumb Code    58  n32h47x_48x_shrtim_1.o(.text)
    SHRTIM_DisableDMAReq_SET2                0x0800d041   Thumb Code    58  n32h47x_48x_shrtim_1.o(.text)
    SHRTIM_IsEnabledDMAReq_SET2              0x0800d07d   Thumb Code    56  n32h47x_48x_shrtim_1.o(.text)
    SHRTIM_EnableDMAReq_RST2                 0x0800d0b5   Thumb Code    58  n32h47x_48x_shrtim_1.o(.text)
    SHRTIM_DisableDMAReq_RST2                0x0800d0f1   Thumb Code    58  n32h47x_48x_shrtim_1.o(.text)
    SHRTIM_IsEnabledDMAReq_RST2              0x0800d12d   Thumb Code    56  n32h47x_48x_shrtim_1.o(.text)
    SHRTIM_EnableDMAReq_RST                  0x0800d165   Thumb Code    58  n32h47x_48x_shrtim_1.o(.text)
    SHRTIM_DisableDMAReq_RST                 0x0800d1a1   Thumb Code    58  n32h47x_48x_shrtim_1.o(.text)
    SHRTIM_IsEnabledDMAReq_RST               0x0800d1dd   Thumb Code    56  n32h47x_48x_shrtim_1.o(.text)
    SHRTIM_EnableDMAReq_DP                   0x0800d215   Thumb Code    58  n32h47x_48x_shrtim_1.o(.text)
    SHRTIM_DisableDMAReq_DP                  0x0800d251   Thumb Code    58  n32h47x_48x_shrtim_1.o(.text)
    SHRTIM_IsEnabledDMAReq_DP                0x0800d28d   Thumb Code    56  n32h47x_48x_shrtim_1.o(.text)
    SHRTIM_DisableDebugHaltAllTimers         0x0800d2c5   Thumb Code    18  n32h47x_48x_shrtim_1.o(.text)
    SHRTIM_EnableDebugHaltAllTimers          0x0800d2d9   Thumb Code    18  n32h47x_48x_shrtim_1.o(.text)
    SHRTIM_IsEnabledDebugHaltAllTimers       0x0800d2ed   Thumb Code    20  n32h47x_48x_shrtim_1.o(.text)
    SHRTIM_EnableDebugHaltTimer              0x0800d301   Thumb Code    30  n32h47x_48x_shrtim_1.o(.text)
    SHRTIM_DisableDebugHaltTimer             0x0800d321   Thumb Code    26  n32h47x_48x_shrtim_1.o(.text)
    SHRTIM_IsEnabledDebugHaltTimer           0x0800d33d   Thumb Code    30  n32h47x_48x_shrtim_1.o(.text)
    PWR_DeInit                               0x0800d35d   Thumb Code    10  n32h47x_48x_pwr_1.o(.text)
    PWR_BackupAccessEnable                   0x0800d369   Thumb Code    22  n32h47x_48x_pwr_1.o(.text)
    PWR_PvdEnable                            0x0800d381   Thumb Code    22  n32h47x_48x_pwr_1.o(.text)
    PWR_PVDLevelConfig                       0x0800d399   Thumb Code    36  n32h47x_48x_pwr_1.o(.text)
    PWR_PVDSourceConfig                      0x0800d3bd   Thumb Code    48  n32h47x_48x_pwr_1.o(.text)
    PWR_PVDINPinSelect                       0x0800d3ed   Thumb Code    52  n32h47x_48x_pwr_1.o(.text)
    PWR_WakeUpPinEnable                      0x0800d421   Thumb Code    54  n32h47x_48x_pwr_1.o(.text)
    PWR_WakeUpPinPolarity                    0x0800d459   Thumb Code    54  n32h47x_48x_pwr_1.o(.text)
    PWR_WakeUpPeriphEnable                   0x0800d491   Thumb Code    54  n32h47x_48x_pwr_1.o(.text)
    PWR_EnterSLEEPMode                       0x0800d4c9   Thumb Code    98  n32h47x_48x_pwr_1.o(.text)
    PWR_EnterSTOPMode                        0x0800d52d   Thumb Code    94  n32h47x_48x_pwr_1.o(.text)
    PWR_EnterSTANDBYMode                     0x0800d58d   Thumb Code    52  n32h47x_48x_pwr_1.o(.text)
    PWR_GetFlagStatus                        0x0800d5c1   Thumb Code    44  n32h47x_48x_pwr_1.o(.text)
    PWR_ClearFlag                            0x0800d5ed   Thumb Code    20  n32h47x_48x_pwr_1.o(.text)
    PWR_ConfigBKROutput                      0x0800d601   Thumb Code    50  n32h47x_48x_pwr_1.o(.text)
    PWR_EnableIWDGReset                      0x0800d635   Thumb Code    52  n32h47x_48x_pwr_1.o(.text)
    PWR_EnableBKPSRAMRetainInStandbyMode     0x0800d669   Thumb Code    52  n32h47x_48x_pwr_1.o(.text)
    PWR_EnableBKPSRAMRetainInVbatMode        0x0800d69d   Thumb Code    52  n32h47x_48x_pwr_1.o(.text)
    PWR_EnableLSENoiseMitigation             0x0800d6d1   Thumb Code    52  n32h47x_48x_pwr_1.o(.text)
    PWR_EnableLSECSSCrystalInt               0x0800d705   Thumb Code    52  n32h47x_48x_pwr_1.o(.text)
    PWR_ConfigLSECSSBypassHighLimit          0x0800d739   Thumb Code    50  n32h47x_48x_pwr_1.o(.text)
    PWR_EnableLSECSSRTCsourceSwitch          0x0800d76d   Thumb Code    52  n32h47x_48x_pwr_1.o(.text)
    PWR_GetLSECSSFlagStatus                  0x0800d7a1   Thumb Code    90  n32h47x_48x_pwr_1.o(.text)
    PWR_ClearLSECSSFlag                      0x0800d7fd   Thumb Code    16  n32h47x_48x_pwr_1.o(.text)
    PWR_ConfigLco                            0x0800d80d   Thumb Code    50  n32h47x_48x_pwr_1.o(.text)
    PWR_EnableLCO                            0x0800d841   Thumb Code    52  n32h47x_48x_pwr_1.o(.text)
    PWR_ConfigNRSTMode                       0x0800d875   Thumb Code    38  n32h47x_48x_pwr_1.o(.text)
    PWR_ConfigNRSTDigitalFilterWidth         0x0800d89d   Thumb Code    42  n32h47x_48x_pwr_1.o(.text)
    PWR_EnableNRSTDigitalFilter              0x0800d8c9   Thumb Code    52  n32h47x_48x_pwr_1.o(.text)
    PWR_EnableNRSTAnalogFilter               0x0800d8fd   Thumb Code    52  n32h47x_48x_pwr_1.o(.text)
    __aeabi_uldivmod                         0x0800d931   Thumb Code    98  uldiv.o(.text)
    __aeabi_ui2d                             0x0800d993   Thumb Code    26  dfltui.o(.text)
    __aeabi_ul2d                             0x0800d9ad   Thumb Code    24  dfltul.o(.text)
    __aeabi_d2uiz                            0x0800d9c5   Thumb Code    50  dfixui.o(.text)
    __aeabi_llsl                             0x0800d9f7   Thumb Code    30  llshl.o(.text)
    _ll_shift_l                              0x0800d9f7   Thumb Code     0  llshl.o(.text)
    __aeabi_llsr                             0x0800da15   Thumb Code    32  llushr.o(.text)
    _ll_ushift_r                             0x0800da15   Thumb Code     0  llushr.o(.text)
    __I$use$fp                               0x0800da35   Thumb Code     0  iusefp.o(.text)
    _double_round                            0x0800da35   Thumb Code    30  depilogue.o(.text)
    _double_epilogue                         0x0800da53   Thumb Code   156  depilogue.o(.text)
    __aeabi_dadd                             0x0800daef   Thumb Code   322  dadd.o(.text)
    __aeabi_dsub                             0x0800dc31   Thumb Code     6  dadd.o(.text)
    __aeabi_drsub                            0x0800dc37   Thumb Code     6  dadd.o(.text)
    __aeabi_cdrcmple                         0x0800dc3d   Thumb Code    48  cdrcmple.o(.text)
    __scatterload                            0x0800dc6d   Thumb Code    38  init.o(.text)
    __scatterload_rt2                        0x0800dc6d   Thumb Code     0  init.o(.text)
    __aeabi_lasr                             0x0800dc9d   Thumb Code    36  llsshr.o(.text)
    _ll_sshift_r                             0x0800dc9d   Thumb Code     0  llsshr.o(.text)
    __hardfp_floor                           0x0800dcc1   Thumb Code   252  floor.o(i.__hardfp_floor)
    __scatterload_copy                       0x0800ddd9   Thumb Code    14  handlers.o(i.__scatterload_copy)
    __scatterload_null                       0x0800dde7   Thumb Code     2  handlers.o(i.__scatterload_null)
    __scatterload_zeroinit                   0x0800dde9   Thumb Code    14  handlers.o(i.__scatterload_zeroinit)
    Region$$Table$$Base                      0x0800dfb0   Number         0  anon$$obj.o(Region$$Table)
    Region$$Table$$Limit                     0x0800dfd0   Number         0  anon$$obj.o(Region$$Table)
    SystemCoreClock                          0x20000000   Data           4  system_n32h47x_48x.o(.data.SystemCoreClock)
    mwTick                                   0x20000008   Data           4  n32h47x_48x_cfg.o(.bss.mwTick)
    __initial_sp                             0x20000210   Data           0  startup_n32h47x_48x.o(STACK)



==============================================================================

Memory Map of the image

  Image Entry point : 0x08000219

  Load Region LR_IROM1 (Base: 0x08000000, Size: 0x0000dfd8, Max: 0x00080000, ABSOLUTE)

    Execution Region ER_IROM1 (Exec base: 0x08000000, Load base: 0x08000000, Size: 0x0000dfd0, Max: 0x00080000, ABSOLUTE)

    Exec Addr    Load Addr    Size         Type   Attr      Idx    E Section Name        Object

    0x08000000   0x08000000   0x00000218   Data   RO            3    RESET               startup_n32h47x_48x.o
    0x08000218   0x08000218   0x00000000   Code   RO          195  * .ARM.Collect$$$$00000000  mc_w.l(entry.o)
    0x08000218   0x08000218   0x00000004   Code   RO          210    .ARM.Collect$$$$00000001  mc_w.l(entry2.o)
    0x0800021c   0x0800021c   0x00000004   Code   RO          213    .ARM.Collect$$$$00000004  mc_w.l(entry5.o)
    0x08000220   0x08000220   0x00000000   Code   RO          215    .ARM.Collect$$$$00000008  mc_w.l(entry7b.o)
    0x08000220   0x08000220   0x00000000   Code   RO          217    .ARM.Collect$$$$0000000A  mc_w.l(entry8b.o)
    0x08000220   0x08000220   0x00000008   Code   RO          218    .ARM.Collect$$$$0000000B  mc_w.l(entry9a.o)
    0x08000228   0x08000228   0x00000000   Code   RO          220    .ARM.Collect$$$$0000000D  mc_w.l(entry10a.o)
    0x08000228   0x08000228   0x00000000   Code   RO          222    .ARM.Collect$$$$0000000F  mc_w.l(entry11a.o)
    0x08000228   0x08000228   0x00000004   Code   RO          211    .ARM.Collect$$$$00002712  mc_w.l(entry2.o)
    0x0800022c   0x0800022c   0x00000024   Code   RO            4    .text               startup_n32h47x_48x.o
    0x08000250   0x08000250   0x000004b6   Code   RO           10    .text               system_n32h47x_48x.o
    0x08000706   0x08000706   0x00000002   PAD
    0x08000708   0x08000708   0x00000044   Code   RO           20    .text               main.o
    0x0800074c   0x0800074c   0x0000002c   Code   RO           28    .text               n32h47x_48x_it.o
    0x08000778   0x08000778   0x00000e04   Code   RO           35    .text               n32h47x_48x_cfg.o
    0x0800157c   0x0800157c   0x000011f8   Code   RO           43    .text               n32h47x_48x_flash_1.o
    0x08002774   0x08002774   0x0000184c   Code   RO           50    .text               n32h47x_48x_rcc_1.o
    0x08003fc0   0x08003fc0   0x00000158   Code   RO           58    .text               misc_1.o
    0x08004118   0x08004118   0x00000c6c   Code   RO           72    .text               n32h47x_48x_gpio_1.o
    0x08004d84   0x08004d84   0x00000988   Code   RO           79    .text               n32h47x_48x_usart_1.o
    0x0800570c   0x0800570c   0x00000b86   Code   RO          103    .text               n32h47x_48x_dac_1.o
    0x08006292   0x08006292   0x00000002   PAD
    0x08006294   0x08006294   0x00001200   Code   RO          117    .text               n32h47x_48x_adc_1.o
    0x08007494   0x08007494   0x000001a4   Code   RO          131    .text               n32h47x_48x_crc_1.o
    0x08007638   0x08007638   0x00005d22   Code   RO          145    .text               n32h47x_48x_shrtim_1.o
    0x0800d35a   0x0800d35a   0x00000002   PAD
    0x0800d35c   0x0800d35c   0x000005d4   Code   RO          182    .text               n32h47x_48x_pwr_1.o
    0x0800d930   0x0800d930   0x00000062   Code   RO          198    .text               mc_w.l(uldiv.o)
    0x0800d992   0x0800d992   0x0000001a   Code   RO          204    .text               mf_w.l(dfltui.o)
    0x0800d9ac   0x0800d9ac   0x00000018   Code   RO          206    .text               mf_w.l(dfltul.o)
    0x0800d9c4   0x0800d9c4   0x00000032   Code   RO          208    .text               mf_w.l(dfixui.o)
    0x0800d9f6   0x0800d9f6   0x0000001e   Code   RO          224    .text               mc_w.l(llshl.o)
    0x0800da14   0x0800da14   0x00000020   Code   RO          226    .text               mc_w.l(llushr.o)
    0x0800da34   0x0800da34   0x00000000   Code   RO          228    .text               mc_w.l(iusefp.o)
    0x0800da34   0x0800da34   0x000000ba   Code   RO          229    .text               mf_w.l(depilogue.o)
    0x0800daee   0x0800daee   0x0000014e   Code   RO          231    .text               mf_w.l(dadd.o)
    0x0800dc3c   0x0800dc3c   0x00000030   Code   RO          233    .text               mf_w.l(cdrcmple.o)
    0x0800dc6c   0x0800dc6c   0x00000030   Code   RO          235    .text               mc_w.l(init.o)
    0x0800dc9c   0x0800dc9c   0x00000024   Code   RO          237    .text               mc_w.l(llsshr.o)
    0x0800dcc0   0x0800dcc0   0x00000118   Code   RO          189    i.__hardfp_floor    m_wm.l(floor.o)
    0x0800ddd8   0x0800ddd8   0x0000000e   Code   RO          241    i.__scatterload_copy  mc_w.l(handlers.o)
    0x0800dde6   0x0800dde6   0x00000002   Code   RO          242    i.__scatterload_null  mc_w.l(handlers.o)
    0x0800dde8   0x0800dde8   0x0000000e   Code   RO          243    i.__scatterload_zeroinit  mc_w.l(handlers.o)
    0x0800ddf6   0x0800ddf6   0x00000002   PAD
    0x0800ddf8   0x0800ddf8   0x00000038   Data   RO          151    .rodata.REG_MASK_TAB_ADTGSRC  n32h47x_48x_shrtim_1.o
    0x0800de30   0x0800de30   0x00000028   Data   RO          149    .rodata.REG_MASK_TAB_ADTGUPD  n32h47x_48x_shrtim_1.o
    0x0800de58   0x0800de58   0x00000018   Data   RO          161    .rodata.REG_MASK_TAB_CPT  n32h47x_48x_shrtim_1.o
    0x0800de70   0x0800de70   0x0000001c   Data   RO          156    .rodata.REG_MASK_TAB_ILV  n32h47x_48x_shrtim_1.o
    0x0800de8c   0x0800de8c   0x0000001c   Data   RO          159    .rodata.REG_MASK_TAB_UPDATEGATING  n32h47x_48x_shrtim_1.o
    0x0800dea8   0x0800dea8   0x00000020   Data   RO          157    .rodata.REG_MASK_TAB_UPDATETRIG  n32h47x_48x_shrtim_1.o
    0x0800dec8   0x0800dec8   0x0000000a   Data   RO          153    .rodata.REG_OFFSET_TAB_ADCPSx  n32h47x_48x_shrtim_1.o
    0x0800ded2   0x0800ded2   0x0000000e   Data   RO          148    .rodata.REG_OFFSET_TAB_ADTGSRC  n32h47x_48x_shrtim_1.o
    0x0800dee0   0x0800dee0   0x0000000a   Data   RO          147    .rodata.REG_OFFSET_TAB_ADTGUPD  n32h47x_48x_shrtim_1.o
    0x0800deea   0x0800deea   0x0000000a   Data   RO          164    .rodata.REG_OFFSET_TAB_EXEVCTRL  n32h47x_48x_shrtim_1.o
    0x0800def4   0x0800def4   0x00000006   Data   RO          175    .rodata.REG_OFFSET_TAB_FALTIN  n32h47x_48x_shrtim_1.o
    0x0800defa   0x0800defa   0x0000000e   Data   RO          154    .rodata.REG_OFFSET_TAB_TIMER  n32h47x_48x_shrtim_1.o
    0x0800df08   0x0800df08   0x00000018   Data   RO          167    .rodata.REG_OFFSET_TAB_TxOUT  n32h47x_48x_shrtim_1.o
    0x0800df20   0x0800df20   0x00000018   Data   RO          166    .rodata.REG_OFFSET_TAB_TxSET  n32h47x_48x_shrtim_1.o
    0x0800df38   0x0800df38   0x0000000e   Data   RO          152    .rodata.REG_SHIFT_TAB_ADTGSRC  n32h47x_48x_shrtim_1.o
    0x0800df46   0x0800df46   0x0000000a   Data   RO          150    .rodata.REG_SHIFT_TAB_ADTGUPD  n32h47x_48x_shrtim_1.o
    0x0800df50   0x0800df50   0x00000006   Data   RO          162    .rodata.REG_SHIFT_TAB_CPT  n32h47x_48x_shrtim_1.o
    0x0800df56   0x0800df56   0x0000000a   Data   RO          165    .rodata.REG_SHIFT_TAB_EXEVx  n32h47x_48x_shrtim_1.o
    0x0800df60   0x0800df60   0x0000000a   Data   RO          171    .rodata.REG_SHIFT_TAB_EXEVxCSEL  n32h47x_48x_shrtim_1.o
    0x0800df6a   0x0800df6a   0x00000006   Data   RO          173    .rodata.REG_SHIFT_TAB_FALTx  n32h47x_48x_shrtim_1.o
    0x0800df70   0x0800df70   0x00000006   Data   RO          174    .rodata.REG_SHIFT_TAB_FALTxCSEL  n32h47x_48x_shrtim_1.o
    0x0800df76   0x0800df76   0x00000006   Data   RO          176    .rodata.REG_SHIFT_TAB_FALTxE  n32h47x_48x_shrtim_1.o
    0x0800df7c   0x0800df7c   0x00000006   Data   RO          172    .rodata.REG_SHIFT_TAB_FALTxF  n32h47x_48x_shrtim_1.o
    0x0800df82   0x0800df82   0x00000007   Data   RO          155    .rodata.REG_SHIFT_TAB_ILV  n32h47x_48x_shrtim_1.o
    0x0800df89   0x0800df89   0x0000000c   Data   RO          169    .rodata.REG_SHIFT_TAB_OxSTS  n32h47x_48x_shrtim_1.o
    0x0800df95   0x0800df95   0x0000000c   Data   RO          168    .rodata.REG_SHIFT_TAB_TxOUT  n32h47x_48x_shrtim_1.o
    0x0800dfa1   0x0800dfa1   0x00000007   Data   RO          160    .rodata.REG_SHIFT_TAB_UPDATEGATING  n32h47x_48x_shrtim_1.o
    0x0800dfa8   0x0800dfa8   0x00000007   Data   RO          158    .rodata.REG_SHIFT_TAB_UPDATETRIG  n32h47x_48x_shrtim_1.o
    0x0800dfaf   0x0800dfaf   0x00000001   PAD
    0x0800dfb0   0x0800dfb0   0x00000020   Data   RO          240    Region$$Table       anon$$obj.o


    Execution Region RW_IRAM1 (Exec base: 0x20000000, Load base: 0x0800dfd0, Size: 0x00000210, Max: 0x00030000, ABSOLUTE)

    Exec Addr    Load Addr    Size         Type   Attr      Idx    E Section Name        Object

    0x20000000   0x0800dfd0   0x00000004   Data   RW           12    .data.SystemCoreClock  system_n32h47x_48x.o
    0x20000004   0x0800dfd4   0x00000004   PAD
    0x20000008        -       0x00000004   Zero   RW           37    .bss.mwTick         n32h47x_48x_cfg.o
    0x2000000c   0x0800dfd4   0x00000004   PAD
    0x20000010        -       0x00000200   Zero   RW            1    STACK               startup_n32h47x_48x.o


==============================================================================

Image component sizes


      Code (inc. data)   RO Data    RW Data    ZI Data      Debug   Object Name

        68          0          0          0          0        403   main.o
       344          0          0          0          0       2943   misc_1.o
      4608          0          0          0          0      16431   n32h47x_48x_adc_1.o
      3588          0          0          0          4      14176   n32h47x_48x_cfg.o
       420          0          0          0          0       2703   n32h47x_48x_crc_1.o
      2950          0          0          0          0       8177   n32h47x_48x_dac_1.o
      4600          0          0          0          0      11598   n32h47x_48x_flash_1.o
      3180          0          0          0          0       9057   n32h47x_48x_gpio_1.o
        44          0          0          0          0        756   n32h47x_48x_it.o
      1492          0          0          0          0       6845   n32h47x_48x_pwr_1.o
      6220          6          0          0          0      15270   n32h47x_48x_rcc_1.o
     23842          0        439          0          0      74037   n32h47x_48x_shrtim_1.o
      2440          0          0          0          0       8315   n32h47x_48x_usart_1.o
        36          8        536          0        512        900   startup_n32h47x_48x.o
      1206          0          0          4          0       5251   system_n32h47x_48x.o

    ----------------------------------------------------------------------
     55044         14       1008          4        524     176862   Object Totals
         0          0         32          0          0          0   (incl. Generated)
         6          0          1          0          8          0   (incl. Padding)

    ----------------------------------------------------------------------

      Code (inc. data)   RO Data    RW Data    ZI Data      Debug   Library Member Name

       280         28          0          0          0        156   floor.o
         0          0          0          0          0          0   entry.o
         0          0          0          0          0          0   entry10a.o
         0          0          0          0          0          0   entry11a.o
         8          4          0          0          0          0   entry2.o
         4          0          0          0          0          0   entry5.o
         0          0          0          0          0          0   entry7b.o
         0          0          0          0          0          0   entry8b.o
         8          4          0          0          0          0   entry9a.o
        30          0          0          0          0          0   handlers.o
        48         10          0          0          0         68   init.o
         0          0          0          0          0          0   iusefp.o
        30          0          0          0          0         68   llshl.o
        36          0          0          0          0         68   llsshr.o
        32          0          0          0          0         68   llushr.o
        98          0          0          0          0         92   uldiv.o
        48          0          0          0          0         68   cdrcmple.o
       334          0          0          0          0        148   dadd.o
       186          0          0          0          0        176   depilogue.o
        50          0          0          0          0         76   dfixui.o
        26          0          0          0          0         76   dfltui.o
        24          0          0          0          0         76   dfltul.o

    ----------------------------------------------------------------------
      1244         46          0          0          0       1140   Library Totals
         2          0          0          0          0          0   (incl. Padding)

    ----------------------------------------------------------------------

      Code (inc. data)   RO Data    RW Data    ZI Data      Debug   Library Name

       280         28          0          0          0        156   m_wm.l
       294         18          0          0          0        364   mc_w.l
       668          0          0          0          0        620   mf_w.l

    ----------------------------------------------------------------------
      1244         46          0          0          0       1140   Library Totals

    ----------------------------------------------------------------------

==============================================================================


      Code (inc. data)   RO Data    RW Data    ZI Data      Debug   

     56288         60       1008          4        524     177478   Grand Totals
     56288         60       1008          4        524     177478   ELF Image Totals
     56288         60       1008          4          0          0   ROM Totals

==============================================================================

    Total RO  Size (Code + RO Data)                57296 (  55.95kB)
    Total RW  Size (RW Data + ZI Data)               528 (   0.52kB)
    Total ROM Size (Code + RO Data + RW Data)      57300 (  55.96kB)

==============================================================================

