Component: Arm Compiler for Embedded 6.23 Tool: armlink [5f102400]

==============================================================================

Section Cross References

    startup_n32h47x_48x.o(RESET) refers to startup_n32h47x_48x.o(STACK) for __initial_sp
    startup_n32h47x_48x.o(RESET) refers to startup_n32h47x_48x.o(.text) for Reset_Handler
    startup_n32h47x_48x.o(RESET) refers to n32h47x_48x_it.o(.text) for NMI_Handler
    startup_n32h47x_48x.o(.text) refers to system_n32h47x_48x.o(.text) for SystemInit
    startup_n32h47x_48x.o(.text) refers to entry.o(.ARM.Collect$$$$00000000) for __main
    system_n32h47x_48x.o(.text) refers to system_n32h47x_48x.o(.data.SystemCoreClock) for SystemCoreClock
    system_n32h47x_48x.o(.ARM.exidx) refers to system_n32h47x_48x.o(.text) for [Anonymous Symbol]
    main.o(.text) refers to n32h47x_48x_cfg.o(.text) for RCC_Configuration
    main.o(.text) refers to n32_csp_adapter.o(.text) for gmp_csp_startup
    main.o(.text) refers to xplt.peripheral.o(.text) for setup_peripheral
    main.o(.text) refers to gmp_std_port.o(.text) for gmp_base_show_label
    main.o(.text) refers to ctl_main.o(.text) for ctl_init
    main.o(.text) refers to user_main.o(.text) for init
    main.o(.ARM.exidx) refers to main.o(.text) for [Anonymous Symbol]
    n32h47x_48x_it.o(.text) refers to n32h47x_48x_cfg.o(.bss.mwTick) for mwTick
    n32h47x_48x_it.o(.text) refers to n32_csp_adapter.o(.text) for gmp_step_system_tick
    n32h47x_48x_it.o(.text) refers to n32h47x_48x_tim.o(.text) for TIM_GetIntStatus
    n32h47x_48x_it.o(.ARM.exidx) refers to n32h47x_48x_it.o(.text) for [Anonymous Symbol]
    n32h47x_48x_cfg.o(.text) refers to n32h47x_48x_cfg.o(.bss.mwTick) for mwTick
    n32h47x_48x_cfg.o(.text) refers to n32h47x_48x_rcc_1.o(.text) for RCC_EnableAHBPeriphReset
    n32h47x_48x_cfg.o(.text) refers to n32h47x_48x_flash_1.o(.text) for FLASH_PrefetchBufSet
    n32h47x_48x_cfg.o(.text) refers to n32h47x_48x_pwr_1.o(.text) for PWR_BackupAccessEnable
    n32h47x_48x_cfg.o(.text) refers to misc_1.o(.text) for NVIC_PriorityGroupConfig
    n32h47x_48x_cfg.o(.text) refers to n32h47x_48x_gpio_1.o(.text) for GPIO_InitStruct
    n32h47x_48x_cfg.o(.text) refers to n32h47x_48x_usart_1.o(.text) for USART_StructInit
    n32h47x_48x_cfg.o(.text) refers to n32h47x_48x_dac_1.o(.text) for DAC_StructInit
    n32h47x_48x_cfg.o(.text) refers to n32h47x_48x_adc_1.o(.text) for ADC_EnableCH1PositiveEndConnetPGA_P
    n32h47x_48x_cfg.o(.text) refers to n32h47x_48x_crc_1.o(.text) for CRC32_ResetCrc
    n32h47x_48x_cfg.o(.text) refers to n32h47x_48x_shrtim_1.o(.text) for SHRTIM_TIM_SetPrescaler
    n32h47x_48x_cfg.o(.text) refers to n32h47x_48x_tim.o(.text) for TIM_InitTimBaseStruct
    n32h47x_48x_cfg.o(.ARM.exidx) refers to n32h47x_48x_cfg.o(.text) for [Anonymous Symbol]
    ctl_main.o(.ARM.exidx) refers to ctl_main.o(.text) for [Anonymous Symbol]
    user_main.o(.text) refers to xplt.peripheral.o(.text) for flush_dl_rx_buffer
    user_main.o(.text) refers to user_main.o(.bss.dl) for dl
    user_main.o(.text) refers to gmp_datalink.o(.text) for gmp_dev_dl_loop_cb
    user_main.o(.text) refers to user_main.o(.bss.pil) for pil
    user_main.o(.text) refers to gmp_pil_core.o(.text) for gmp_pil_sim_rx_cb
    user_main.o(.text) refers to user_main.o(.bss.tunable) for tunable
    user_main.o(.text) refers to gmp_tunable.o(.text) for gmp_param_tunable_rx_cb
    user_main.o(.text) refers to user_main.o(.bss.mem_persp_server) for mem_persp_server
    user_main.o(.text) refers to gmp_mem_presp.o(.text) for gmp_mem_persp_rx_cb
    user_main.o(.text) refers to user_main.o(.bss.sched) for sched
    user_main.o(.text) refers to gmp_process_mgr.o(.text) for gmp_scheduler_init
    user_main.o(.text) refers to user_main.o(.data.tasks) for tasks
    user_main.o(.text) refers to user_main.o(.rodata.dict_m1) for dict_m1
    user_main.o(.text) refers to user_main.o(.rodata.mem_regions) for mem_regions
    user_main.o(.ARM.exidx) refers to user_main.o(.text) for [Anonymous Symbol]
    user_main.o(.rodata.dict_m1) refers to user_main.o(.bss.kp) for kp
    user_main.o(.rodata.dict_m1) refers to user_main.o(.bss.ki) for ki
    user_main.o(.rodata.dict_m1) refers to user_main.o(.bss.kd) for kd
    user_main.o(.rodata.mem_regions) refers to user_main.o(.bss.ram_range) for ram_range
    user_main.o(.data.tasks) refers to user_main.o(.rodata.str1.1) for [Anonymous Symbol]
    user_main.o(.data.tasks) refers to user_main.o(.text) for tsk_dl_debug_device
    crc16.o(.text) refers to crc16.o(.rodata.crc16_ccitt_table) for crc16_ccitt_table
    crc16.o(.ARM.exidx) refers to crc16.o(.text) for [Anonymous Symbol]
    ctl_adv_back_stepping.o(.text) refers to gmp_std_port.o(.text) for _gmp_base_assert
    ctl_adv_back_stepping.o(.ARM.exidx) refers to ctl_adv_back_stepping.o(.text) for [Anonymous Symbol]
    ctl_adv_flpid.o(.text) refers to gmp_std_port.o(.text) for _gmp_base_assert
[...]
    ADC_GetInjectedConversionDat             0x08008b15   Thumb Code    32  n32h47x_48x_adc_1.o(.text)
    ADC_ConfigAnalogWatchdog1WorkChannelType 0x08008b35   Thumb Code    38  n32h47x_48x_adc_1.o(.text)
    ADC_SetAWDG1FilteringConfig              0x08008b5d   Thumb Code    38  n32h47x_48x_adc_1.o(.text)
    ADC_ConfigAnalogWatchdog1SingleChannel   0x08008b85   Thumb Code    44  n32h47x_48x_adc_1.o(.text)
    ADC_SetAnalogWatchdog23MonitChannels     0x08008bb1   Thumb Code    56  n32h47x_48x_adc_1.o(.text)
    ADC_GetAnalogWatchdog23MonitChannels     0x08008be9   Thumb Code    34  n32h47x_48x_adc_1.o(.text)
    ADC_SetAnalogWatchdog23IntConfig         0x08008c0d   Thumb Code    56  n32h47x_48x_adc_1.o(.text)
    ADC_GetAnalogWatchdog23IntConfig         0x08008c45   Thumb Code    34  n32h47x_48x_adc_1.o(.text)
    ADC_GetAnalogWatchdog23StatusFlag        0x08008c69   Thumb Code    34  n32h47x_48x_adc_1.o(.text)
    ADC_ClearAnalogWatchdog23StatusFlag      0x08008c8d   Thumb Code    34  n32h47x_48x_adc_1.o(.text)
    ADC_GetFlagStatus                        0x08008cb1   Thumb Code    46  n32h47x_48x_adc_1.o(.text)
    ADC_ClearFlag                            0x08008ce1   Thumb Code    24  n32h47x_48x_adc_1.o(.text)
    ADC_ConfigInt                            0x08008cf9   Thumb Code    60  n32h47x_48x_adc_1.o(.text)
    ADC_GetIntStatus                         0x08008d35   Thumb Code    66  n32h47x_48x_adc_1.o(.text)
    ADC_ClearIntPendingBit                   0x08008d79   Thumb Code    24  n32h47x_48x_adc_1.o(.text)
    ADC_SetChannelSingleDiff                 0x08008d91   Thumb Code    56  n32h47x_48x_adc_1.o(.text)
    ADC_SetCalibrationFactor                 0x08008dc9   Thumb Code    66  n32h47x_48x_adc_1.o(.text)
    ADC_SetGainCompensation                  0x08008e0d   Thumb Code    52  n32h47x_48x_adc_1.o(.text)
    ADC_SetConvResultBitNum                  0x08008e41   Thumb Code    38  n32h47x_48x_adc_1.o(.text)
    ADC_SelectClockMode                      0x08008e69   Thumb Code    42  n32h47x_48x_adc_1.o(.text)
    ADC_SetBypassCalibration                 0x08008e95   Thumb Code    44  n32h47x_48x_adc_1.o(.text)
    ADC_EnableCalibrationAutoLoad            0x08008ec1   Thumb Code    44  n32h47x_48x_adc_1.o(.text)
    ADC_EnableBatteryVoltageMonitor          0x08008eed   Thumb Code    44  n32h47x_48x_adc_1.o(.text)
    ADC_EnableDeepSleepMode                  0x08008f19   Thumb Code    44  n32h47x_48x_adc_1.o(.text)
    ADC_ConfigOverSamplingRatioAndShift      0x08008f45   Thumb Code    44  n32h47x_48x_adc_1.o(.text)
    ADC_SetOverSamplingScope                 0x08008f71   Thumb Code    38  n32h47x_48x_adc_1.o(.text)
    ADC_EnableOverSamplingDiscont            0x08008f99   Thumb Code    44  n32h47x_48x_adc_1.o(.text)
    ADC_EnableCH1PositiveEndConnetPGA_P      0x08008fc5   Thumb Code    44  n32h47x_48x_adc_1.o(.text)
    ADC_EnableCH1NegtiveEndConnetPGA_N       0x08008ff1   Thumb Code    44  n32h47x_48x_adc_1.o(.text)
    ADC_EnableCH2PositiveEndConnetPGA_N      0x0800901d   Thumb Code    44  n32h47x_48x_adc_1.o(.text)
    ADC_EnableFIFO                           0x08009049   Thumb Code    52  n32h47x_48x_adc_1.o(.text)
    ADC_ClearFIFO                            0x0800907d   Thumb Code    22  n32h47x_48x_adc_1.o(.text)
    ADC_ConfigFIFOWaterLevel                 0x08009095   Thumb Code    44  n32h47x_48x_adc_1.o(.text)
    ADC_GetFIFOInvalidedDataCount            0x080090c1   Thumb Code    18  n32h47x_48x_adc_1.o(.text)
    ADC_GetFIFOFlagStatus                    0x080090d5   Thumb Code    48  n32h47x_48x_adc_1.o(.text)
    ADC_ClearFIFOFlag                        0x08009105   Thumb Code    22  n32h47x_48x_adc_1.o(.text)
    ADC_ConfigFIFOInt                        0x0800911d   Thumb Code    60  n32h47x_48x_adc_1.o(.text)
    ADC_ClearFIFOIntPendingBit               0x08009159   Thumb Code    28  n32h47x_48x_adc_1.o(.text)
    ADC_ConfigRegularExtLineTrigSource       0x08009175   Thumb Code    44  n32h47x_48x_adc_1.o(.text)
    ADC_ConfigInjectedExtLineTrigSource      0x080091a1   Thumb Code    44  n32h47x_48x_adc_1.o(.text)
    ADC_ConfigADCPowerSupport                0x080091cd   Thumb Code    42  n32h47x_48x_adc_1.o(.text)
    ADC_ConfigClk                            0x080091f9   Thumb Code   180  n32h47x_48x_adc_1.o(.text)
    CRC32_ResetCrc                           0x080092ad   Thumb Code    14  n32h47x_48x_crc_1.o(.text)
    CRC32_CalcCrc                            0x080092bd   Thumb Code    30  n32h47x_48x_crc_1.o(.text)
    CRC32_CalcBufCrc                         0x080092dd   Thumb Code    64  n32h47x_48x_crc_1.o(.text)
    CRC32_GetCrc                             0x0800931d   Thumb Code    12  n32h47x_48x_crc_1.o(.text)
    CRC32_SetIDat                            0x08009329   Thumb Code    24  n32h47x_48x_crc_1.o(.text)
    CRC32_GetIDat                            0x08009341   Thumb Code    12  n32h47x_48x_crc_1.o(.text)
    __CRC16_SetLittleEndianFmt               0x0800934d   Thumb Code    18  n32h47x_48x_crc_1.o(.text)
    __CRC16_SetBigEndianFmt                  0x08009361   Thumb Code    18  n32h47x_48x_crc_1.o(.text)
    __CRC16_SetCleanEnable                   0x08009375   Thumb Code    18  n32h47x_48x_crc_1.o(.text)
    __CRC16_SetCleanDisable                  0x08009389   Thumb Code    18  n32h47x_48x_crc_1.o(.text)
    __CRC16_CalcCrc                          0x0800939d   Thumb Code    34  n32h47x_48x_crc_1.o(.text)
    __CRC16_SetCrc                           0x080093c1   Thumb Code    24  n32h47x_48x_crc_1.o(.text)
    __CRC16_GetCrc                           0x080093d9   Thumb Code    12  n32h47x_48x_crc_1.o(.text)
    __CRC16_SetLRC                           0x080093e5   Thumb Code    24  n32h47x_48x_crc_1.o(.text)
    __CRC16_GetLRC                           0x080093fd   Thumb Code    12  n32h47x_48x_crc_1.o(.text)
    CRC16_CalcBufCrc                         0x08009409   Thumb Code    72  n32h47x_48x_crc_1.o(.text)
    SHRTIM_SetSyncInSrc                      0x08009451   Thumb Code    26  n32h47x_48x_shrtim_1.o(.text)
    SHRTIM_GetSyncInSrc                      0x0800946d   Thumb Code    16  n32h47x_48x_shrtim_1.o(.text)
    SHRTIM_ConfigSCOUT                       0x0800947d   Thumb Code    44  n32h47x_48x_shrtim_1.o(.text)
    SHRTIM_ConfigOutSync2                    0x080094a9   Thumb Code    44  n32h47x_48x_shrtim_1.o(.text)
    SHRTIM_SetSyncOut1Config                 0x080094d5   Thumb Code    26  n32h47x_48x_shrtim_1.o(.text)
    SHRTIM_GetSyncOut1Config                 0x080094f1   Thumb Code    16  n32h47x_48x_shrtim_1.o(.text)
    SHRTIM_SetSyncOut2Config                 0x08009501   Thumb Code    26  n32h47x_48x_shrtim_1.o(.text)
    SHRTIM_GetSyncOut2Config                 0x0800951d   Thumb Code    16  n32h47x_48x_shrtim_1.o(.text)
    SHRTIM_SetSyncOutSrc                     0x0800952d   Thumb Code    26  n32h47x_48x_shrtim_1.o(.text)
    SHRTIM_GetSyncOutSrc                     0x08009549   Thumb Code    16  n32h47x_48x_shrtim_1.o(.text)
    SHRTIM_SuspendUpdate                     0x08009559   Thumb Code    44  n32h47x_48x_shrtim_1.o(.text)
    SHRTIM_ResumeUpdate                      0x08009585   Thumb Code    34  n32h47x_48x_shrtim_1.o(.text)
    SHRTIM_ForceUpdate                       0x080095a9   Thumb Code    30  n32h47x_48x_shrtim_1.o(.text)
    SHRTIM_CounterReset                      0x080095c9   Thumb Code    32  n32h47x_48x_shrtim_1.o(.text)
    SHRTIM_EnableSwapOutputs                 0x080095e9   Thumb Code    48  n32h47x_48x_shrtim_1.o(.text)
    SHRTIM_DisableSwapOutputs                0x08009619   Thumb Code    48  n32h47x_48x_shrtim_1.o(.text)
    SHRTIM_IsEnabledSwapOutputs              0x08009649   Thumb Code    48  n32h47x_48x_shrtim_1.o(.text)
    SHRTIM_EnableOutput                      0x08009679   Thumb Code    28  n32h47x_48x_shrtim_1.o(.text)
    SHRTIM_DisableOutput                     0x08009695   Thumb Code    28  n32h47x_48x_shrtim_1.o(.text)
    SHRTIM_IsEnabledOutput                   0x080096b1   Thumb Code    28  n32h47x_48x_shrtim_1.o(.text)
    SHRTIM_IsDisabledOutput                  0x080096cd   Thumb Code    26  n32h47x_48x_shrtim_1.o(.text)
    SHRTIM_ConfigADCTrig                     0x080096e9   Thumb Code   142  n32h47x_48x_shrtim_1.o(.text)
    SHRTIM_SetADCTrigUpdate                  0x08009779   Thumb Code    74  n32h47x_48x_shrtim_1.o(.text)
    SHRTIM_GetADCTrigUpdate                  0x080097c5   Thumb Code    64  n32h47x_48x_shrtim_1.o(.text)
    SHRTIM_SetADCTrigSrc                     0x08009805   Thumb Code    74  n32h47x_48x_shrtim_1.o(.text)
    SHRTIM_GetADCTrigSrc                     0x08009851   Thumb Code    64  n32h47x_48x_shrtim_1.o(.text)
    SHRTIM_SetADCPostScaler                  0x08009891   Thumb Code   146  n32h47x_48x_shrtim_1.o(.text)
    SHRTIM_GetADCPostScaler                  0x08009925   Thumb Code   130  n32h47x_48x_shrtim_1.o(.text)
    SHRTIM_TIM_CounterEnable                 0x080099a9   Thumb Code    20  n32h47x_48x_shrtim_1.o(.text)
    SHRTIM_TIM_CounterDisable                0x080099bd   Thumb Code    20  n32h47x_48x_shrtim_1.o(.text)
    SHRTIM_TIM_IsCounterEnabled              0x080099d1   Thumb Code    26  n32h47x_48x_shrtim_1.o(.text)
    SHRTIM_TIM_SetPrescaler                  0x080099ed   Thumb Code    64  n32h47x_48x_shrtim_1.o(.text)
    SHRTIM_TIM_GetPrescaler                  0x08009a2d   Thumb Code    54  n32h47x_48x_shrtim_1.o(.text)
    SHRTIM_TIM_SetCounterMode                0x08009a65   Thumb Code    64  n32h47x_48x_shrtim_1.o(.text)
    SHRTIM_TIM_GetCounterMode                0x08009aa5   Thumb Code    54  n32h47x_48x_shrtim_1.o(.text)
    SHRTIM_TIM_EnableHalfMode                0x08009add   Thumb Code    56  n32h47x_48x_shrtim_1.o(.text)
    SHRTIM_TIM_DisableHalfMode               0x08009b15   Thumb Code    82  n32h47x_48x_shrtim_1.o(.text)
    SHRTIM_TIM_IsEnabledHalfMode             0x08009b69   Thumb Code    54  n32h47x_48x_shrtim_1.o(.text)
    SHRTIM_TIM_EnableResyncUpdate            0x08009ba1   Thumb Code    58  n32h47x_48x_shrtim_1.o(.text)
    SHRTIM_TIM_DisableResyncUpdate           0x08009bdd   Thumb Code    58  n32h47x_48x_shrtim_1.o(.text)
    SHRTIM_TIM_IsEnabledResyncUpdate         0x08009c19   Thumb Code    56  n32h47x_48x_shrtim_1.o(.text)
    SHRTIM_TIM_SetInterleavedMode            0x08009c51   Thumb Code   102  n32h47x_48x_shrtim_1.o(.text)
    SHRTIM_TIM_GetInterleavedMode            0x08009cb9   Thumb Code    94  n32h47x_48x_shrtim_1.o(.text)
    SHRTIM_TIM_EnableStartOnSync             0x08009d19   Thumb Code    80  n32h47x_48x_shrtim_1.o(.text)
    SHRTIM_TIM_DisableStartOnSync            0x08009d69   Thumb Code    80  n32h47x_48x_shrtim_1.o(.text)
    SHRTIM_TIM_IsEnabledStartOnSync          0x08009db9   Thumb Code    82  n32h47x_48x_shrtim_1.o(.text)
    SHRTIM_TIM_EnableResetOnSync             0x08009e0d   Thumb Code    80  n32h47x_48x_shrtim_1.o(.text)
    SHRTIM_TIM_DisableResetOnSync            0x08009e5d   Thumb Code    80  n32h47x_48x_shrtim_1.o(.text)
    SHRTIM_TIM_IsEnabledResetOnSync          0x08009ead   Thumb Code    82  n32h47x_48x_shrtim_1.o(.text)
    SHRTIM_TIM_SetDACTrig                    0x08009f01   Thumb Code    64  n32h47x_48x_shrtim_1.o(.text)
    SHRTIM_TIM_GetDACTrig                    0x08009f41   Thumb Code    54  n32h47x_48x_shrtim_1.o(.text)
    SHRTIM_TIM_EnablePreload                 0x08009f79   Thumb Code    56  n32h47x_48x_shrtim_1.o(.text)
    SHRTIM_TIM_DisablePreload                0x08009fb1   Thumb Code    56  n32h47x_48x_shrtim_1.o(.text)
    SHRTIM_TIM_IsEnabledPreload              0x08009fe9   Thumb Code    54  n32h47x_48x_shrtim_1.o(.text)
    SHRTIM_TIM_SetUpdateTrig                 0x0800a021   Thumb Code    88  n32h47x_48x_shrtim_1.o(.text)
    SHRTIM_TIM_GetUpdateTrig                 0x0800a079   Thumb Code    78  n32h47x_48x_shrtim_1.o(.text)
    SHRTIM_TIM_SetUpdateGating               0x0800a0c9   Thumb Code    88  n32h47x_48x_shrtim_1.o(.text)
    SHRTIM_TIM_GetUpdateGating               0x0800a121   Thumb Code    78  n32h47x_48x_shrtim_1.o(.text)
    SHRTIM_TIM_EnablePushPullMode            0x0800a171   Thumb Code    58  n32h47x_48x_shrtim_1.o(.text)
    SHRTIM_TIM_DisablePushPullMode           0x0800a1ad   Thumb Code    58  n32h47x_48x_shrtim_1.o(.text)
    SHRTIM_TIM_IsEnabledPushPullMode         0x0800a1e9   Thumb Code    56  n32h47x_48x_shrtim_1.o(.text)
    SHRTIM_TIM_SetCompareMode                0x0800a221   Thumb Code    94  n32h47x_48x_shrtim_1.o(.text)
    SHRTIM_TIM_GetCompareMode                0x0800a281   Thumb Code    84  n32h47x_48x_shrtim_1.o(.text)
    SHRTIM_TIM_SetCounter                    0x0800a2d5   Thumb Code    68  n32h47x_48x_shrtim_1.o(.text)
    SHRTIM_TIM_GetCounter                    0x0800a319   Thumb Code    54  n32h47x_48x_shrtim_1.o(.text)
    SHRTIM_TIM_SetPeriod                     0x0800a351   Thumb Code    68  n32h47x_48x_shrtim_1.o(.text)
    SHRTIM_TIM_GetPeriod                     0x0800a395   Thumb Code    54  n32h47x_48x_shrtim_1.o(.text)
    SHRTIM_TIM_SetRepetition                 0x0800a3cd   Thumb Code    66  n32h47x_48x_shrtim_1.o(.text)
    SHRTIM_TIM_GetRepetition                 0x0800a411   Thumb Code    54  n32h47x_48x_shrtim_1.o(.text)
    SHRTIM_TIM_SetCompare1                   0x0800a449   Thumb Code    68  n32h47x_48x_shrtim_1.o(.text)
    SHRTIM_TIM_GetCompare1                   0x0800a48d   Thumb Code    54  n32h47x_48x_shrtim_1.o(.text)
    SHRTIM_TIM_SetCompare2                   0x0800a4c5   Thumb Code    68  n32h47x_48x_shrtim_1.o(.text)
    SHRTIM_TIM_GetCompare2                   0x0800a509   Thumb Code    54  n32h47x_48x_shrtim_1.o(.text)
    SHRTIM_TIM_SetCompare3                   0x0800a541   Thumb Code    68  n32h47x_48x_shrtim_1.o(.text)
    SHRTIM_TIM_GetCompare3                   0x0800a585   Thumb Code    54  n32h47x_48x_shrtim_1.o(.text)
    SHRTIM_TIM_SetCompare4                   0x0800a5bd   Thumb Code    68  n32h47x_48x_shrtim_1.o(.text)
    SHRTIM_TIM_GetCompare4                   0x0800a601   Thumb Code    54  n32h47x_48x_shrtim_1.o(.text)
    SHRTIM_TIM_SetCompare5                   0x0800a639   Thumb Code    68  n32h47x_48x_shrtim_1.o(.text)
    SHRTIM_TIM_GetCompare5                   0x0800a67d   Thumb Code    54  n32h47x_48x_shrtim_1.o(.text)
    SHRTIM_TIM_SetResetTrig                  0x0800a6b5   Thumb Code    56  n32h47x_48x_shrtim_1.o(.text)
    SHRTIM_TIM_GetResetTrig                  0x0800a6ed   Thumb Code    52  n32h47x_48x_shrtim_1.o(.text)
    SHRTIM_TIM_GetCapture1                   0x0800a721   Thumb Code    52  n32h47x_48x_shrtim_1.o(.text)
    SHRTIM_TIM_GetCapture1Direction          0x0800a755   Thumb Code    58  n32h47x_48x_shrtim_1.o(.text)
    SHRTIM_TIM_GetCapture2                   0x0800a791   Thumb Code    52  n32h47x_48x_shrtim_1.o(.text)
    SHRTIM_TIM_GetCapture2Direction          0x0800a7c5   Thumb Code    58  n32h47x_48x_shrtim_1.o(.text)
    SHRTIM_TIM_SetCaptureTrig                0x0800a801   Thumb Code   134  n32h47x_48x_shrtim_1.o(.text)
    SHRTIM_TIM_GetCaptureTrig                0x0800a889   Thumb Code   124  n32h47x_48x_shrtim_1.o(.text)
    SHRTIM_TIM_EnableDeadTime                0x0800a905   Thumb Code    58  n32h47x_48x_shrtim_1.o(.text)
    SHRTIM_TIM_DisableDeadTime               0x0800a941   Thumb Code    58  n32h47x_48x_shrtim_1.o(.text)
    SHRTIM_TIM_IsEnabledDeadTime             0x0800a97d   Thumb Code    56  n32h47x_48x_shrtim_1.o(.text)
    SHRTIM_TIM_SetDPMode                     0x0800a9b5   Thumb Code    66  n32h47x_48x_shrtim_1.o(.text)
    SHRTIM_TIM_GetDPMode                     0x0800a9f9   Thumb Code    56  n32h47x_48x_shrtim_1.o(.text)
    SHRTIM_TIM_EnableDP                      0x0800aa31   Thumb Code    58  n32h47x_48x_shrtim_1.o(.text)
    SHRTIM_TIM_DisableDP                     0x0800aa6d   Thumb Code    58  n32h47x_48x_shrtim_1.o(.text)
    SHRTIM_TIM_IsEnabledDP                   0x0800aaa9   Thumb Code    56  n32h47x_48x_shrtim_1.o(.text)
    SHRTIM_TIM_EnableBIAR                    0x0800aae1   Thumb Code    58  n32h47x_48x_shrtim_1.o(.text)
    SHRTIM_TIM_DisableBIAR                   0x0800ab1d   Thumb Code    58  n32h47x_48x_shrtim_1.o(.text)
    SHRTIM_TIM_IsEnabledBIAR                 0x0800ab59   Thumb Code    56  n32h47x_48x_shrtim_1.o(.text)
    SHRTIM_TIM_EnableSoftDP                  0x0800ab91   Thumb Code    28  n32h47x_48x_shrtim_1.o(.text)
    SHRTIM_TIM_IsEnabledSoftDP               0x0800abad   Thumb Code    28  n32h47x_48x_shrtim_1.o(.text)
    SHRTIM_TIM_EnableFault                   0x0800abc9   Thumb Code    60  n32h47x_48x_shrtim_1.o(.text)
    SHRTIM_TIM_DisableFault                  0x0800ac05   Thumb Code    60  n32h47x_48x_shrtim_1.o(.text)
    SHRTIM_TIM_IsEnabledFault                0x0800ac41   Thumb Code    66  n32h47x_48x_shrtim_1.o(.text)
    SHRTIM_TIM_LockFault                     0x0800ac85   Thumb Code    58  n32h47x_48x_shrtim_1.o(.text)
    SHRTIM_TIM_SetBurstModeOption            0x0800acc1   Thumb Code    54  n32h47x_48x_shrtim_1.o(.text)
    SHRTIM_TIM_GetBurstModeOption            0x0800acf9   Thumb Code    42  n32h47x_48x_shrtim_1.o(.text)
    SHRTIM_TIM_ConfigBurstDMA                0x0800ad25   Thumb Code    72  n32h47x_48x_shrtim_1.o(.text)
    SHRTIM_TIM_GetCurrentPushPullStatus      0x0800ad6d   Thumb Code    56  n32h47x_48x_shrtim_1.o(.text)
    SHRTIM_TIM_GetIdlePushPullStatus         0x0800ada5   Thumb Code    56  n32h47x_48x_shrtim_1.o(.text)
    SHRTIM_TIM_SetEventFilter                0x0800addd   Thumb Code   110  n32h47x_48x_shrtim_1.o(.text)
    SHRTIM_TIM_GetEventFilter                0x0800ae4d   Thumb Code   100  n32h47x_48x_shrtim_1.o(.text)
    SHRTIM_TIM_SetEventLatchStatus           0x0800aeb1   Thumb Code   110  n32h47x_48x_shrtim_1.o(.text)
    SHRTIM_TIM_GetEventLatchStatus           0x0800af21   Thumb Code   100  n32h47x_48x_shrtim_1.o(.text)
    SHRTIM_TIM_SetTriggeredHalfMode          0x0800af85   Thumb Code    66  n32h47x_48x_shrtim_1.o(.text)
    SHRTIM_TIM_GetTriggeredHalfMode          0x0800afc9   Thumb Code    56  n32h47x_48x_shrtim_1.o(.text)
    SHRTIM_TIM_SetComp1Mode                  0x0800b001   Thumb Code    66  n32h47x_48x_shrtim_1.o(.text)
    SHRTIM_TIM_GetComp1Mode                  0x0800b045   Thumb Code    56  n32h47x_48x_shrtim_1.o(.text)
    SHRTIM_TIM_SetComp3Mode                  0x0800b07d   Thumb Code    66  n32h47x_48x_shrtim_1.o(.text)
    SHRTIM_TIM_GetComp3Mode                  0x0800b0c1   Thumb Code    56  n32h47x_48x_shrtim_1.o(.text)
    SHRTIM_TIM_SetRollOverMode               0x0800b0f9   Thumb Code    68  n32h47x_48x_shrtim_1.o(.text)
    SHRTIM_TIM_GetRollOverMode               0x0800b13d   Thumb Code    56  n32h47x_48x_shrtim_1.o(.text)
    SHRTIM_TIM_SetFaultEventRollOverMode     0x0800b175   Thumb Code    68  n32h47x_48x_shrtim_1.o(.text)
    SHRTIM_TIM_GetFaultEventRollOverMode     0x0800b1b9   Thumb Code    56  n32h47x_48x_shrtim_1.o(.text)
    SHRTIM_TIM_SetBMRollOverMode             0x0800b1f1   Thumb Code    68  n32h47x_48x_shrtim_1.o(.text)
    SHRTIM_TIM_GetBMRollOverMode             0x0800b235   Thumb Code    56  n32h47x_48x_shrtim_1.o(.text)
    SHRTIM_TIM_SetADCRollOverMode            0x0800b26d   Thumb Code    68  n32h47x_48x_shrtim_1.o(.text)
    SHRTIM_TIM_GetADCRollOverMode            0x0800b2b1   Thumb Code    56  n32h47x_48x_shrtim_1.o(.text)
    SHRTIM_TIM_SetOutputRollOverMode         0x0800b2e9   Thumb Code    68  n32h47x_48x_shrtim_1.o(.text)
    SHRTIM_TIM_GetOutputRollOverMode         0x0800b32d   Thumb Code    56  n32h47x_48x_shrtim_1.o(.text)
    SHRTIM_TIM_SetCountingMode               0x0800b365   Thumb Code    66  n32h47x_48x_shrtim_1.o(.text)
    SHRTIM_TIM_GetCountingMode               0x0800b3a9   Thumb Code    56  n32h47x_48x_shrtim_1.o(.text)
    SHRTIM_TIM_SetDualDacResetTrigger        0x0800b3e1   Thumb Code    66  n32h47x_48x_shrtim_1.o(.text)
    SHRTIM_TIM_GetDualDacResetTrigger        0x0800b425   Thumb Code    56  n32h47x_48x_shrtim_1.o(.text)
    SHRTIM_TIM_SetDualDacStepTrigger         0x0800b45d   Thumb Code    66  n32h47x_48x_shrtim_1.o(.text)
    SHRTIM_TIM_GetDualDacStepTrigger         0x0800b4a1   Thumb Code    56  n32h47x_48x_shrtim_1.o(.text)
    SHRTIM_TIM_EnableDualDacTrigger          0x0800b4d9   Thumb Code    58  n32h47x_48x_shrtim_1.o(.text)
    SHRTIM_TIM_DisableDualDacTrigger         0x0800b515   Thumb Code    58  n32h47x_48x_shrtim_1.o(.text)
    SHRTIM_TIM_IsEnabledDualDacTrigger       0x0800b551   Thumb Code    56  n32h47x_48x_shrtim_1.o(.text)
    SHRTIM_TIM_SetEventCounterThreshold      0x0800b589   Thumb Code    68  n32h47x_48x_shrtim_1.o(.text)
    SHRTIM_TIM_GetEventCounterThreshold      0x0800b5cd   Thumb Code    58  n32h47x_48x_shrtim_1.o(.text)
    SHRTIM_TIM_SetEventCounterSource         0x0800b609   Thumb Code    78  n32h47x_48x_shrtim_1.o(.text)
    SHRTIM_TIM_GetEventCounterSource         0x0800b659   Thumb Code    64  n32h47x_48x_shrtim_1.o(.text)
    SHRTIM_TIM_SetEventCounterResetMode      0x0800b699   Thumb Code    64  n32h47x_48x_shrtim_1.o(.text)
    SHRTIM_TIM_GetEventCounterResetMode      0x0800b6d9   Thumb Code    54  n32h47x_48x_shrtim_1.o(.text)
    SHRTIM_TIM_ResetEventCounter             0x0800b711   Thumb Code    56  n32h47x_48x_shrtim_1.o(.text)
    SHRTIM_TIM_EnableEventCounter            0x0800b749   Thumb Code    56  n32h47x_48x_shrtim_1.o(.text)
    SHRTIM_TIM_DisableEventCounter           0x0800b781   Thumb Code    56  n32h47x_48x_shrtim_1.o(.text)
    SHRTIM_TIM_IsEnabledEventCounter         0x0800b7b9   Thumb Code    70  n32h47x_48x_shrtim_1.o(.text)
    SHRTIM_DT_Config                         0x0800b801   Thumb Code    72  n32h47x_48x_shrtim_1.o(.text)
    SHRTIM_DT_SetPrescaler                   0x0800b849   Thumb Code    66  n32h47x_48x_shrtim_1.o(.text)
    SHRTIM_DT_GetPrescaler                   0x0800b88d   Thumb Code    56  n32h47x_48x_shrtim_1.o(.text)
    SHRTIM_DT_SetRisingValue                 0x0800b8c5   Thumb Code    68  n32h47x_48x_shrtim_1.o(.text)
    SHRTIM_DT_GetRisingValue                 0x0800b909   Thumb Code    56  n32h47x_48x_shrtim_1.o(.text)
    SHRTIM_DT_SetRisingSign                  0x0800b941   Thumb Code    66  n32h47x_48x_shrtim_1.o(.text)
    SHRTIM_DT_GetRisingSign                  0x0800b985   Thumb Code    56  n32h47x_48x_shrtim_1.o(.text)
    SHRTIM_DT_SetFallingValue                0x0800b9bd   Thumb Code    68  n32h47x_48x_shrtim_1.o(.text)
    SHRTIM_DT_GetFallingValue                0x0800ba01   Thumb Code    56  n32h47x_48x_shrtim_1.o(.text)
    SHRTIM_DT_SetFallingSign                 0x0800ba39   Thumb Code    66  n32h47x_48x_shrtim_1.o(.text)
    SHRTIM_DT_GetFallingSign                 0x0800ba7d   Thumb Code    56  n32h47x_48x_shrtim_1.o(.text)
    SHRTIM_DT_LockRising                     0x0800bab5   Thumb Code    58  n32h47x_48x_shrtim_1.o(.text)
    SHRTIM_DT_LockRisingSign                 0x0800baf1   Thumb Code    58  n32h47x_48x_shrtim_1.o(.text)
    SHRTIM_DT_LockFalling                    0x0800bb2d   Thumb Code    58  n32h47x_48x_shrtim_1.o(.text)
    SHRTIM_DT_LockFallingSign                0x0800bb69   Thumb Code    58  n32h47x_48x_shrtim_1.o(.text)
    SHRTIM_CHP_Config                        0x0800bba5   Thumb Code    68  n32h47x_48x_shrtim_1.o(.text)
    SHRTIM_CHP_SetPrescaler                  0x0800bbe9   Thumb Code    66  n32h47x_48x_shrtim_1.o(.text)
    SHRTIM_CHP_GetPrescaler                  0x0800bc2d   Thumb Code    56  n32h47x_48x_shrtim_1.o(.text)
    SHRTIM_CHP_SetDutyCycle                  0x0800bc65   Thumb Code    66  n32h47x_48x_shrtim_1.o(.text)
    SHRTIM_CHP_GetDutyCycle                  0x0800bca9   Thumb Code    56  n32h47x_48x_shrtim_1.o(.text)
    SHRTIM_CHP_SetPulseWidth                 0x0800bce1   Thumb Code    66  n32h47x_48x_shrtim_1.o(.text)
    SHRTIM_CHP_GetPulseWidth                 0x0800bd25   Thumb Code    56  n32h47x_48x_shrtim_1.o(.text)
    SHRTIM_OUT_SetOutputSetSrc               0x0800bd5d   Thumb Code    52  n32h47x_48x_shrtim_1.o(.text)
    SHRTIM_OUT_GetOutputSetSrc               0x0800bd91   Thumb Code    48  n32h47x_48x_shrtim_1.o(.text)
    SHRTIM_OUT_SetOutputResetSrc             0x0800bdc1   Thumb Code    52  n32h47x_48x_shrtim_1.o(.text)
    SHRTIM_OUT_GetOutputResetSrc             0x0800bdf5   Thumb Code    48  n32h47x_48x_shrtim_1.o(.text)
    SHRTIM_OUT_Config                        0x0800be25   Thumb Code    78  n32h47x_48x_shrtim_1.o(.text)
    SHRTIM_OUT_SetPolarity                   0x0800be75   Thumb Code    78  n32h47x_48x_shrtim_1.o(.text)
    SHRTIM_OUT_GetPolarity                   0x0800bec5   Thumb Code    68  n32h47x_48x_shrtim_1.o(.text)
    SHRTIM_OUT_SetIdleLevel                  0x0800bf09   Thumb Code    78  n32h47x_48x_shrtim_1.o(.text)
    SHRTIM_OUT_GetIdleLevel                  0x0800bf59   Thumb Code    68  n32h47x_48x_shrtim_1.o(.text)
    SHRTIM_OUT_SetFaultState                 0x0800bf9d   Thumb Code    78  n32h47x_48x_shrtim_1.o(.text)
    SHRTIM_OUT_GetFaultState                 0x0800bfed   Thumb Code    68  n32h47x_48x_shrtim_1.o(.text)
    SHRTIM_OUT_SetChopperMode                0x0800c031   Thumb Code    78  n32h47x_48x_shrtim_1.o(.text)
    SHRTIM_OUT_GetChopperMode                0x0800c081   Thumb Code    68  n32h47x_48x_shrtim_1.o(.text)
    SHRTIM_OUT_SetBMEntryMode                0x0800c0c5   Thumb Code    78  n32h47x_48x_shrtim_1.o(.text)
    SHRTIM_OUT_GetBMEntryMode                0x0800c115   Thumb Code    68  n32h47x_48x_shrtim_1.o(.text)
    SHRTIM_OUT_GetDPOutStatus                0x0800c159   Thumb Code    72  n32h47x_48x_shrtim_1.o(.text)
    SHRTIM_OUT_ForceLevel                    0x0800c1a1   Thumb Code    72  n32h47x_48x_shrtim_1.o(.text)
    SHRTIM_OUT_GetLevel                      0x0800c1e9   Thumb Code    72  n32h47x_48x_shrtim_1.o(.text)
    SHRTIM_EXEV_Config                       0x0800c231   Thumb Code   104  n32h47x_48x_shrtim_1.o(.text)
    SHRTIM_EXEV_SetSrc                       0x0800c299   Thumb Code    78  n32h47x_48x_shrtim_1.o(.text)
    SHRTIM_EXEV_SetSrcCompSel                0x0800c2e9   Thumb Code    64  n32h47x_48x_shrtim_1.o(.text)
    SHRTIM_EXEV_SetPolarity                  0x0800c329   Thumb Code    78  n32h47x_48x_shrtim_1.o(.text)
    SHRTIM_EXEV_SetSensitivity               0x0800c379   Thumb Code    78  n32h47x_48x_shrtim_1.o(.text)
    SHRTIM_EXEV_SetFastMode                  0x0800c3c9   Thumb Code    78  n32h47x_48x_shrtim_1.o(.text)
    SHRTIM_EXEV_SetFilter                    0x0800c419   Thumb Code    78  n32h47x_48x_shrtim_1.o(.text)
    SHRTIM_EXEV_SetPrescaler                 0x0800c469   Thumb Code    30  n32h47x_48x_shrtim_1.o(.text)
    SHRTIM_EXEV_GetSrc                       0x0800c489   Thumb Code    68  n32h47x_48x_shrtim_1.o(.text)
    SHRTIM_EXEV_GetSrcCompSel                0x0800c4cd   Thumb Code    54  n32h47x_48x_shrtim_1.o(.text)
    SHRTIM_EXEV_GetPolarity                  0x0800c505   Thumb Code    68  n32h47x_48x_shrtim_1.o(.text)
    SHRTIM_EXEV_GetSensitivity               0x0800c549   Thumb Code    68  n32h47x_48x_shrtim_1.o(.text)
    SHRTIM_EXEV_GetFastMode                  0x0800c58d   Thumb Code    68  n32h47x_48x_shrtim_1.o(.text)
    SHRTIM_EXEV_GetFilter                    0x0800c5d1   Thumb Code    68  n32h47x_48x_shrtim_1.o(.text)
    SHRTIM_EXEV_GetPrescaler                 0x0800c615   Thumb Code    18  n32h47x_48x_shrtim_1.o(.text)
    SHRTIM_FALT_Config                       0x0800c629   Thumb Code   224  n32h47x_48x_shrtim_1.o(.text)
    SHRTIM_FALT_SetSrcCompSel                0x0800c709   Thumb Code    64  n32h47x_48x_shrtim_1.o(.text)
    SHRTIM_FALT_SetSrc                       0x0800c749   Thumb Code   238  n32h47x_48x_shrtim_1.o(.text)
    SHRTIM_FALT_GetSrc                       0x0800c839   Thumb Code   164  n32h47x_48x_shrtim_1.o(.text)
    SHRTIM_FALT_GetSrcCompSel                0x0800c8dd   Thumb Code    54  n32h47x_48x_shrtim_1.o(.text)
    SHRTIM_FALT_SetPolarity                  0x0800c915   Thumb Code   170  n32h47x_48x_shrtim_1.o(.text)
    SHRTIM_FALT_GetPolarity                  0x0800c9c1   Thumb Code   136  n32h47x_48x_shrtim_1.o(.text)
    SHRTIM_FALT_SetFilter                    0x0800ca49   Thumb Code   170  n32h47x_48x_shrtim_1.o(.text)
    SHRTIM_FALT_GetFilter                    0x0800caf5   Thumb Code   136  n32h47x_48x_shrtim_1.o(.text)
    SHRTIM_FALT_SetPrescaler                 0x0800cb7d   Thumb Code    30  n32h47x_48x_shrtim_1.o(.text)
    SHRTIM_FALT_GetPrescaler                 0x0800cb9d   Thumb Code    18  n32h47x_48x_shrtim_1.o(.text)
    SHRTIM_FALT_Lock                         0x0800cbb1   Thumb Code    70  n32h47x_48x_shrtim_1.o(.text)
    SHRTIM_FALT_Enable                       0x0800cbf9   Thumb Code    70  n32h47x_48x_shrtim_1.o(.text)
    SHRTIM_FALT_Disable                      0x0800cc41   Thumb Code    70  n32h47x_48x_shrtim_1.o(.text)
    SHRTIM_FALT_IsEnabled                    0x0800cc89   Thumb Code    76  n32h47x_48x_shrtim_1.o(.text)
    SHRTIM_FALT_EnableSysFault               0x0800ccd5   Thumb Code    24  n32h47x_48x_shrtim_1.o(.text)
    SHRTIM_FALT_IsEnabledSysFault            0x0800cced   Thumb Code    28  n32h47x_48x_shrtim_1.o(.text)
    SHRTIM_FALT_EnableBlanking               0x0800cd09   Thumb Code    70  n32h47x_48x_shrtim_1.o(.text)
    SHRTIM_FALT_DisableBlanking              0x0800cd51   Thumb Code    70  n32h47x_48x_shrtim_1.o(.text)
    SHRTIM_FALT_IsEnabledBlanking            0x0800cd99   Thumb Code    80  n32h47x_48x_shrtim_1.o(.text)
    SHRTIM_FALT_SetBlankingSrc               0x0800cde9   Thumb Code    78  n32h47x_48x_shrtim_1.o(.text)
    SHRTIM_FALT_GetBlankingSrc               0x0800ce39   Thumb Code    68  n32h47x_48x_shrtim_1.o(.text)
    SHRTIM_FALT_SetCounterThreshold          0x0800ce7d   Thumb Code    78  n32h47x_48x_shrtim_1.o(.text)
    SHRTIM_FALT_GetCounterThreshold          0x0800cecd   Thumb Code    68  n32h47x_48x_shrtim_1.o(.text)
    SHRTIM_FALT_EnableSoftFault              0x0800cf11   Thumb Code    24  n32h47x_48x_shrtim_1.o(.text)
    SHRTIM_FALT_IsEnabledSoftFault           0x0800cf29   Thumb Code    28  n32h47x_48x_shrtim_1.o(.text)
    SHRTIM_FALT_SetResetMode                 0x0800cf45   Thumb Code    78  n32h47x_48x_shrtim_1.o(.text)
    SHRTIM_FALT_GetResetMode                 0x0800cf95   Thumb Code    66  n32h47x_48x_shrtim_1.o(.text)
    SHRTIM_FALT_ResetCounter                 0x0800cfd9   Thumb Code    70  n32h47x_48x_shrtim_1.o(.text)
    SHRTIM_BM_Config                         0x0800d021   Thumb Code    32  n32h47x_48x_shrtim_1.o(.text)
    SHRTIM_BM_SetMode                        0x0800d041   Thumb Code    30  n32h47x_48x_shrtim_1.o(.text)
    SHRTIM_BM_GetMode                        0x0800d061   Thumb Code    18  n32h47x_48x_shrtim_1.o(.text)
    SHRTIM_BM_SetClockSrc                    0x0800d075   Thumb Code    30  n32h47x_48x_shrtim_1.o(.text)
    SHRTIM_BM_GetClockSrc                    0x0800d095   Thumb Code    18  n32h47x_48x_shrtim_1.o(.text)
    SHRTIM_BM_SetPrescaler                   0x0800d0a9   Thumb Code    30  n32h47x_48x_shrtim_1.o(.text)
    SHRTIM_BM_GetPrescaler                   0x0800d0c9   Thumb Code    18  n32h47x_48x_shrtim_1.o(.text)
    SHRTIM_BM_EnablePreload                  0x0800d0dd   Thumb Code    22  n32h47x_48x_shrtim_1.o(.text)
    SHRTIM_BM_DisablePreload                 0x0800d0f5   Thumb Code    22  n32h47x_48x_shrtim_1.o(.text)
    SHRTIM_BM_IsEnabledPreload               0x0800d10d   Thumb Code    32  n32h47x_48x_shrtim_1.o(.text)
    SHRTIM_BM_SetTrig                        0x0800d12d   Thumb Code    18  n32h47x_48x_shrtim_1.o(.text)
    SHRTIM_BM_GetTrig                        0x0800d141   Thumb Code    14  n32h47x_48x_shrtim_1.o(.text)
    SHRTIM_BM_SetCompare                     0x0800d151   Thumb Code    18  n32h47x_48x_shrtim_1.o(.text)
    SHRTIM_BM_GetCompare                     0x0800d165   Thumb Code    14  n32h47x_48x_shrtim_1.o(.text)
    SHRTIM_BM_SetPeriod                      0x0800d175   Thumb Code    18  n32h47x_48x_shrtim_1.o(.text)
    SHRTIM_BM_GetPeriod                      0x0800d189   Thumb Code    14  n32h47x_48x_shrtim_1.o(.text)
    SHRTIM_BM_Enable                         0x0800d199   Thumb Code    22  n32h47x_48x_shrtim_1.o(.text)
    SHRTIM_BM_Disable                        0x0800d1b1   Thumb Code    22  n32h47x_48x_shrtim_1.o(.text)
    SHRTIM_BM_IsEnabled                      0x0800d1c9   Thumb Code    18  n32h47x_48x_shrtim_1.o(.text)
    SHRTIM_BM_Start                          0x0800d1dd   Thumb Code    22  n32h47x_48x_shrtim_1.o(.text)
    SHRTIM_BM_Stop                           0x0800d1f5   Thumb Code    22  n32h47x_48x_shrtim_1.o(.text)
    SHRTIM_BM_GetStatus                      0x0800d20d   Thumb Code    18  n32h47x_48x_shrtim_1.o(.text)
    SHRTIM_ClearFlag_FALT1                   0x0800d221   Thumb Code    22  n32h47x_48x_shrtim_1.o(.text)
    SHRTIM_IsActiveFlag_FALT1                0x0800d239   Thumb Code    18  n32h47x_48x_shrtim_1.o(.text)
    SHRTIM_ClearFlag_FALT2                   0x0800d24d   Thumb Code    22  n32h47x_48x_shrtim_1.o(.text)
    SHRTIM_IsActiveFlag_FALT2                0x0800d265   Thumb Code    18  n32h47x_48x_shrtim_1.o(.text)
    SHRTIM_ClearFlag_FALT3                   0x0800d279   Thumb Code    22  n32h47x_48x_shrtim_1.o(.text)
    SHRTIM_IsActiveFlag_FALT3                0x0800d291   Thumb Code    18  n32h47x_48x_shrtim_1.o(.text)
    SHRTIM_ClearFlag_FALT4                   0x0800d2a5   Thumb Code    22  n32h47x_48x_shrtim_1.o(.text)
    SHRTIM_IsActiveFlag_FALT4                0x0800d2bd   Thumb Code    18  n32h47x_48x_shrtim_1.o(.text)
    SHRTIM_ClearFlag_FALT5                   0x0800d2d1   Thumb Code    22  n32h47x_48x_shrtim_1.o(.text)
    SHRTIM_IsActiveFlag_FALT5                0x0800d2e9   Thumb Code    18  n32h47x_48x_shrtim_1.o(.text)
    SHRTIM_ClearFlag_FALT6                   0x0800d2fd   Thumb Code    22  n32h47x_48x_shrtim_1.o(.text)
    SHRTIM_IsActiveFlag_FALT6                0x0800d315   Thumb Code    18  n32h47x_48x_shrtim_1.o(.text)
    SHRTIM_ClearFlag_SYSFALT                 0x0800d329   Thumb Code    22  n32h47x_48x_shrtim_1.o(.text)
    SHRTIM_IsActiveFlag_SYSFALT              0x0800d341   Thumb Code    18  n32h47x_48x_shrtim_1.o(.text)
    SHRTIM_ClearFlag_BMPRD                   0x0800d355   Thumb Code    22  n32h47x_48x_shrtim_1.o(.text)
    SHRTIM_IsActiveFlag_BMPRD                0x0800d36d   Thumb Code    18  n32h47x_48x_shrtim_1.o(.text)
    SHRTIM_ClearFlag_SYNC                    0x0800d381   Thumb Code    18  n32h47x_48x_shrtim_1.o(.text)
    SHRTIM_IsActiveFlag_SYNC                 0x0800d395   Thumb Code    16  n32h47x_48x_shrtim_1.o(.text)
    SHRTIM_ClearFlag_UPDATE                  0x0800d3a5   Thumb Code    58  n32h47x_48x_shrtim_1.o(.text)
    SHRTIM_IsActiveFlag_UPDATE               0x0800d3e1   Thumb Code    56  n32h47x_48x_shrtim_1.o(.text)
    SHRTIM_ClearFlag_REP                     0x0800d419   Thumb Code    88  n32h47x_48x_shrtim_1.o(.text)
    SHRTIM_IsActiveFlag_REP                  0x0800d471   Thumb Code    90  n32h47x_48x_shrtim_1.o(.text)
    SHRTIM_ClearFlag_CMP1                    0x0800d4cd   Thumb Code    58  n32h47x_48x_shrtim_1.o(.text)
    SHRTIM_IsActiveFlag_CMP1                 0x0800d509   Thumb Code    56  n32h47x_48x_shrtim_1.o(.text)
    SHRTIM_ClearFlag_CMP2                    0x0800d541   Thumb Code    58  n32h47x_48x_shrtim_1.o(.text)
    SHRTIM_IsActiveFlag_CMP2                 0x0800d57d   Thumb Code    56  n32h47x_48x_shrtim_1.o(.text)
    SHRTIM_ClearFlag_CMP3                    0x0800d5b5   Thumb Code    58  n32h47x_48x_shrtim_1.o(.text)
    SHRTIM_IsActiveFlag_CMP3                 0x0800d5f1   Thumb Code    56  n32h47x_48x_shrtim_1.o(.text)
    SHRTIM_ClearFlag_CMP4                    0x0800d629   Thumb Code    58  n32h47x_48x_shrtim_1.o(.text)
    SHRTIM_IsActiveFlag_CMP4                 0x0800d665   Thumb Code    56  n32h47x_48x_shrtim_1.o(.text)
    SHRTIM_ClearFlag_CMP5                    0x0800d69d   Thumb Code    58  n32h47x_48x_shrtim_1.o(.text)
    SHRTIM_IsActiveFlag_CMP5                 0x0800d6d9   Thumb Code    56  n32h47x_48x_shrtim_1.o(.text)
    SHRTIM_ClearFlag_CPT1                    0x0800d711   Thumb Code    58  n32h47x_48x_shrtim_1.o(.text)
    SHRTIM_IsActiveFlag_CPT1                 0x0800d74d   Thumb Code    56  n32h47x_48x_shrtim_1.o(.text)
    SHRTIM_ClearFlag_CPT2                    0x0800d785   Thumb Code    58  n32h47x_48x_shrtim_1.o(.text)
    SHRTIM_IsActiveFlag_CPT2                 0x0800d7c1   Thumb Code    56  n32h47x_48x_shrtim_1.o(.text)
    SHRTIM_ClearFlag_SET1                    0x0800d7f9   Thumb Code    58  n32h47x_48x_shrtim_1.o(.text)
    SHRTIM_IsActiveFlag_SET1                 0x0800d835   Thumb Code    56  n32h47x_48x_shrtim_1.o(.text)
    SHRTIM_ClearFlag_RST1                    0x0800d86d   Thumb Code    58  n32h47x_48x_shrtim_1.o(.text)
    SHRTIM_IsActiveFlag_RST1                 0x0800d8a9   Thumb Code    56  n32h47x_48x_shrtim_1.o(.text)
    SHRTIM_ClearFlag_SET2                    0x0800d8e1   Thumb Code    58  n32h47x_48x_shrtim_1.o(.text)
    SHRTIM_IsActiveFlag_SET2                 0x0800d91d   Thumb Code    56  n32h47x_48x_shrtim_1.o(.text)
    SHRTIM_ClearFlag_RST2                    0x0800d955   Thumb Code    58  n32h47x_48x_shrtim_1.o(.text)
    SHRTIM_IsActiveFlag_RST2                 0x0800d991   Thumb Code    56  n32h47x_48x_shrtim_1.o(.text)
    SHRTIM_ClearFlag_RST                     0x0800d9c9   Thumb Code    58  n32h47x_48x_shrtim_1.o(.text)
    SHRTIM_IsActiveFlag_RST                  0x0800da05   Thumb Code    56  n32h47x_48x_shrtim_1.o(.text)
    SHRTIM_ClearFlag_DP                      0x0800da3d   Thumb Code    58  n32h47x_48x_shrtim_1.o(.text)
    SHRTIM_IsActiveFlag_DP                   0x0800da79   Thumb Code    56  n32h47x_48x_shrtim_1.o(.text)
    SHRTIM_EnableIT_FALT1                    0x0800dab1   Thumb Code    22  n32h47x_48x_shrtim_1.o(.text)
    SHRTIM_DisableIT_FALT1                   0x0800dac9   Thumb Code    22  n32h47x_48x_shrtim_1.o(.text)
    SHRTIM_IsEnabledIT_FALT1                 0x0800dae1   Thumb Code    18  n32h47x_48x_shrtim_1.o(.text)
    SHRTIM_EnableIT_FALT2                    0x0800daf5   Thumb Code    22  n32h47x_48x_shrtim_1.o(.text)
    SHRTIM_DisableIT_FALT2                   0x0800db0d   Thumb Code    22  n32h47x_48x_shrtim_1.o(.text)
    SHRTIM_IsEnabledIT_FALT2                 0x0800db25   Thumb Code    18  n32h47x_48x_shrtim_1.o(.text)
    SHRTIM_EnableIT_FALT3                    0x0800db39   Thumb Code    22  n32h47x_48x_shrtim_1.o(.text)
    SHRTIM_DisableIT_FALT3                   0x0800db51   Thumb Code    22  n32h47x_48x_shrtim_1.o(.text)
    SHRTIM_IsEnabledIT_FALT3                 0x0800db69   Thumb Code    18  n32h47x_48x_shrtim_1.o(.text)
    SHRTIM_EnableIT_FALT4                    0x0800db7d   Thumb Code    22  n32h47x_48x_shrtim_1.o(.text)
    SHRTIM_DisableIT_FALT4                   0x0800db95   Thumb Code    22  n32h47x_48x_shrtim_1.o(.text)
    SHRTIM_IsEnabledIT_FALT4                 0x0800dbad   Thumb Code    18  n32h47x_48x_shrtim_1.o(.text)
    SHRTIM_EnableIT_FALT5                    0x0800dbc1   Thumb Code    22  n32h47x_48x_shrtim_1.o(.text)
    SHRTIM_DisableIT_FALT5                   0x0800dbd9   Thumb Code    22  n32h47x_48x_shrtim_1.o(.text)
    SHRTIM_IsEnabledIT_FALT5                 0x0800dbf1   Thumb Code    18  n32h47x_48x_shrtim_1.o(.text)
    SHRTIM_EnableIT_FALT6                    0x0800dc05   Thumb Code    22  n32h47x_48x_shrtim_1.o(.text)
    SHRTIM_DisableIT_FALT6                   0x0800dc1d   Thumb Code    22  n32h47x_48x_shrtim_1.o(.text)
    SHRTIM_IsEnabledIT_FALT6                 0x0800dc35   Thumb Code    18  n32h47x_48x_shrtim_1.o(.text)
    SHRTIM_EnableIT_SYSFALT                  0x0800dc49   Thumb Code    22  n32h47x_48x_shrtim_1.o(.text)
    SHRTIM_DisableIT_SYSFALT                 0x0800dc61   Thumb Code    22  n32h47x_48x_shrtim_1.o(.text)
    SHRTIM_IsEnabledIT_SYSFALT               0x0800dc79   Thumb Code    18  n32h47x_48x_shrtim_1.o(.text)
    SHRTIM_EnableIT_BMPRD                    0x0800dc8d   Thumb Code    22  n32h47x_48x_shrtim_1.o(.text)
    SHRTIM_DisableIT_BMPRD                   0x0800dca5   Thumb Code    22  n32h47x_48x_shrtim_1.o(.text)
    SHRTIM_IsEnabledIT_BMPRD                 0x0800dcbd   Thumb Code    18  n32h47x_48x_shrtim_1.o(.text)
    SHRTIM_EnableIT_SYNC                     0x0800dcd1   Thumb Code    18  n32h47x_48x_shrtim_1.o(.text)
    SHRTIM_DisableIT_SYNC                    0x0800dce5   Thumb Code    18  n32h47x_48x_shrtim_1.o(.text)
    SHRTIM_IsEnabledIT_SYNC                  0x0800dcf9   Thumb Code    16  n32h47x_48x_shrtim_1.o(.text)
    SHRTIM_EnableIT_UPDATE                   0x0800dd09   Thumb Code    58  n32h47x_48x_shrtim_1.o(.text)
    SHRTIM_DisableIT_UPDATE                  0x0800dd45   Thumb Code    58  n32h47x_48x_shrtim_1.o(.text)
    SHRTIM_IsEnabledIT_UPDATE                0x0800dd81   Thumb Code    56  n32h47x_48x_shrtim_1.o(.text)
    SHRTIM_EnableIT_REP                      0x0800ddb9   Thumb Code    88  n32h47x_48x_shrtim_1.o(.text)
    SHRTIM_DisableIT_REP                     0x0800de11   Thumb Code    88  n32h47x_48x_shrtim_1.o(.text)
    SHRTIM_IsEnabledIT_REP                   0x0800de69   Thumb Code    90  n32h47x_48x_shrtim_1.o(.text)
    SHRTIM_EnableIT_CMP1                     0x0800dec5   Thumb Code    58  n32h47x_48x_shrtim_1.o(.text)
    SHRTIM_DisableIT_CMP1                    0x0800df01   Thumb Code    58  n32h47x_48x_shrtim_1.o(.text)
    SHRTIM_IsEnabledIT_CMP1                  0x0800df3d   Thumb Code    56  n32h47x_48x_shrtim_1.o(.text)
    SHRTIM_EnableIT_CMP2                     0x0800df75   Thumb Code    58  n32h47x_48x_shrtim_1.o(.text)
    SHRTIM_DisableIT_CMP2                    0x0800dfb1   Thumb Code    58  n32h47x_48x_shrtim_1.o(.text)
    SHRTIM_IsEnabledIT_CMP2                  0x0800dfed   Thumb Code    56  n32h47x_48x_shrtim_1.o(.text)
    SHRTIM_EnableIT_CMP3                     0x0800e025   Thumb Code    58  n32h47x_48x_shrtim_1.o(.text)
    SHRTIM_DisableIT_CMP3                    0x0800e061   Thumb Code    58  n32h47x_48x_shrtim_1.o(.text)
    SHRTIM_IsEnabledIT_CMP3                  0x0800e09d   Thumb Code    56  n32h47x_48x_shrtim_1.o(.text)
    SHRTIM_EnableIT_CMP4                     0x0800e0d5   Thumb Code    58  n32h47x_48x_shrtim_1.o(.text)
    SHRTIM_DisableIT_CMP4                    0x0800e111   Thumb Code    58  n32h47x_48x_shrtim_1.o(.text)
    SHRTIM_IsEnabledIT_CMP4                  0x0800e14d   Thumb Code    56  n32h47x_48x_shrtim_1.o(.text)
    SHRTIM_EnableIT_CPT1                     0x0800e185   Thumb Code    58  n32h47x_48x_shrtim_1.o(.text)
    SHRTIM_DisableIT_CPT1                    0x0800e1c1   Thumb Code    58  n32h47x_48x_shrtim_1.o(.text)
    SHRTIM_IsEnabledIT_CPT1                  0x0800e1fd   Thumb Code    56  n32h47x_48x_shrtim_1.o(.text)
    SHRTIM_EnableIT_CPT2                     0x0800e235   Thumb Code    58  n32h47x_48x_shrtim_1.o(.text)
    SHRTIM_DisableIT_CPT2                    0x0800e271   Thumb Code    58  n32h47x_48x_shrtim_1.o(.text)
    SHRTIM_IsEnabledIT_CPT2                  0x0800e2ad   Thumb Code    56  n32h47x_48x_shrtim_1.o(.text)
    SHRTIM_EnableIT_SET1                     0x0800e2e5   Thumb Code    58  n32h47x_48x_shrtim_1.o(.text)
    SHRTIM_DisableIT_SET1                    0x0800e321   Thumb Code    58  n32h47x_48x_shrtim_1.o(.text)
    SHRTIM_IsEnabledIT_SET1                  0x0800e35d   Thumb Code    56  n32h47x_48x_shrtim_1.o(.text)
    SHRTIM_EnableIT_RST1                     0x0800e395   Thumb Code    58  n32h47x_48x_shrtim_1.o(.text)
    SHRTIM_DisableIT_RST1                    0x0800e3d1   Thumb Code    58  n32h47x_48x_shrtim_1.o(.text)
    SHRTIM_IsEnabledIT_RST1                  0x0800e40d   Thumb Code    56  n32h47x_48x_shrtim_1.o(.text)
    SHRTIM_EnableIT_SET2                     0x0800e445   Thumb Code    58  n32h47x_48x_shrtim_1.o(.text)
    SHRTIM_DisableIT_SET2                    0x0800e481   Thumb Code    58  n32h47x_48x_shrtim_1.o(.text)
    SHRTIM_IsEnabledIT_SET2                  0x0800e4bd   Thumb Code    56  n32h47x_48x_shrtim_1.o(.text)
    SHRTIM_EnableIT_RST2                     0x0800e4f5   Thumb Code    58  n32h47x_48x_shrtim_1.o(.text)
    SHRTIM_DisableIT_RST2                    0x0800e531   Thumb Code    58  n32h47x_48x_shrtim_1.o(.text)
    SHRTIM_IsEnabledIT_RST2                  0x0800e56d   Thumb Code    56  n32h47x_48x_shrtim_1.o(.text)
    SHRTIM_EnableIT_RST                      0x0800e5a5   Thumb Code    58  n32h47x_48x_shrtim_1.o(.text)
    SHRTIM_DisableIT_RST                     0x0800e5e1   Thumb Code    58  n32h47x_48x_shrtim_1.o(.text)
    SHRTIM_IsEnabledIT_RST                   0x0800e61d   Thumb Code    56  n32h47x_48x_shrtim_1.o(.text)
    SHRTIM_EnableIT_DP                       0x0800e655   Thumb Code    58  n32h47x_48x_shrtim_1.o(.text)
    SHRTIM_DisableIT_DP                      0x0800e691   Thumb Code    58  n32h47x_48x_shrtim_1.o(.text)
    SHRTIM_IsEnabledIT_DP                    0x0800e6cd   Thumb Code    56  n32h47x_48x_shrtim_1.o(.text)
    SHRTIM_EnableDMAReq_SYNC                 0x0800e705   Thumb Code    18  n32h47x_48x_shrtim_1.o(.text)
    SHRTIM_DisableDMAReq_SYNC                0x0800e719   Thumb Code    18  n32h47x_48x_shrtim_1.o(.text)
    SHRTIM_IsEnabledDMAReq_SYNC              0x0800e72d   Thumb Code    16  n32h47x_48x_shrtim_1.o(.text)
    SHRTIM_EnableDMAReq_UPDATE               0x0800e73d   Thumb Code    58  n32h47x_48x_shrtim_1.o(.text)
    SHRTIM_DisableDMAReq_UPDATE              0x0800e779   Thumb Code    58  n32h47x_48x_shrtim_1.o(.text)
    SHRTIM_IsEnabledDMAReq_UPDATE            0x0800e7b5   Thumb Code    56  n32h47x_48x_shrtim_1.o(.text)
    SHRTIM_EnableDMAReq_REP                  0x0800e7ed   Thumb Code    58  n32h47x_48x_shrtim_1.o(.text)
    SHRTIM_DisableDMAReq_REP                 0x0800e829   Thumb Code    58  n32h47x_48x_shrtim_1.o(.text)
    SHRTIM_IsEnabledDMAReq_REP               0x0800e865   Thumb Code    56  n32h47x_48x_shrtim_1.o(.text)
    SHRTIM_EnableDMAReq_CMP1                 0x0800e89d   Thumb Code    58  n32h47x_48x_shrtim_1.o(.text)
    SHRTIM_DisableDMAReq_CMP1                0x0800e8d9   Thumb Code    58  n32h47x_48x_shrtim_1.o(.text)
    SHRTIM_IsEnabledDMAReq_CMP1              0x0800e915   Thumb Code    56  n32h47x_48x_shrtim_1.o(.text)
    SHRTIM_EnableDMAReq_CMP2                 0x0800e94d   Thumb Code    58  n32h47x_48x_shrtim_1.o(.text)
    SHRTIM_DisableDMAReq_CMP2                0x0800e989   Thumb Code    58  n32h47x_48x_shrtim_1.o(.text)
    SHRTIM_IsEnabledDMAReq_CMP2              0x0800e9c5   Thumb Code    56  n32h47x_48x_shrtim_1.o(.text)
    SHRTIM_EnableDMAReq_CMP3                 0x0800e9fd   Thumb Code    58  n32h47x_48x_shrtim_1.o(.text)
    SHRTIM_DisableDMAReq_CMP3                0x0800ea39   Thumb Code    58  n32h47x_48x_shrtim_1.o(.text)
    SHRTIM_IsEnabledDMAReq_CMP3              0x0800ea75   Thumb Code    56  n32h47x_48x_shrtim_1.o(.text)
    SHRTIM_EnableDMAReq_CMP4                 0x0800eaad   Thumb Code    58  n32h47x_48x_shrtim_1.o(.text)
    SHRTIM_DisableDMAReq_CMP4                0x0800eae9   Thumb Code    58  n32h47x_48x_shrtim_1.o(.text)
    SHRTIM_IsEnabledDMAReq_CMP4              0x0800eb25   Thumb Code    56  n32h47x_48x_shrtim_1.o(.text)
    SHRTIM_EnableDMAReq_CPT1                 0x0800eb5d   Thumb Code    58  n32h47x_48x_shrtim_1.o(.text)
    SHRTIM_DisableDMAReq_CPT1                0x0800eb99   Thumb Code    58  n32h47x_48x_shrtim_1.o(.text)
    SHRTIM_IsEnabledDMAReq_CPT1              0x0800ebd5   Thumb Code    56  n32h47x_48x_shrtim_1.o(.text)
    SHRTIM_EnableDMAReq_CPT2                 0x0800ec0d   Thumb Code    58  n32h47x_48x_shrtim_1.o(.text)
    SHRTIM_DisableDMAReq_CPT2                0x0800ec49   Thumb Code    58  n32h47x_48x_shrtim_1.o(.text)
    SHRTIM_IsEnabledDMAReq_CPT2              0x0800ec85   Thumb Code    56  n32h47x_48x_shrtim_1.o(.text)
    SHRTIM_EnableDMAReq_SET1                 0x0800ecbd   Thumb Code    58  n32h47x_48x_shrtim_1.o(.text)
    SHRTIM_DisableDMAReq_SET1                0x0800ecf9   Thumb Code    58  n32h47x_48x_shrtim_1.o(.text)
    SHRTIM_IsEnabledDMAReq_SET1              0x0800ed35   Thumb Code    56  n32h47x_48x_shrtim_1.o(.text)
    SHRTIM_EnableDMAReq_RST1                 0x0800ed6d   Thumb Code    58  n32h47x_48x_shrtim_1.o(.text)
    SHRTIM_DisableDMAReq_RST1                0x0800eda9   Thumb Code    58  n32h47x_48x_shrtim_1.o(.text)
    SHRTIM_IsEnabledDMAReq_RST1              0x0800ede5   Thumb Code    56  n32h47x_48x_shrtim_1.o(.text)
    SHRTIM_EnableDMAReq_SET2                 0x0800ee1d   Thumb Code    58  n32h47x_48x_shrtim_1.o(.text)
    SHRTIM_DisableDMAReq_SET2                0x0800ee59   Thumb Code    58  n32h47x_48x_shrtim_1.o(.text)
    SHRTIM_IsEnabledDMAReq_SET2              0x0800ee95   Thumb Code    56  n32h47x_48x_shrtim_1.o(.text)
    SHRTIM_EnableDMAReq_RST2                 0x0800eecd   Thumb Code    58  n32h47x_48x_shrtim_1.o(.text)
    SHRTIM_DisableDMAReq_RST2                0x0800ef09   Thumb Code    58  n32h47x_48x_shrtim_1.o(.text)
    SHRTIM_IsEnabledDMAReq_RST2              0x0800ef45   Thumb Code    56  n32h47x_48x_shrtim_1.o(.text)
    SHRTIM_EnableDMAReq_RST                  0x0800ef7d   Thumb Code    58  n32h47x_48x_shrtim_1.o(.text)
    SHRTIM_DisableDMAReq_RST                 0x0800efb9   Thumb Code    58  n32h47x_48x_shrtim_1.o(.text)
    SHRTIM_IsEnabledDMAReq_RST               0x0800eff5   Thumb Code    56  n32h47x_48x_shrtim_1.o(.text)
    SHRTIM_EnableDMAReq_DP                   0x0800f02d   Thumb Code    58  n32h47x_48x_shrtim_1.o(.text)
    SHRTIM_DisableDMAReq_DP                  0x0800f069   Thumb Code    58  n32h47x_48x_shrtim_1.o(.text)
    SHRTIM_IsEnabledDMAReq_DP                0x0800f0a5   Thumb Code    56  n32h47x_48x_shrtim_1.o(.text)
    SHRTIM_DisableDebugHaltAllTimers         0x0800f0dd   Thumb Code    18  n32h47x_48x_shrtim_1.o(.text)
    SHRTIM_EnableDebugHaltAllTimers          0x0800f0f1   Thumb Code    18  n32h47x_48x_shrtim_1.o(.text)
    SHRTIM_IsEnabledDebugHaltAllTimers       0x0800f105   Thumb Code    20  n32h47x_48x_shrtim_1.o(.text)
    SHRTIM_EnableDebugHaltTimer              0x0800f119   Thumb Code    30  n32h47x_48x_shrtim_1.o(.text)
    SHRTIM_DisableDebugHaltTimer             0x0800f139   Thumb Code    26  n32h47x_48x_shrtim_1.o(.text)
    SHRTIM_IsEnabledDebugHaltTimer           0x0800f155   Thumb Code    30  n32h47x_48x_shrtim_1.o(.text)
    PWR_DeInit                               0x0800f175   Thumb Code    10  n32h47x_48x_pwr_1.o(.text)
    PWR_BackupAccessEnable                   0x0800f181   Thumb Code    22  n32h47x_48x_pwr_1.o(.text)
    PWR_PvdEnable                            0x0800f199   Thumb Code    22  n32h47x_48x_pwr_1.o(.text)
    PWR_PVDLevelConfig                       0x0800f1b1   Thumb Code    36  n32h47x_48x_pwr_1.o(.text)
    PWR_PVDSourceConfig                      0x0800f1d5   Thumb Code    48  n32h47x_48x_pwr_1.o(.text)
    PWR_PVDINPinSelect                       0x0800f205   Thumb Code    52  n32h47x_48x_pwr_1.o(.text)
    PWR_WakeUpPinEnable                      0x0800f239   Thumb Code    54  n32h47x_48x_pwr_1.o(.text)
    PWR_WakeUpPinPolarity                    0x0800f271   Thumb Code    54  n32h47x_48x_pwr_1.o(.text)
    PWR_WakeUpPeriphEnable                   0x0800f2a9   Thumb Code    54  n32h47x_48x_pwr_1.o(.text)
    PWR_EnterSLEEPMode                       0x0800f2e1   Thumb Code    98  n32h47x_48x_pwr_1.o(.text)
    PWR_EnterSTOPMode                        0x0800f345   Thumb Code    94  n32h47x_48x_pwr_1.o(.text)
    PWR_EnterSTANDBYMode                     0x0800f3a5   Thumb Code    52  n32h47x_48x_pwr_1.o(.text)
    PWR_GetFlagStatus                        0x0800f3d9   Thumb Code    44  n32h47x_48x_pwr_1.o(.text)
    PWR_ClearFlag                            0x0800f405   Thumb Code    20  n32h47x_48x_pwr_1.o(.text)
    PWR_ConfigBKROutput                      0x0800f419   Thumb Code    50  n32h47x_48x_pwr_1.o(.text)
    PWR_EnableIWDGReset                      0x0800f44d   Thumb Code    52  n32h47x_48x_pwr_1.o(.text)
    PWR_EnableBKPSRAMRetainInStandbyMode     0x0800f481   Thumb Code    52  n32h47x_48x_pwr_1.o(.text)
    PWR_EnableBKPSRAMRetainInVbatMode        0x0800f4b5   Thumb Code    52  n32h47x_48x_pwr_1.o(.text)
    PWR_EnableLSENoiseMitigation             0x0800f4e9   Thumb Code    52  n32h47x_48x_pwr_1.o(.text)
    PWR_EnableLSECSSCrystalInt               0x0800f51d   Thumb Code    52  n32h47x_48x_pwr_1.o(.text)
    PWR_ConfigLSECSSBypassHighLimit          0x0800f551   Thumb Code    50  n32h47x_48x_pwr_1.o(.text)
    PWR_EnableLSECSSRTCsourceSwitch          0x0800f585   Thumb Code    52  n32h47x_48x_pwr_1.o(.text)
    PWR_GetLSECSSFlagStatus                  0x0800f5b9   Thumb Code    90  n32h47x_48x_pwr_1.o(.text)
    PWR_ClearLSECSSFlag                      0x0800f615   Thumb Code    16  n32h47x_48x_pwr_1.o(.text)
    PWR_ConfigLco                            0x0800f625   Thumb Code    50  n32h47x_48x_pwr_1.o(.text)
    PWR_EnableLCO                            0x0800f659   Thumb Code    52  n32h47x_48x_pwr_1.o(.text)
    PWR_ConfigNRSTMode                       0x0800f68d   Thumb Code    38  n32h47x_48x_pwr_1.o(.text)
    PWR_ConfigNRSTDigitalFilterWidth         0x0800f6b5   Thumb Code    42  n32h47x_48x_pwr_1.o(.text)
    PWR_EnableNRSTDigitalFilter              0x0800f6e1   Thumb Code    52  n32h47x_48x_pwr_1.o(.text)
    PWR_EnableNRSTAnalogFilter               0x0800f715   Thumb Code    52  n32h47x_48x_pwr_1.o(.text)
    TIM_DeInit                               0x0800f749   Thumb Code   424  n32h47x_48x_tim.o(.text)
    TIM_InitTimeBase                         0x0800f8f1   Thumb Code  2152  n32h47x_48x_tim.o(.text)
    TIM_InitOc1                              0x08010159   Thumb Code   296  n32h47x_48x_tim.o(.text)
    TIM_InitOc2                              0x08010281   Thumb Code   416  n32h47x_48x_tim.o(.text)
    TIM_InitOc3                              0x08010421   Thumb Code   330  n32h47x_48x_tim.o(.text)
    TIM_InitOc4                              0x0801056d   Thumb Code   416  n32h47x_48x_tim.o(.text)
    TIM_InitOc5                              0x0801070d   Thumb Code   134  n32h47x_48x_tim.o(.text)
    TIM_InitOc6                              0x08010795   Thumb Code   136  n32h47x_48x_tim.o(.text)
    TIM_ICInit                               0x0801081d   Thumb Code   162  n32h47x_48x_tim.o(.text)
    ConfigTI1                                0x080108c1   Thumb Code   300  n32h47x_48x_tim.o(.text)
    TIM_SetInCap1Prescaler                   0x080109ed   Thumb Code    30  n32h47x_48x_tim.o(.text)
    ConfigTI2                                0x08010a0d   Thumb Code   312  n32h47x_48x_tim.o(.text)
    TIM_SetInCap2Prescaler                   0x08010b45   Thumb Code    32  n32h47x_48x_tim.o(.text)
    ConfigTI3                                0x08010b65   Thumb Code   306  n32h47x_48x_tim.o(.text)
    TIM_SetInCap3Prescaler                   0x08010c99   Thumb Code    30  n32h47x_48x_tim.o(.text)
    ConfigTI4                                0x08010cb9   Thumb Code   334  n32h47x_48x_tim.o(.text)
    TIM_SetInCap4Prescaler                   0x08010e09   Thumb Code    32  n32h47x_48x_tim.o(.text)
    TIM_ConfigPwmIc                          0x08010e29   Thumb Code   162  n32h47x_48x_tim.o(.text)
    TIM_ConfigBkdt                           0x08010ecd   Thumb Code   268  n32h47x_48x_tim.o(.text)
    TIM_BreakFiltConfig                      0x08010fd9   Thumb Code    64  n32h47x_48x_tim.o(.text)
    TIM_Break2FiltConfig                     0x08011019   Thumb Code    68  n32h47x_48x_tim.o(.text)
    TIM_BreakFiltEnable                      0x0801105d   Thumb Code    44  n32h47x_48x_tim.o(.text)
    TIM_Break2FiltEnable                     0x08011089   Thumb Code    52  n32h47x_48x_tim.o(.text)
    TIM_BreakInputSourceEnable               0x080110bd   Thumb Code   256  n32h47x_48x_tim.o(.text)
    TIM_Break2InputSourceEnable              0x080111bd   Thumb Code   124  n32h47x_48x_tim.o(.text)
    TIM_BidirectionDisarm                    0x08011239   Thumb Code    18  n32h47x_48x_tim.o(.text)
    TIM_BidirectionRearm                     0x0801124d   Thumb Code    18  n32h47x_48x_tim.o(.text)
    TIM_Bidirection2Disarm                   0x08011261   Thumb Code    18  n32h47x_48x_tim.o(.text)
    TIM_Bidirection2Rearm                    0x08011275   Thumb Code    18  n32h47x_48x_tim.o(.text)
    TIM_InitTimBaseStruct                    0x08011289   Thumb Code    54  n32h47x_48x_tim.o(.text)
    TIM_InitOcStruct                         0x080112c1   Thumb Code    42  n32h47x_48x_tim.o(.text)
    TIM_InitIcStruct                         0x080112ed   Thumb Code    32  n32h47x_48x_tim.o(.text)
    TIM_InitBkdtStruct                       0x0801130d   Thumb Code    54  n32h47x_48x_tim.o(.text)
    TIM_Enable                               0x08011345   Thumb Code    44  n32h47x_48x_tim.o(.text)
    TIM_EnableCtrlPwmOutputs                 0x08011371   Thumb Code    44  n32h47x_48x_tim.o(.text)
    TIM_ConfigInt                            0x0801139d   Thumb Code    46  n32h47x_48x_tim.o(.text)
    TIM_GenerateEvent                        0x080113cd   Thumb Code    16  n32h47x_48x_tim.o(.text)
    TIM_ConfigDma                            0x080113dd   Thumb Code    24  n32h47x_48x_tim.o(.text)
    TIM_EnableDma                            0x080113f5   Thumb Code    46  n32h47x_48x_tim.o(.text)
    TIM_ConfigInternalClk                    0x08011425   Thumb Code    18  n32h47x_48x_tim.o(.text)
    TIM_ConfigInternalTrigToExt              0x08011439   Thumb Code    30  n32h47x_48x_tim.o(.text)
    TIM_SelectInputTrig                      0x08011459   Thumb Code   218  n32h47x_48x_tim.o(.text)
    TIM_ConfigExtTrigAsClk                   0x08011535   Thumb Code    70  n32h47x_48x_tim.o(.text)
    TIM_ConfigExtClkMode1                    0x0801157d   Thumb Code    84  n32h47x_48x_tim.o(.text)
    TIM_SelectETRInputSource                 0x080115d1   Thumb Code    38  n32h47x_48x_tim.o(.text)
    TIM_ConfigExtTrig                        0x080115f9   Thumb Code    52  n32h47x_48x_tim.o(.text)
    TIM_ConfigExtClkMode2                    0x0801162d   Thumb Code    50  n32h47x_48x_tim.o(.text)
    TIM_ConfigPrescaler                      0x08011661   Thumb Code    24  n32h47x_48x_tim.o(.text)
    TIM_ConfigCntMode                        0x08011679   Thumb Code    38  n32h47x_48x_tim.o(.text)
    TIM_ConfigEncoderInterface               0x080116a1   Thumb Code   108  n32h47x_48x_tim.o(.text)
    TIM_ConfigForcedOc1                      0x0801170d   Thumb Code    38  n32h47x_48x_tim.o(.text)
    TIM_ConfigForcedOc2                      0x08011735   Thumb Code    40  n32h47x_48x_tim.o(.text)
    TIM_ConfigForcedOc3                      0x0801175d   Thumb Code    38  n32h47x_48x_tim.o(.text)
    TIM_ConfigForcedOc4                      0x08011785   Thumb Code    40  n32h47x_48x_tim.o(.text)
    TIM_ConfigForcedOc5                      0x080117ad   Thumb Code    38  n32h47x_48x_tim.o(.text)
    TIM_ConfigForcedOc6                      0x080117d5   Thumb Code    40  n32h47x_48x_tim.o(.text)
    TIM_ConfigArPreload                      0x080117fd   Thumb Code    44  n32h47x_48x_tim.o(.text)
    TIM_SelectComEvt                         0x08011829   Thumb Code    44  n32h47x_48x_tim.o(.text)
    TIM_SelectCapCmpDmaSrc                   0x08011855   Thumb Code    44  n32h47x_48x_tim.o(.text)
    TIM_EnableCapCmpPreloadControl           0x08011881   Thumb Code    44  n32h47x_48x_tim.o(.text)
    TIM_ConfigOc1Preload                     0x080118ad   Thumb Code    38  n32h47x_48x_tim.o(.text)
    TIM_ConfigOc2Preload                     0x080118d5   Thumb Code    40  n32h47x_48x_tim.o(.text)
    TIM_ConfigOc3Preload                     0x080118fd   Thumb Code    38  n32h47x_48x_tim.o(.text)
    TIM_ConfigOc4Preload                     0x08011925   Thumb Code    40  n32h47x_48x_tim.o(.text)
    TIM_ConfigOc5Preload                     0x0801194d   Thumb Code    38  n32h47x_48x_tim.o(.text)
    TIM_ConfigOc6Preload                     0x08011975   Thumb Code    40  n32h47x_48x_tim.o(.text)
    TIM_ConfigOc7Preload                     0x0801199d   Thumb Code    40  n32h47x_48x_tim.o(.text)
    TIM_ConfigOc8Preload                     0x080119c5   Thumb Code    40  n32h47x_48x_tim.o(.text)
    TIM_ConfigOc9Preload                     0x080119ed   Thumb Code    40  n32h47x_48x_tim.o(.text)
    TIM_ConfigOc1Fast                        0x08011a15   Thumb Code    38  n32h47x_48x_tim.o(.text)
    TIM_ConfigOc2Fast                        0x08011a3d   Thumb Code    40  n32h47x_48x_tim.o(.text)
    TIM_ConfigOc3Fast                        0x08011a65   Thumb Code    38  n32h47x_48x_tim.o(.text)
    TIM_ConfigOc4Fast                        0x08011a8d   Thumb Code    40  n32h47x_48x_tim.o(.text)
    TIM_ConfigOc5Fast                        0x08011ab5   Thumb Code    38  n32h47x_48x_tim.o(.text)
    TIM_ConfigOc6Fast                        0x08011add   Thumb Code    40  n32h47x_48x_tim.o(.text)
    TIM_ClrOc1Ref                            0x08011b05   Thumb Code    38  n32h47x_48x_tim.o(.text)
    TIM_ClrOc2Ref                            0x08011b2d   Thumb Code    40  n32h47x_48x_tim.o(.text)
    TIM_ClrOc3Ref                            0x08011b55   Thumb Code    38  n32h47x_48x_tim.o(.text)
    TIM_ClrOc4Ref                            0x08011b7d   Thumb Code    40  n32h47x_48x_tim.o(.text)
    TIM_ClrOc5Ref                            0x08011ba5   Thumb Code    38  n32h47x_48x_tim.o(.text)
    TIM_ClrOc6Ref                            0x08011bcd   Thumb Code    40  n32h47x_48x_tim.o(.text)
    TIM_ClrOcRefInputSource                  0x08011bf5   Thumb Code    98  n32h47x_48x_tim.o(.text)
    TIM_ConfigOc1Polarity                    0x08011c59   Thumb Code    38  n32h47x_48x_tim.o(.text)
    TIM_ConfigOc1NPolarity                   0x08011c81   Thumb Code    38  n32h47x_48x_tim.o(.text)
    TIM_ConfigOc2Polarity                    0x08011ca9   Thumb Code    40  n32h47x_48x_tim.o(.text)
    TIM_ConfigOc2NPolarity                   0x08011cd1   Thumb Code    40  n32h47x_48x_tim.o(.text)
    TIM_ConfigOc3Polarity                    0x08011cf9   Thumb Code    40  n32h47x_48x_tim.o(.text)
    TIM_ConfigOc3NPolarity                   0x08011d21   Thumb Code    40  n32h47x_48x_tim.o(.text)
    TIM_ConfigOc4Polarity                    0x08011d49   Thumb Code    40  n32h47x_48x_tim.o(.text)
    TIM_ConfigOc4NPolarity                   0x08011d71   Thumb Code    40  n32h47x_48x_tim.o(.text)
    TIM_ConfigOc5Polarity                    0x08011d99   Thumb Code    40  n32h47x_48x_tim.o(.text)
    TIM_ConfigOc6Polarity                    0x08011dc1   Thumb Code    40  n32h47x_48x_tim.o(.text)
    TIM_EnableCapCmpCh                       0x08011de9   Thumb Code    46  n32h47x_48x_tim.o(.text)
    TIM_EnableCapCmpChN                      0x08011e19   Thumb Code    46  n32h47x_48x_tim.o(.text)
    TIM_SelectOcMode                         0x08011e49   Thumb Code   150  n32h47x_48x_tim.o(.text)
    TIM_EnableUpdateEvt                      0x08011ee1   Thumb Code    44  n32h47x_48x_tim.o(.text)
    TIM_ConfigUpdateEvt                      0x08011f0d   Thumb Code    44  n32h47x_48x_tim.o(.text)
    TIM_ConfigUpdateRequestIntSrc            0x08011f39   Thumb Code    40  n32h47x_48x_tim.o(.text)
    TIM_SelectHallSensor                     0x08011f61   Thumb Code    44  n32h47x_48x_tim.o(.text)
    TIM_SelectOnePulseMode                   0x08011f8d   Thumb Code    30  n32h47x_48x_tim.o(.text)
    TIM_SelectOutputTrig                     0x08011fad   Thumb Code    30  n32h47x_48x_tim.o(.text)
    TIM_SelectOutputTrig2                    0x08011fcd   Thumb Code    30  n32h47x_48x_tim.o(.text)
    TIM_SelectSlaveMode                      0x08011fed   Thumb Code    30  n32h47x_48x_tim.o(.text)
    TIM_SelectMasterSlaveMode                0x0801200d   Thumb Code    30  n32h47x_48x_tim.o(.text)
    TIM_SetCnt                               0x0801202d   Thumb Code    16  n32h47x_48x_tim.o(.text)
    TIM_SetAutoReload                        0x0801203d   Thumb Code    16  n32h47x_48x_tim.o(.text)
    TIM_SetCmp1                              0x0801204d   Thumb Code    42  n32h47x_48x_tim.o(.text)
    TIM_SetCmp2                              0x08012079   Thumb Code    42  n32h47x_48x_tim.o(.text)
    TIM_SetCmp3                              0x080120a5   Thumb Code    42  n32h47x_48x_tim.o(.text)
    TIM_SetCmp4                              0x080120d1   Thumb Code    42  n32h47x_48x_tim.o(.text)
    TIM_SetCmp5                              0x080120fd   Thumb Code    20  n32h47x_48x_tim.o(.text)
    TIM_SetCmp6                              0x08012111   Thumb Code    20  n32h47x_48x_tim.o(.text)
    TIM_SetCmp7                              0x08012125   Thumb Code    20  n32h47x_48x_tim.o(.text)
    TIM_SetCmp8                              0x08012139   Thumb Code    20  n32h47x_48x_tim.o(.text)
    TIM_SetCmp9                              0x0801214d   Thumb Code    20  n32h47x_48x_tim.o(.text)
    TIM_SetCmp1D                             0x08012161   Thumb Code    42  n32h47x_48x_tim.o(.text)
    TIM_SetCmp2D                             0x0801218d   Thumb Code    42  n32h47x_48x_tim.o(.text)
    TIM_SetCmp3D                             0x080121b9   Thumb Code    42  n32h47x_48x_tim.o(.text)
    TIM_SetCmp4D                             0x080121e5   Thumb Code    42  n32h47x_48x_tim.o(.text)
    TIM_SetClkDiv                            0x08012211   Thumb Code    30  n32h47x_48x_tim.o(.text)
    TIM_GetCap1                              0x08012231   Thumb Code    14  n32h47x_48x_tim.o(.text)
    TIM_GetCap2                              0x08012241   Thumb Code    14  n32h47x_48x_tim.o(.text)
    TIM_GetCap3                              0x08012251   Thumb Code    14  n32h47x_48x_tim.o(.text)
    TIM_GetCap4                              0x08012261   Thumb Code    14  n32h47x_48x_tim.o(.text)
    TIM_GetCap5                              0x08012271   Thumb Code    14  n32h47x_48x_tim.o(.text)
    TIM_GetCap6                              0x08012281   Thumb Code    14  n32h47x_48x_tim.o(.text)
    TIM_GetCap7                              0x08012291   Thumb Code    14  n32h47x_48x_tim.o(.text)
    TIM_GetCap8                              0x080122a1   Thumb Code    14  n32h47x_48x_tim.o(.text)
    TIM_GetCap9                              0x080122b1   Thumb Code    14  n32h47x_48x_tim.o(.text)
    TIM_GetCap1D                             0x080122c1   Thumb Code    14  n32h47x_48x_tim.o(.text)
    TIM_GetCap2D                             0x080122d1   Thumb Code    14  n32h47x_48x_tim.o(.text)
    TIM_GetCap3D                             0x080122e1   Thumb Code    14  n32h47x_48x_tim.o(.text)
    TIM_GetCap4D                             0x080122f1   Thumb Code    14  n32h47x_48x_tim.o(.text)
    TIM_GetCnt                               0x08012301   Thumb Code    12  n32h47x_48x_tim.o(.text)
    TIM_GetPrescaler                         0x0801230d   Thumb Code    14  n32h47x_48x_tim.o(.text)
    TIM_GetAutoReload                        0x0801231d   Thumb Code    12  n32h47x_48x_tim.o(.text)
    TIM_GetCCENStatus                        0x08012329   Thumb Code    42  n32h47x_48x_tim.o(.text)
    TIM_GetFlagStatus                        0x08012355   Thumb Code    42  n32h47x_48x_tim.o(.text)
    TIM_ClearFlag                            0x08012381   Thumb Code    18  n32h47x_48x_tim.o(.text)
    TIM_GetIntStatus                         0x08012395   Thumb Code   444  n32h47x_48x_tim.o(.text)
    TIM_ClrIntPendingBit                     0x08012551   Thumb Code   324  n32h47x_48x_tim.o(.text)
    TIM_SelectCenterAlignTrig                0x08012695   Thumb Code    38  n32h47x_48x_tim.o(.text)
    TIM_AsymmetricEnable                     0x080126bd   Thumb Code    44  n32h47x_48x_tim.o(.text)
    TIM_OCxRefTriggerADC                     0x080126e9   Thumb Code    46  n32h47x_48x_tim.o(.text)
    TIM_IC1FiltConfig                        0x08012719   Thumb Code   226  n32h47x_48x_tim.o(.text)
    TIM_IC2FiltConfig                        0x080127fd   Thumb Code   226  n32h47x_48x_tim.o(.text)
    TIM_IC3FiltConfig                        0x080128e1   Thumb Code   226  n32h47x_48x_tim.o(.text)
    TIM_IC4FiltConfig                        0x080129c5   Thumb Code   226  n32h47x_48x_tim.o(.text)
    TIM_IC1FiltEnable                        0x08012aa9   Thumb Code    44  n32h47x_48x_tim.o(.text)
    TIM_IC2FiltEnable                        0x08012ad5   Thumb Code    44  n32h47x_48x_tim.o(.text)
    TIM_IC3FiltEnable                        0x08012b01   Thumb Code    44  n32h47x_48x_tim.o(.text)
    TIM_IC4FiltEnable                        0x08012b2d   Thumb Code    44  n32h47x_48x_tim.o(.text)
    TIM_GetFiltStatus                        0x08012b59   Thumb Code    42  n32h47x_48x_tim.o(.text)
    __aeabi_uldivmod                         0x08012b83   Thumb Code    98  uldiv.o(.text)
    __aeabi_memcpy                           0x08012be5   Thumb Code    36  memcpya.o(.text)
    __aeabi_memcpy4                          0x08012be5   Thumb Code     0  memcpya.o(.text)
    __aeabi_memcpy8                          0x08012be5   Thumb Code     0  memcpya.o(.text)
    __aeabi_memset                           0x08012c09   Thumb Code    14  memseta.o(.text)
    __aeabi_memset4                          0x08012c09   Thumb Code     0  memseta.o(.text)
    __aeabi_memset8                          0x08012c09   Thumb Code     0  memseta.o(.text)
    __aeabi_memclr                           0x08012c17   Thumb Code     4  memseta.o(.text)
    __aeabi_memclr4                          0x08012c17   Thumb Code     0  memseta.o(.text)
    __aeabi_memclr8                          0x08012c17   Thumb Code     0  memseta.o(.text)
    _memset$wrapper                          0x08012c1b   Thumb Code    18  memseta.o(.text)
    __aeabi_ui2d                             0x08012c2d   Thumb Code    26  dfltui.o(.text)
    __aeabi_ul2d                             0x08012c47   Thumb Code    24  dfltul.o(.text)
    __aeabi_d2uiz                            0x08012c5f   Thumb Code    50  dfixui.o(.text)
    __aeabi_llsl                             0x08012c91   Thumb Code    30  llshl.o(.text)
    _ll_shift_l                              0x08012c91   Thumb Code     0  llshl.o(.text)
    __aeabi_llsr                             0x08012caf   Thumb Code    32  llushr.o(.text)
    _ll_ushift_r                             0x08012caf   Thumb Code     0  llushr.o(.text)
    __I$use$fp                               0x08012ccf   Thumb Code     0  iusefp.o(.text)
    _double_round                            0x08012ccf   Thumb Code    30  depilogue.o(.text)
    _double_epilogue                         0x08012ced   Thumb Code   156  depilogue.o(.text)
    __aeabi_dadd                             0x08012d89   Thumb Code   322  dadd.o(.text)
    __aeabi_dsub                             0x08012ecb   Thumb Code     6  dadd.o(.text)
    __aeabi_drsub                            0x08012ed1   Thumb Code     6  dadd.o(.text)
    __aeabi_cdrcmple                         0x08012ed9   Thumb Code    48  cdrcmple.o(.text)
    __scatterload                            0x08012f09   Thumb Code    38  init.o(.text)
    __scatterload_rt2                        0x08012f09   Thumb Code     0  init.o(.text)
    __aeabi_lasr                             0x08012f39   Thumb Code    36  llsshr.o(.text)
    _ll_sshift_r                             0x08012f39   Thumb Code     0  llsshr.o(.text)
    __hardfp_floor                           0x08012f61   Thumb Code   252  floor.o(i.__hardfp_floor)
    __scatterload_copy                       0x08013079   Thumb Code    14  handlers.o(i.__scatterload_copy)
    __scatterload_null                       0x08013087   Thumb Code     2  handlers.o(i.__scatterload_null)
    __scatterload_zeroinit                   0x08013089   Thumb Code    14  handlers.o(i.__scatterload_zeroinit)
    free                                     0x08013099   Thumb Code    76  malloc.o(i.free)
    malloc                                   0x080130e9   Thumb Code    92  malloc.o(i.malloc)
    dict_m1                                  0x0801350c   Data          36  user_main.o(.rodata.dict_m1)
    mem_regions                              0x08013530   Data          12  user_main.o(.rodata.mem_regions)
    Region$$Table$$Base                      0x08013e38   Number         0  anon$$obj.o(Region$$Table)
    Region$$Table$$Limit                     0x08013e58   Number         0  anon$$obj.o(Region$$Table)
    __microlib_freelist                      0x20000000   Data           4  mvars.o(.data)
    __microlib_freelist_initialised          0x20000004   Data           4  mvars.o(.data)
    SystemCoreClock                          0x20000008   Data           4  system_n32h47x_48x.o(.data.SystemCoreClock)
    tasks                                    0x2000000c   Data          84  user_main.o(.data.tasks)
    DSPC2000_SystemTick                      0x20000060   Data           4  n32_csp_adapter.o(.bss.DSPC2000_SystemTick)
    dl                                       0x20000064   Data         864  user_main.o(.bss.dl)
    kd                                       0x200003c4   Data           4  user_main.o(.bss.kd)
    ki                                       0x200003c8   Data           4  user_main.o(.bss.ki)
    kp                                       0x200003cc   Data           4  user_main.o(.bss.kp)
    mem_persp_server                         0x200003d0   Data          16  user_main.o(.bss.mem_persp_server)
    mwTick                                   0x200003e0   Data           4  n32h47x_48x_cfg.o(.bss.mwTick)
    pil                                      0x200003e4   Data         204  user_main.o(.bss.pil)
    ram_range                                0x200004b0   Data        2048  user_main.o(.bss.ram_range)
    sched                                    0x20000cb0   Data          84  user_main.o(.bss.sched)
    tunable                                  0x20000d04   Data          16  user_main.o(.bss.tunable)
    __heap_base                              0x20000d18   Data           0  startup_n32h47x_48x.o(HEAP)
    __heap_limit                             0x20000f18   Data           0  startup_n32h47x_48x.o(HEAP)
    __initial_sp                             0x20001118   Data           0  startup_n32h47x_48x.o(STACK)



==============================================================================

Memory Map of the image

  Image Entry point : 0x08000219

  Load Region LR_IROM1 (Base: 0x08000000, Size: 0x00013eb8, Max: 0x00080000, ABSOLUTE)

    Execution Region ER_IROM1 (Exec base: 0x08000000, Load base: 0x08000000, Size: 0x00013e58, Max: 0x00080000, ABSOLUTE)

    Exec Addr    Load Addr    Size         Type   Attr      Idx    E Section Name        Object

    0x08000000   0x08000000   0x00000218   Data   RO            3    RESET               startup_n32h47x_48x.o
    0x08000218   0x08000218   0x00000000   Code   RO         1051  * .ARM.Collect$$$$00000000  mc_w.l(entry.o)
    0x08000218   0x08000218   0x00000004   Code   RO         1131    .ARM.Collect$$$$00000001  mc_w.l(entry2.o)
    0x0800021c   0x0800021c   0x00000004   Code   RO         1134    .ARM.Collect$$$$00000004  mc_w.l(entry5.o)
    0x08000220   0x08000220   0x00000000   Code   RO         1136    .ARM.Collect$$$$00000008  mc_w.l(entry7b.o)
    0x08000220   0x08000220   0x00000000   Code   RO         1138    .ARM.Collect$$$$0000000A  mc_w.l(entry8b.o)
    0x08000220   0x08000220   0x00000008   Code   RO         1139    .ARM.Collect$$$$0000000B  mc_w.l(entry9a.o)
    0x08000228   0x08000228   0x00000000   Code   RO         1141    .ARM.Collect$$$$0000000D  mc_w.l(entry10a.o)
    0x08000228   0x08000228   0x00000000   Code   RO         1143    .ARM.Collect$$$$0000000F  mc_w.l(entry11a.o)
    0x08000228   0x08000228   0x00000004   Code   RO         1132    .ARM.Collect$$$$00002712  mc_w.l(entry2.o)
    0x0800022c   0x0800022c   0x00000024   Code   RO            4    .text               startup_n32h47x_48x.o
    0x08000250   0x08000250   0x000004b6   Code   RO           10    .text               system_n32h47x_48x.o
    0x08000706   0x08000706   0x00000002   PAD
    0x08000708   0x08000708   0x0000009c   Code   RO           20    .text               main.o
    0x080007a4   0x080007a4   0x0000006e   Code   RO           28    .text               n32h47x_48x_it.o
    0x08000812   0x08000812   0x00000002   PAD
    0x08000814   0x08000814   0x00000eec   Code   RO           35    .text               n32h47x_48x_cfg.o
    0x08001700   0x08001700   0x00000026   Code   RO           43    .text               ctl_main.o
    0x08001726   0x08001726   0x00000002   PAD
    0x08001728   0x08001728   0x000001ac   Code   RO           50    .text               user_main.o
    0x080018d4   0x080018d4   0x0000006e   Code   RO           74    .text               crc16.o
    0x08001942   0x08001942   0x00000002   PAD
    0x08001944   0x08001944   0x00000a9c   Code   RO          760    .text               gmp_datalink.o
    0x080023e0   0x080023e0   0x0000042e   Code   RO          774    .text               gmp_mem_presp.o
    0x0800280e   0x0800280e   0x00000002   PAD
    0x08002810   0x08002810   0x000003b8   Code   RO          788    .text               gmp_pil_core.o
    0x08002bc8   0x08002bc8   0x000001e8   Code   RO          795    .text               gmp_process_mgr.o
    0x08002db0   0x08002db0   0x00000206   Code   RO          813    .text               gmp_std_port.o
    0x08002fb6   0x08002fb6   0x00000002   PAD
    0x08002fb8   0x08002fb8   0x00000366   Code   RO          821    .text               gmp_tunable.o
    0x0800331e   0x0800331e   0x00000002   PAD
    0x08003320   0x08003320   0x00000052   Code   RO          828    .text               n32_csp_adapter.o
    0x08003372   0x08003372   0x00000002   PAD
    0x08003374   0x08003374   0x0000001e   Code   RO          837    .text               xplt.peripheral.o
    0x08003392   0x08003392   0x00000002   PAD
    0x08003394   0x08003394   0x000011f8   Code   RO          844    .text               n32h47x_48x_flash_1.o
    0x0800458c   0x0800458c   0x0000184c   Code   RO          851    .text               n32h47x_48x_rcc_1.o
    0x08005dd8   0x08005dd8   0x00000158   Code   RO          859    .text               misc_1.o
    0x08005f30   0x08005f30   0x00000c6c   Code   RO          873    .text               n32h47x_48x_gpio_1.o
    0x08006b9c   0x08006b9c   0x00000988   Code   RO          880    .text               n32h47x_48x_usart_1.o
    0x08007524   0x08007524   0x00000b86   Code   RO          904    .text               n32h47x_48x_dac_1.o
    0x080080aa   0x080080aa   0x00000002   PAD
    0x080080ac   0x080080ac   0x00001200   Code   RO          918    .text               n32h47x_48x_adc_1.o
    0x080092ac   0x080092ac   0x000001a4   Code   RO          932    .text               n32h47x_48x_crc_1.o
    0x08009450   0x08009450   0x00005d22   Code   RO          946    .text               n32h47x_48x_shrtim_1.o
    0x0800f172   0x0800f172   0x00000002   PAD
    0x0800f174   0x0800f174   0x000005d4   Code   RO          983    .text               n32h47x_48x_pwr_1.o
    0x0800f748   0x0800f748   0x0000343a   Code   RO          990    .text               n32h47x_48x_tim.o
    0x08012b82   0x08012b82   0x00000062   Code   RO         1054    .text               mc_w.l(uldiv.o)
    0x08012be4   0x08012be4   0x00000024   Code   RO         1058    .text               mc_w.l(memcpya.o)
    0x08012c08   0x08012c08   0x00000024   Code   RO         1060    .text               mc_w.l(memseta.o)
    0x08012c2c   0x08012c2c   0x0000001a   Code   RO         1104    .text               mf_w.l(dfltui.o)
    0x08012c46   0x08012c46   0x00000018   Code   RO         1106    .text               mf_w.l(dfltul.o)
    0x08012c5e   0x08012c5e   0x00000032   Code   RO         1108    .text               mf_w.l(dfixui.o)
    0x08012c90   0x08012c90   0x0000001e   Code   RO         1145    .text               mc_w.l(llshl.o)
    0x08012cae   0x08012cae   0x00000020   Code   RO         1147    .text               mc_w.l(llushr.o)
    0x08012cce   0x08012cce   0x00000000   Code   RO         1158    .text               mc_w.l(iusefp.o)
    0x08012cce   0x08012cce   0x000000ba   Code   RO         1161    .text               mf_w.l(depilogue.o)
    0x08012d88   0x08012d88   0x0000014e   Code   RO         1163    .text               mf_w.l(dadd.o)
    0x08012ed6   0x08012ed6   0x00000002   PAD
    0x08012ed8   0x08012ed8   0x00000030   Code   RO         1165    .text               mf_w.l(cdrcmple.o)
    0x08012f08   0x08012f08   0x00000030   Code   RO         1169    .text               mc_w.l(init.o)
    0x08012f38   0x08012f38   0x00000024   Code   RO         1171    .text               mc_w.l(llsshr.o)
    0x08012f5c   0x08012f5c   0x00000004   PAD
    0x08012f60   0x08012f60   0x00000118   Code   RO         1016    i.__hardfp_floor    m_wm.l(floor.o)
    0x08013078   0x08013078   0x0000000e   Code   RO         1177    i.__scatterload_copy  mc_w.l(handlers.o)
    0x08013086   0x08013086   0x00000002   Code   RO         1178    i.__scatterload_null  mc_w.l(handlers.o)
    0x08013088   0x08013088   0x0000000e   Code   RO         1179    i.__scatterload_zeroinit  mc_w.l(handlers.o)
    0x08013096   0x08013096   0x00000002   PAD
    0x08013098   0x08013098   0x00000050   Code   RO         1072    i.free              mc_w.l(malloc.o)
    0x080130e8   0x080130e8   0x0000006c   Code   RO         1073    i.malloc            mc_w.l(malloc.o)
    0x08013154   0x08013154   0x00000038   Data   RO          952    .rodata.REG_MASK_TAB_ADTGSRC  n32h47x_48x_shrtim_1.o
    0x0801318c   0x0801318c   0x00000028   Data   RO          950    .rodata.REG_MASK_TAB_ADTGUPD  n32h47x_48x_shrtim_1.o
    0x080131b4   0x080131b4   0x00000018   Data   RO          962    .rodata.REG_MASK_TAB_CPT  n32h47x_48x_shrtim_1.o
    0x080131cc   0x080131cc   0x0000001c   Data   RO          957    .rodata.REG_MASK_TAB_ILV  n32h47x_48x_shrtim_1.o
    0x080131e8   0x080131e8   0x0000001c   Data   RO          960    .rodata.REG_MASK_TAB_UPDATEGATING  n32h47x_48x_shrtim_1.o
    0x08013204   0x08013204   0x00000020   Data   RO          958    .rodata.REG_MASK_TAB_UPDATETRIG  n32h47x_48x_shrtim_1.o
    0x08013224   0x08013224   0x0000000a   Data   RO          954    .rodata.REG_OFFSET_TAB_ADCPSx  n32h47x_48x_shrtim_1.o
    0x0801322e   0x0801322e   0x0000000e   Data   RO          949    .rodata.REG_OFFSET_TAB_ADTGSRC  n32h47x_48x_shrtim_1.o
    0x0801323c   0x0801323c   0x0000000a   Data   RO          948    .rodata.REG_OFFSET_TAB_ADTGUPD  n32h47x_48x_shrtim_1.o
    0x08013246   0x08013246   0x0000000a   Data   RO          965    .rodata.REG_OFFSET_TAB_EXEVCTRL  n32h47x_48x_shrtim_1.o
    0x08013250   0x08013250   0x00000006   Data   RO          976    .rodata.REG_OFFSET_TAB_FALTIN  n32h47x_48x_shrtim_1.o
    0x08013256   0x08013256   0x0000000e   Data   RO          955    .rodata.REG_OFFSET_TAB_TIMER  n32h47x_48x_shrtim_1.o
    0x08013264   0x08013264   0x00000018   Data   RO          968    .rodata.REG_OFFSET_TAB_TxOUT  n32h47x_48x_shrtim_1.o
    0x0801327c   0x0801327c   0x00000018   Data   RO          967    .rodata.REG_OFFSET_TAB_TxSET  n32h47x_48x_shrtim_1.o
    0x08013294   0x08013294   0x0000000e   Data   RO          953    .rodata.REG_SHIFT_TAB_ADTGSRC  n32h47x_48x_shrtim_1.o
    0x080132a2   0x080132a2   0x0000000a   Data   RO          951    .rodata.REG_SHIFT_TAB_ADTGUPD  n32h47x_48x_shrtim_1.o
    0x080132ac   0x080132ac   0x00000006   Data   RO          963    .rodata.REG_SHIFT_TAB_CPT  n32h47x_48x_shrtim_1.o
    0x080132b2   0x080132b2   0x0000000a   Data   RO          966    .rodata.REG_SHIFT_TAB_EXEVx  n32h47x_48x_shrtim_1.o
    0x080132bc   0x080132bc   0x0000000a   Data   RO          972    .rodata.REG_SHIFT_TAB_EXEVxCSEL  n32h47x_48x_shrtim_1.o
    0x080132c6   0x080132c6   0x00000006   Data   RO          974    .rodata.REG_SHIFT_TAB_FALTx  n32h47x_48x_shrtim_1.o
    0x080132cc   0x080132cc   0x00000006   Data   RO          975    .rodata.REG_SHIFT_TAB_FALTxCSEL  n32h47x_48x_shrtim_1.o
    0x080132d2   0x080132d2   0x00000006   Data   RO          977    .rodata.REG_SHIFT_TAB_FALTxE  n32h47x_48x_shrtim_1.o
    0x080132d8   0x080132d8   0x00000006   Data   RO          973    .rodata.REG_SHIFT_TAB_FALTxF  n32h47x_48x_shrtim_1.o
    0x080132de   0x080132de   0x00000007   Data   RO          956    .rodata.REG_SHIFT_TAB_ILV  n32h47x_48x_shrtim_1.o
    0x080132e5   0x080132e5   0x0000000c   Data   RO          970    .rodata.REG_SHIFT_TAB_OxSTS  n32h47x_48x_shrtim_1.o
    0x080132f1   0x080132f1   0x0000000c   Data   RO          969    .rodata.REG_SHIFT_TAB_TxOUT  n32h47x_48x_shrtim_1.o
    0x080132fd   0x080132fd   0x00000007   Data   RO          961    .rodata.REG_SHIFT_TAB_UPDATEGATING  n32h47x_48x_shrtim_1.o
    0x08013304   0x08013304   0x00000007   Data   RO          959    .rodata.REG_SHIFT_TAB_UPDATETRIG  n32h47x_48x_shrtim_1.o
    0x0801330b   0x0801330b   0x00000001   PAD
    0x0801330c   0x0801330c   0x00000200   Data   RO           76    .rodata.crc16_ccitt_table  crc16.o
    0x0801350c   0x0801350c   0x00000024   Data   RO           55    .rodata.dict_m1     user_main.o
    0x08013530   0x08013530   0x0000000c   Data   RO           58    .rodata.mem_regions  user_main.o
    0x0801353c   0x0801353c   0x0000001c   Data   RO           65    .rodata.str1.1      user_main.o
    0x08013558   0x08013558   0x00000016   Data   RO          797    .rodata.str1.1      gmp_process_mgr.o
    0x0801356e   0x0801356e   0x000008c7   Data   RO          815    .rodata.str1.1      gmp_std_port.o
    0x08013e35   0x08013e35   0x00000003   PAD
    0x08013e38   0x08013e38   0x00000020   Data   RO         1176    Region$$Table       anon$$obj.o


    Execution Region RW_IRAM1 (Exec base: 0x20000000, Load base: 0x08013e58, Size: 0x00001118, Max: 0x00030000, ABSOLUTE)

    Exec Addr    Load Addr    Size         Type   Attr      Idx    E Section Name        Object

    0x20000000   0x08013e58   0x00000004   Data   RW         1149    .data               mc_w.l(mvars.o)
    0x20000004   0x08013e5c   0x00000004   Data   RW         1150    .data               mc_w.l(mvars.o)
    0x20000008   0x08013e60   0x00000004   Data   RW           12    .data.SystemCoreClock  system_n32h47x_48x.o
    0x2000000c   0x08013e64   0x00000054   Data   RW           66    .data.tasks         user_main.o
    0x20000060        -       0x00000004   Zero   RW          830    .bss.DSPC2000_SystemTick  n32_csp_adapter.o
    0x20000064        -       0x00000360   Zero   RW           60    .bss.dl             user_main.o
    0x200003c4        -       0x00000004   Zero   RW           54    .bss.kd             user_main.o
    0x200003c8        -       0x00000004   Zero   RW           53    .bss.ki             user_main.o
    0x200003cc        -       0x00000004   Zero   RW           52    .bss.kp             user_main.o
    0x200003d0        -       0x00000010   Zero   RW           63    .bss.mem_persp_server  user_main.o
    0x200003e0        -       0x00000004   Zero   RW           37    .bss.mwTick         n32h47x_48x_cfg.o
    0x200003e4        -       0x000000cc   Zero   RW           61    .bss.pil            user_main.o
    0x200004b0        -       0x00000800   Zero   RW           57    .bss.ram_range      user_main.o
    0x20000cb0        -       0x00000054   Zero   RW           67    .bss.sched          user_main.o
    0x20000d04        -       0x00000010   Zero   RW           62    .bss.tunable        user_main.o
    0x20000d14   0x08013eb8   0x00000004   PAD
    0x20000d18        -       0x00000200   Zero   RW            2    HEAP                startup_n32h47x_48x.o
    0x20000f18        -       0x00000200   Zero   RW            1    STACK               startup_n32h47x_48x.o


==============================================================================

Image component sizes


      Code (inc. data)   RO Data    RW Data    ZI Data      Debug   Object Name

       110          0        512          0          0       1242   crc16.o
        38          0          0          0          0       1451   ctl_main.o
      2716          4          0          0          0       7984   gmp_datalink.o
      1070          0          0          0          0       4808   gmp_mem_presp.o
       952          4          0          0          0       4964   gmp_pil_core.o
       488          0         22          0          0       2857   gmp_process_mgr.o
       518          0       2247          0          0       2285   gmp_std_port.o
       870          0          0          0          0       4495   gmp_tunable.o
       156          0          0          0          0        912   main.o
       344          0          0          0          0       2943   misc_1.o
        82          0          0          0          4       1856   n32_csp_adapter.o
      4608          0          0          0          0      16431   n32h47x_48x_adc_1.o
      3820          0          0          0          4      15608   n32h47x_48x_cfg.o
       420          0          0          0          0       2703   n32h47x_48x_crc_1.o
      2950          0          0          0          0       8177   n32h47x_48x_dac_1.o
      4600          0          0          0          0      11598   n32h47x_48x_flash_1.o
      3180          0          0          0          0       9057   n32h47x_48x_gpio_1.o
       110          0          0          0          0       2120   n32h47x_48x_it.o
      1492          0          0          0          0       6845   n32h47x_48x_pwr_1.o
      6220          6          0          0          0      15270   n32h47x_48x_rcc_1.o
     23842          0        439          0          0      74037   n32h47x_48x_shrtim_1.o
     13370          0          0          0          0      28977   n32h47x_48x_tim.o
      2440          0          0          0          0       8315   n32h47x_48x_usart_1.o
        36          8        536          0       1024        900   startup_n32h47x_48x.o
      1206          0          0          4          0       5251   system_n32h47x_48x.o
       428          0         76         84       3244       5553   user_main.o
        30          0          0          0          0        714   xplt.peripheral.o

    ----------------------------------------------------------------------
     76118         22       3868         88       4280     247353   Object Totals
         0          0         32          0          0          0   (incl. Generated)
        22          0          4          0          4          0   (incl. Padding)

    ----------------------------------------------------------------------

      Code (inc. data)   RO Data    RW Data    ZI Data      Debug   Library Member Name

       280         28          0          0          0        156   floor.o
         0          0          0          0          0          0   entry.o
         0          0          0          0          0          0   entry10a.o
         0          0          0          0          0          0   entry11a.o
         8          4          0          0          0          0   entry2.o
         4          0          0          0          0          0   entry5.o
         0          0          0          0          0          0   entry7b.o
         0          0          0          0          0          0   entry8b.o
         8          4          0          0          0          0   entry9a.o
        30          0          0          0          0          0   handlers.o
        48         10          0          0          0         68   init.o
         0          0          0          0          0          0   iusefp.o
        30          0          0          0          0         68   llshl.o
        36          0          0          0          0         68   llsshr.o
        32          0          0          0          0         68   llushr.o
       188         20          0          0          0        160   malloc.o
        36          0          0          0          0         68   memcpya.o
        36          0          0          0          0        108   memseta.o
         0          0          0          8          0          0   mvars.o
        98          0          0          0          0         92   uldiv.o
        48          0          0          0          0         68   cdrcmple.o
       334          0          0          0          0        148   dadd.o
       186          0          0          0          0        176   depilogue.o
        50          0          0          0          0         76   dfixui.o
        26          0          0          0          0         76   dfltui.o
        24          0          0          0          0         76   dfltul.o

    ----------------------------------------------------------------------
      1510         66          0          8          0       1476   Library Totals
         8          0          0          0          0          0   (incl. Padding)

    ----------------------------------------------------------------------

      Code (inc. data)   RO Data    RW Data    ZI Data      Debug   Library Name

       280         28          0          0          0        156   m_wm.l
       554         38          0          8          0        700   mc_w.l
       668          0          0          0          0        620   mf_w.l

    ----------------------------------------------------------------------
      1510         66          0          8          0       1476   Library Totals

    ----------------------------------------------------------------------

==============================================================================


      Code (inc. data)   RO Data    RW Data    ZI Data      Debug   

     77628         88       3868         96       4280     247857   Grand Totals
     77628         88       3868         96       4280     247857   ELF Image Totals
     77628         88       3868         96          0          0   ROM Totals

==============================================================================

    Total RO  Size (Code + RO Data)                81496 (  79.59kB)
    Total RW  Size (RW Data + ZI Data)              4376 (   4.27kB)
    Total ROM Size (Code + RO Data + RW Data)      81592 (  79.68kB)

==============================================================================

